07-26 11:31:02.247   803   803 E audit   : type=1300 audit(1753509662.243:411600): arch=c00000b7 syscall=222 success=yes exit=526358962176 a0=7a8d706000 a1=3950 a2=5 a3=12 items=0 ppid=825 pid=25366 auid=4294967295 uid=10301 gid=10301 euid=10301 suid=10301 fsuid=10301 egid=10301 sgid=10301 fsgid=10301 tty=(none) ses=4294967295 comm="AppInit1" exe="/system/bin/app_process64" subj=u:r:untrusted_app:s0:c45,c257,c512,c768 key=(null)
07-26 11:31:02.247   803   803 E audit   : type=1327 audit(1753509662.243:411600): proctitle="com.instagram.android"
07-26 11:31:02.410 25366 25460 E MDCLLight: Fallback load dex failed for org.slf4j.impl.StaticLoggerBinder
07-26 11:31:02.485 25366 25366 E SlowAppComponent: 0ms: InstagramAppShell instantiating
07-26 11:31:02.485 25366 25366 E SlowAppComponent: 312ms: ClipsDraftProvider instantiating
07-26 11:31:02.485 25366 25366 E SlowAppComponent: 315ms: SecureFileProvider instantiating
07-26 11:31:02.485 25366 25366 E SlowAppComponent: 357ms: AsyncFamilyAppsUserValuesProvider instantiating
07-26 11:31:02.485 25366 25366 E SlowAppComponent: 357ms: AsyncInstagramPhoneIdProvider instantiating
07-26 11:31:02.485 25366 25366 E SlowAppComponent: 357ms: FileProvider instantiating
07-26 11:31:02.485 25366 25366 E SlowAppComponent: 358ms: FoaBackupTokenProvider instantiating
07-26 11:31:02.485 25366 25366 E SlowAppComponent: 359ms: ThreadsContentProvider instantiating
07-26 11:31:02.485 25366 25366 E SlowAppComponent: 360ms: DeferredCurrentUserProvider instantiating
07-26 11:31:02.485 25366 25366 E SlowAppComponent: 360ms: InstallReferrerProvider instantiating
07-26 11:31:02.486 25366 25366 E SlowAppComponent: 361ms: IgLoggedInUsersContentProvider instantiating
07-26 11:31:02.486 25366 25366 E SlowAppComponent: 362ms: FirstPartyUserValuesLiteProviderV2 instantiating
07-26 11:31:02.486 25366 25366 E SlowAppComponent: 363ms: AndroidXAppInitializer instantiating
07-26 11:31:02.486 25366 25366 E SlowAppComponent: 424ms: UsdidValuesProvider instantiating
07-26 11:31:02.486 25366 25366 E SlowAppComponent: 1877ms: InstagramPhoneIdRequestReceiver instantiating
07-26 11:31:02.486 25366 25366 E SlowAppComponent: 1956ms: KeepWarmReceiver instantiating
07-26 11:31:02.486 25366 25366 E SlowAppComponent: Main thread was blocked for 1961ms in the background starting with InstagramAppShell
07-26 11:31:02.494 25366 25366 E MDCLLight: Fallback load dex failed for com.amazon.device.messaging.ADM
07-26 11:31:07.182 25366 25421 E PendingMediaStoreSerializer: deserialize start
07-26 11:31:07.182 25366 25421 E PendingMediaStoreSerializer: start reading pending media
07-26 11:31:07.619 25366 25421 E PendingMediaStoreSerializer: finish reading pending media
07-26 11:31:07.620 25366 25421 E PendingMediaStoreSerializer: Set the submedia on albums
07-26 11:31:07.620 25366 25421 E PendingMediaStoreSerializer: Set the submedia on post threads
07-26 11:31:07.620 25366 25421 E PendingMediaStoreSerializer: Set the submedia on story templates
07-26 11:31:07.620 25366 25421 E PendingMediaStoreSerializer: deserialize is done. start calling callbacks
07-26 11:31:07.620 25366 25421 E PendingMediaStoreSerializer: deserialize end
07-26 11:31:07.621 25366 25366 E PendingMediaStoreSerializer: wait for deserialization lock
07-26 11:31:07.622 25366 25366 E PendingMediaStoreSerializer: calling callbacks
07-26 11:31:08.110   803   803 E audit   : type=1400 audit(1753509668.107:411601): avc:  granted  { execute } for  pid=25366 comm="SWPool3_t1of1" path="/data/data/com.instagram.android/lib-compressed/libmdcorejnisploader.so" dev="dm-46" ino=1239850 scontext=u:r:untrusted_app:s0:c45,c257,c512,c768 tcontext=u:object_r:app_data_file:s0:c45,c257,c512,c768 tclass=file SEPF_SM-A225F_12_0001 audit_filtered
07-26 11:31:08.110   803   803 E audit   : type=1300 audit(1753509668.107:411601): arch=c00000b7 syscall=222 success=yes exit=529704964096 a0=7b54e05000 a1=2aa0 a2=5 a3=12 items=0 ppid=825 pid=25366 auid=4294967295 uid=10301 gid=10301 euid=10301 suid=10301 fsuid=10301 egid=10301 sgid=10301 fsgid=10301 tty=(none) ses=4294967295 comm="SWPool3_t1of1" exe="/system/bin/app_process64" subj=u:r:untrusted_app:s0:c45,c257,c512,c768 key=(null)
07-26 11:31:08.110   803   803 E audit   : type=1327 audit(1753509668.107:411601): proctitle="com.instagram.android"
07-26 11:31:08.115   803   803 E audit   : type=1400 audit(1753509668.111:411602): avc:  granted  { execute } for  pid=25366 comm="SWPool3_t1of1" path="/data/data/com.instagram.android/lib-compressed/libbreakpad-fatal-java-exception-description-handler-jni.so" dev="dm-46" ino=1251610 scontext=u:r:untrusted_app:s0:c45,c257,c512,c768 tcontext=u:object_r:app_data_file:s0:c45,c257,c512,c768 tclass=file SEPF_SM-A225F_12_0001 audit_filtered
07-26 11:31:08.115   803   803 E audit   : type=1300 audit(1753509668.111:411602): arch=c00000b7 syscall=222 success=yes exit=529704787968 a0=7b54dda000 a1=d10 a2=5 a3=12 items=0 ppid=825 pid=25366 auid=4294967295 uid=10301 gid=10301 euid=10301 suid=10301 fsuid=10301 egid=10301 sgid=10301 fsgid=10301 tty=(none) ses=4294967295 comm="SWPool3_t1of1" exe="/system/bin/app_process64" subj=u:r:untrusted_app:s0:c45,c257,c512,c768 key=(null)
07-26 11:31:08.196 25366 25626 E msys    : E[N mns]_OnDiskCacheGetData(542)=>Start post callback cache refresh DNS resolution
07-26 11:31:08.287 25366 25626 E msys    : E[N mns]_OnSystemDNSSuccessCallback(314)=>Cache refresh succeeded with system DNS resolver. IP count: 1
07-26 11:31:08.733 25366 25618 E FbnsAIDLClientManager: Max Try reached for binding to FbnsAIDLService, threadId 7448
07-26 11:31:08.734 25366 25618 E FbnsAIDLClientManager: Fbns AIDL request got RemoteException
07-26 11:31:08.734 25366 25618 E FbnsAIDLClientManager: android.os.RemoteException: AIDLService is not bound
07-26 11:31:08.734 25366 25618 E FbnsAIDLClientManager:        at X.Bbs.call(:2684)
07-26 11:31:08.734 25366 25618 E FbnsAIDLClientManager:        at java.util.concurrent.FutureTask.run(FutureTask.java:264)
07-26 11:31:08.734 25366 25618 E FbnsAIDLClientManager:        at java.util.concurrent.ThreadPoolExecutor.runWorker(ThreadPoolExecutor.java:1137)
07-26 11:31:08.734 25366 25618 E FbnsAIDLClientManager:        at java.util.concurrent.ThreadPoolExecutor$Worker.run(ThreadPoolExecutor.java:637)
07-26 11:31:08.734 25366 25618 E FbnsAIDLClientManager:        at java.lang.Thread.run(Thread.java:1012)
07-26 11:31:08.736 25366 25627 E FbnsAIDLClientManager: Max Try reached for binding to FbnsAIDLService, threadId 7450
07-26 11:31:08.736 25366 25627 E FbnsAIDLClientManager: Fbns AIDL request got RemoteException
07-26 11:31:08.736 25366 25627 E FbnsAIDLClientManager: android.os.RemoteException: AIDLService is not bound
07-26 11:31:08.736 25366 25627 E FbnsAIDLClientManager:        at X.Bbs.call(:2684)
07-26 11:31:08.736 25366 25627 E FbnsAIDLClientManager:        at java.util.concurrent.FutureTask.run(FutureTask.java:264)
07-26 11:31:08.736 25366 25627 E FbnsAIDLClientManager:        at java.util.concurrent.ThreadPoolExecutor.runWorker(ThreadPoolExecutor.java:1137)
07-26 11:31:08.736 25366 25627 E FbnsAIDLClientManager:        at java.util.concurrent.ThreadPoolExecutor$Worker.run(ThreadPoolExecutor.java:637)
07-26 11:31:08.736 25366 25627 E FbnsAIDLClientManager:        at java.lang.Thread.run(Thread.java:1012)
07-26 11:31:09.039 25366 25518 E msys    : E[N mns]_OnDiskCacheGetData(542)=>Start post callback cache refresh DNS resolution
07-26 11:31:09.202 25366 25518 E msys    : E[N mns]_OnSystemDNSSuccessCallback(314)=>Cache refresh succeeded with system DNS resolver. IP count: 1
07-26 11:31:09.314 25366 25668 E IdleQueuePayloadBasedServiceLayer: Request empty, but still some servings left: 40960
07-26 11:31:09.407 25366 25663 E IdleQueuePayloadBasedServiceLayer: Request empty, but still some servings left: -40960
07-26 11:31:09.415 25366 25518 E msys    : E[N mns]_OnDiskCacheGetData(542)=>Start post callback cache refresh DNS resolution
07-26 11:31:09.436 25366 25636 E IgFunctionalErrorEvent: DIRECT_IRIS_MESSAGE_SYNC
07-26 11:31:09.438 25366 25636 E IgFunctionalErrorEvent: java.lang.RuntimeException: Unexpected seqId overlap
07-26 11:31:09.438 25366 25636 E IgFunctionalErrorEvent:       at X.0ET.A00(:156)
07-26 11:31:09.438 25366 25636 E IgFunctionalErrorEvent:       at X.6yc.A01(:73)
07-26 11:31:09.438 25366 25636 E IgFunctionalErrorEvent:       at X.0BP.handleMessage(:378)
07-26 11:31:09.438 25366 25636 E IgFunctionalErrorEvent:       at android.os.Handler.dispatchMessage(Handler.java:106)
07-26 11:31:09.438 25366 25636 E IgFunctionalErrorEvent:       at android.os.Looper.loopOnce(Looper.java:226)
07-26 11:31:09.438 25366 25636 E IgFunctionalErrorEvent:       at android.os.Looper.loop(Looper.java:313)
07-26 11:31:09.438 25366 25636 E IgFunctionalErrorEvent:       at android.os.HandlerThread.run(HandlerThread.java:67)
07-26 11:31:09.440 25366 25636 E IgFunctionalErrorEvent:        logview_group_by = error_message
07-26 11:31:09.440 25366 25636 E IgFunctionalErrorEvent:        error_message = Unexpected seqId overlap
07-26 11:31:09.440 25366 25636 E IgFunctionalErrorEvent:        min.seq_id.delta = 0
07-26 11:31:09.534 25366 25421 E ActionQueryTaskListener: 0 onTaskStart BACKGROUND modules: [s_executorch_pytorch(*),pytorch]
07-26 11:31:09.555 25366 25518 E msys    : E[N mns]_OnSystemDNSSuccessCallback(314)=>Cache refresh succeeded with system DNS resolver. IP count: 1
07-26 11:31:10.108 25366 25663 E MDCLLight: Fallback load dex failed for org.apache.http.entity.InputStreamEntity
07-26 11:31:10.220 25366 25680 E CacheRefresher: No settings to fetch from server
07-26 11:31:10.241 25366 25680 E ActionQueryTaskListener: 0 onLoadBatchStart BACKGROUND modules: [s_executorch_pytorch(*),pytorch]
07-26 11:31:10.265 25366 25680 E ActionQueryTaskListener: 0 onLoadBatchComplete exception: null BACKGROUND modules: [s_executorch_pytorch(*),pytorch]
07-26 11:31:10.597   838   838 E android.hardware.health@2.1-service-samsung: Could not open /sys/class/power_supply/battery/lrp
07-26 11:31:10.647 25366 25680 E ActionQueryTaskListener: 0 onTaskComplete [true,false,] BACKGROUND modules: [s_executorch_pytorch(*),pytorch]
07-26 11:31:10.669   803   803 E audit   : type=1400 audit(1753509670.667:411603): avc:  granted  { execute } for  pid=25366 comm="SWPool3_t1of1" path="/data/data/com.instagram.android/lib-compressed/libpapayamerged.so" dev="dm-46" ino=3488636 scontext=u:r:untrusted_app:s0:c45,c257,c512,c768 tcontext=u:object_r:app_data_file:s0:c45,c257,c512,c768 tclass=file SEPF_SM-A225F_12_0001 audit_filtered
07-26 11:31:10.669   803   803 E audit   : type=1300 audit(1753509670.667:411603): arch=c00000b7 syscall=222 success=yes exit=525259485184 a0=7a4be7b000 a1=160eb0 a2=5 a3=12 items=0 ppid=825 pid=25366 auid=4294967295 uid=10301 gid=10301 euid=10301 suid=10301 fsuid=10301 egid=10301 sgid=10301 fsgid=10301 tty=(none) ses=4294967295 comm="SWPool3_t1of1" exe="/system/bin/app_process64" subj=u:r:untrusted_app:s0:c45,c257,c512,c768 key=(null)
07-26 11:31:10.669   803   803 E audit   : type=1327 audit(1753509670.667:411603): proctitle="com.instagram.android"
07-26 11:31:10.678   803   803 E audit   : type=1400 audit(1753509670.675:411604): avc:  granted  { execute } for  pid=25366 comm="SWPool3_t1of1" path="/data/data/com.instagram.android/lib-compressed/libaudiostreamprocessor.so" dev="dm-46" ino=1199453 scontext=u:r:untrusted_app:s0:c45,c257,c512,c768 tcontext=u:object_r:app_data_file:s0:c45,c257,c512,c768 tclass=file SEPF_SM-A225F_12_0001 audit_filtered
07-26 11:31:10.836 25366 25421 E ActionQueryTaskListener: 1 onTaskStart BACKGROUND modules: [executorch,s_executorch_pytorch(*)]
07-26 11:31:10.841 25366 25680 E ActionQueryTaskListener: 1 onLoadBatchStart BACKGROUND modules: [executorch,s_executorch_pytorch(*)]
07-26 11:31:10.999 25366 25680 E ActionQueryTaskListener: 1 onLoadBatchComplete exception: null BACKGROUND modules: [executorch,s_executorch_pytorch(*)]
07-26 11:31:11.597 25366 25686 E ActionQueryTaskListener: 1 onTaskComplete [true,false,] BACKGROUND modules: [executorch,s_executorch_pytorch(*)]
07-26 11:31:11.927   803   803 E audit   : type=1400 audit(1753509671.923:411633): avc:  denied  { write } for  pid=10472 comm="ThreadPoolForeg" name="traced_producer" dev="tmpfs" ino=17050 scontext=u:r:gmscore_app:s0:c512,c768 tcontext=u:object_r:traced_producer_socket:s0 tclass=sock_file permissive=0 SEPF_SM-A225F_12_0001 audit_filtered
07-26 11:31:11.927   803   803 E audit   : type=1300 audit(1753509671.923:411633): arch=c00000b7 syscall=203 success=no exit=-13 a0=72 a1=b400007b58acb9a0 a2=1e a3=ffffffff9795ae73 items=0 ppid=825 pid=10472 auid=4294967295 uid=10211 gid=10211 euid=10211 suid=10211fsuid=10211 egid=10211 sgid=10211 fsgid=10211 tty=(none) ses=4294967295 comm="ThreadPoolForeg" exe="/system/bin/app_process64" subj=u:r:gmscore_app:s0:c512,c768 key=(null)
07-26 11:31:11.927   803   803 E audit   : type=1327 audit(1753509671.923:411633): proctitle="com.google.android.gms.persistent"
07-26 11:31:12.660  1406  1431 E Watchdog: !@Sync: 57015 heap: 182 / 182 FD: 1261 [2025-07-26 11:31:12.659]
07-26 11:31:16.990 25366 25518 E msys    : E[N mns]_OnDiskCacheGetData(542)=>Start post callback cache refresh DNS resolution
07-26 11:31:17.107 25366 25518 E msys    : E[N mns]_OnSystemDNSSuccessCallback(314)=>Cache refresh succeeded with system DNS resolver. IP count: 1
07-26 11:31:17.169   803   803 E audit   : type=1400 audit(1753509677.167:411634): avc:  denied  { write } for  pid=14932 comm="ThreadPoolForeg" name="traced_producer" dev="tmpfs" ino=17050 scontext=u:r:gmscore_app:s0:c512,c768 tcontext=u:object_r:traced_producer_socket:s0 tclass=sock_file permissive=0 SEPF_SM-A225F_12_0001 audit_filtered
07-26 11:31:17.169   803   803 E audit   : type=1300 audit(1753509677.167:411634): arch=c00000b7 syscall=203 success=no exit=-13 a0=11e a1=b400007b58ccc960 a2=1e a3=ffffffff9795ae73 items=0 ppid=825 pid=14932 auid=4294967295 uid=10211 gid=10211 euid=10211 suid=10211 fsuid=10211 egid=10211 sgid=10211 fsgid=10211 tty=(none) ses=4294967295 comm="ThreadPoolForeg" exe="/system/bin/app_process64" subj=u:r:gmscore_app:s0:c512,c768 key=(null)
07-26 11:31:17.169   803   803 E audit   : type=1327 audit(1753509677.167:411634): proctitle="com.google.android.gms"
07-26 11:31:39.532  1406  1451 E AppOps  : evalMode() Foreground Record OP returned IGNORE, uid - 10306, capability - 8
07-26 11:31:39.533  1406  1451 E AppOps  : evalMode() Foreground Camera OP returned IGNORE, uid - 10306, capability - 8
07-26 11:31:39.533  1406  1451 E AppOps  : evalMode() Foreground Location OP returned IGNORE, uid - 10306, capability - 8
07-26 11:31:40.618   838   838 E android.hardware.health@2.1-service-samsung: Could not open /sys/class/power_supply/battery/lrp
07-26 11:31:41.432   803   803 E audit   : type=1400 audit(1753509701.427:411635): avc:  denied  { search } for  pid=8841 comm=4D65646961446F776E6C6F61642023 name="ppm" dev="proc" ino=4026531935 scontext=u:r:untrusted_app:s0:c50,c257,c512,c768 tcontext=u:object_r:proc_ppm:s0 tclass=dir permissive=0 SEPF_SM-A225F_12_0001 audit_filtered
07-26 11:31:41.432   803   803 E audit   : type=1300 audit(1753509701.427:411635): arch=c00000b7 syscall=56 success=no exit=-13 a0=ffffff9c a1=7bf50678ad a2=0 a3=0 items=0 ppid=825 pid=8841 auid=4294967295 uid=10306 gid=10306 euid=10306 suid=10306 fsuid=10306 egid=10306 sgid=10306 fsgid=10306 tty=(none) ses=4294967295 comm=4D65646961446F776E6C6F61642023 exe="/system/bin/app_process64" subj=u:r:untrusted_app:s0:c50,c257,c512,c768 key=(null)
07-26 11:31:41.432   803   803 E audit   : type=1327 audit(1753509701.427:411635): proctitle="com.whatsapp"
07-26 11:31:41.441   803   803 E audit   : type=1400 audit(1753509701.439:411636): avc:  denied  { search } for  pid=8841 comm=4D65646961446F776E6C6F61642023 name="ppm" dev="proc" ino=4026531935 scontext=u:r:untrusted_app:s0:c50,c257,c512,c768 tcontext=u:object_r:proc_ppm:s0 tclass=dir permissive=0 SEPF_SM-A225F_12_0001 audit_filtered
07-26 11:31:41.441   803   803 E audit   : type=1300 audit(1753509701.439:411636): arch=c00000b7 syscall=56 success=no exit=-13 a0=ffffff9c a1=7bf50678ad a2=0 a3=0 items=0 ppid=825 pid=8841 auid=4294967295 uid=10306 gid=10306 euid=10306 suid=10306 fsuid=10306 egid=10306 sgid=10306 fsgid=10306 tty=(none) ses=4294967295 comm=4D65646961446F776E6C6F61642023 exe="/system/bin/app_process64" subj=u:r:untrusted_app:s0:c50,c257,c512,c768 key=(null)
07-26 11:31:41.441   803   803 E audit   : type=1327 audit(1753509701.439:411636): proctitle="com.whatsapp"
07-26 11:31:42.674  1406  1431 E Watchdog: !@Sync: 57016 heap: 173 / 182 FD: 1260 [2025-07-26 11:31:42.672]
07-26 11:31:45.821  1839  3789 E OpenGLRenderer: Device claims wide gamut support, cannot find matching config, error = EGL_SUCCESS
07-26 11:31:47.174   803   803 E audit   : type=1400 audit(1753509707.171:411638): avc:  denied  { write } for  pid=14932 comm="ThreadPoolForeg" name="traced_producer" dev="tmpfs" ino=17050 scontext=u:r:gmscore_app:s0:c512,c768 tcontext=u:object_r:traced_producer_socket:s0 tclass=sock_file permissive=0 SEPF_SM-A225F_12_0001 audit_filtered
07-26 11:31:47.174   803   803 E audit   : type=1300 audit(1753509707.171:411638): arch=c00000b7 syscall=203 success=no exit=-13 a0=11e a1=b400007b58b1d8e0 a2=1e a3=ffffffff9795ae73 items=0 ppid=825 pid=14932 auid=4294967295 uid=10211 gid=10211 euid=10211 suid=10211 fsuid=10211 egid=10211 sgid=10211 fsgid=10211 tty=(none) ses=4294967295 comm="ThreadPoolForeg" exe="/system/bin/app_process64" subj=u:r:gmscore_app:s0:c512,c768 key=(null)
07-26 11:31:47.174   803   803 E audit   : type=1327 audit(1753509707.171:411638): proctitle="com.google.android.gms"
07-26 11:31:52.846  1406  1451 E AppOps  : evalMode() Foreground mode : uid - 10306, op - 27, capability - 8
07-26 11:31:52.847  1406  1451 E AppOps  : evalMode() Foreground mode : uid - 10306, op - 26, capability - 8
07-26 11:31:52.847  1406  1451 E AppOps  : evalMode() Foreground mode : uid - 10306, op - 1, capability - 8
07-26 11:32:07.307 25366 25518 E msys    : E[N mns]_OnDiskCacheGetData(542)=>Start post callback cache refresh DNS resolution
07-26 11:32:07.325 25366 25518 E msys    : E[N mns]_OnSystemDNSSuccessCallback(314)=>Cache refresh succeeded with system DNS resolver. IP count: 1
07-26 11:32:09.987  1406  1451 E AppOps  : evalMode() Foreground mode : uid - 10306, op - 27, capability - 0
07-26 11:32:09.987  1406  1451 E AppOps  : evalMode() Foreground mode : uid - 10306, op - 26, capability - 0
07-26 11:32:09.987  1406  1451 E AppOps  : evalMode() Foreground mode : uid - 10306, op - 1, capability - 0
07-26 11:32:10.646   838   838 E android.hardware.health@2.1-service-samsung: Could not open /sys/class/power_supply/battery/lrp
07-26 11:32:11.963   803   803 E audit   : type=1400 audit(1753509731.959:411643): avc:  denied  { write } for  pid=10472 comm="ThreadPoolForeg" name="traced_producer" dev="tmpfs" ino=17050 scontext=u:r:gmscore_app:s0:c512,c768 tcontext=u:object_r:traced_producer_socket:s0 tclass=sock_file permissive=0 SEPF_SM-A225F_12_0001 audit_filtered
07-26 11:32:11.963   803   803 E audit   : type=1300 audit(1753509731.959:411643): arch=c00000b7 syscall=203 success=no exit=-13 a0=a6 a1=b400007b4e55b840 a2=1e a3=ffffffff9795ae73 items=0 ppid=825 pid=10472 auid=4294967295 uid=10211 gid=10211 euid=10211 suid=10211fsuid=10211 egid=10211 sgid=10211 fsgid=10211 tty=(none) ses=4294967295 comm="ThreadPoolForeg" exe="/system/bin/app_process64" subj=u:r:gmscore_app:s0:c512,c768 key=(null)
07-26 11:32:11.963   803   803 E audit   : type=1327 audit(1753509731.959:411643): proctitle="com.google.android.gms.persistent"
07-26 11:32:12.688  1406  1431 E Watchdog: !@Sync: 57017 heap: 171 / 182 FD: 1308 [2025-07-26 11:32:12.687]
07-26 11:32:17.204   803   803 E audit   : type=1400 audit(1753509737.199:411644): avc:  denied  { write } for  pid=14932 comm="ThreadPoolForeg" name="traced_producer" dev="tmpfs" ino=17050 scontext=u:r:gmscore_app:s0:c512,c768 tcontext=u:object_r:traced_producer_socket:s0 tclass=sock_file permissive=0 SEPF_SM-A225F_12_0001 audit_filtered
07-26 11:32:17.205   803   803 E audit   : type=1300 audit(1753509737.199:411644): arch=c00000b7 syscall=203 success=no exit=-13 a0=128 a1=b400007b58d4dac0 a2=1e a3=ffffffff9795ae73 items=0 ppid=825 pid=14932 auid=4294967295 uid=10211 gid=10211 euid=10211 suid=10211 fsuid=10211 egid=10211 sgid=10211 fsgid=10211 tty=(none) ses=4294967295 comm="ThreadPoolForeg" exe="/system/bin/app_process64" subj=u:r:gmscore_app:s0:c512,c768 key=(null)
07-26 11:32:17.205   803   803 E audit   : type=1327 audit(1753509737.199:411644): proctitle="com.google.android.gms"
07-26 11:32:19.046  1406  1451 E AppOps  : evalMode() Foreground mode : uid - 10306, op - 27, capability - 8
07-26 11:32:19.047  1406  1451 E AppOps  : evalMode() Foreground mode : uid - 10306, op - 26, capability - 8
07-26 11:32:19.047  1406  1451 E AppOps  : evalMode() Foreground mode : uid - 10306, op - 1, capability - 8
07-26 11:32:25.302   975 31924 E SEC_DRM_PLUGIN_Omafl: OmaPlugin::onOpenDecryptSession(fd)::Drm2IsDrmFileByExtFd::file is NOT DRM byextension
07-26 11:32:25.405  1839  3789 E OpenGLRenderer: Device claims wide gamut support, cannot find matching config, error = EGL_SUCCESS
07-26 11:32:25.560   854   875 E mtkpower@impl: [setMode] unknown type
07-26 11:32:26.926   854   875 E mtkpower@impl: [setMode] unknown type
07-26 11:32:29.642   854   875 E mtkpower@impl: [setMode] unknown type
07-26 11:32:30.162   908   954 E HWComposer: getSupportedContentTypes: getSupportedContentTypes failed for display 0: Unsupported (8)
07-26 11:32:30.511   854   875 E mtkpower@impl: [setMode] unknown type
07-26 11:32:36.477 25808 25808 E inkedin.android: Not starting debugger since process cannot load the jdwp agent.
07-26 11:32:36.477 25809 25809 E tworkdiagnostic: Not starting debugger since process cannot load the jdwp agent.
07-26 11:32:36.520 25821 25821 E pp.clockpackage: Not starting debugger since process cannot load the jdwp agent.
07-26 11:32:36.536  1406  4262 E system_server: Unable to access: /sys/kernel/dmabuf/buffers: No such file or directory
07-26 11:32:37.284 25900 25900 E ndroid.calendar: Not starting debugger since process cannot load the jdwp agent.
07-26 11:32:37.460 25808 25808 E FlagshipApplication: [main] FlagshipApplication#onCreate() called for process id 25808
07-26 11:32:37.551 25809 25919 E SensorManager: sensor or listener is null
07-26 11:32:37.962 25962 25962 E viders.calendar: Not starting debugger since process cannot load the jdwp agent.
07-26 11:32:37.975 25963 25963 E id.app.reminder: Not starting debugger since process cannot load the jdwp agent.
07-26 11:32:40.667   838   838 E android.hardware.health@2.1-service-samsung: Could not open /sys/class/power_supply/battery/lrp
07-26 11:32:41.984   803   803 E audit   : type=1400 audit(1753509761.979:411645): avc:  denied  { write } for  pid=10472 comm="ThreadPoolForeg" name="traced_producer" dev="tmpfs" ino=17050 scontext=u:r:gmscore_app:s0:c512,c768 tcontext=u:object_r:traced_producer_socket:s0 tclass=sock_file permissive=0 SEPF_SM-A225F_12_0001 audit_filtered
07-26 11:32:41.985   803   803 E audit   : type=1300 audit(1753509761.979:411645): arch=c00000b7 syscall=203 success=no exit=-13 a0=a6 a1=b400007b58acb980 a2=1e a3=ffffffff9795ae73 items=0 ppid=825 pid=10472 auid=4294967295 uid=10211 gid=10211 euid=10211 suid=10211fsuid=10211 egid=10211 sgid=10211 fsgid=10211 tty=(none) ses=4294967295 comm="ThreadPoolForeg" exe="/system/bin/app_process64" subj=u:r:gmscore_app:s0:c512,c768 key=(null)
07-26 11:32:41.985   803   803 E audit   : type=1327 audit(1753509761.979:411645): proctitle="com.google.android.gms.persistent"
07-26 11:32:42.553 25809 26079 E [ND]BarometerUtilityImpl: RxCachedThreadScheduler-1 | getBarometer - onError: java.util.concurrent.TimeoutException: The source did not signal an event for 5 seconds and has been terminated.
07-26 11:32:42.702  1406  1431 E Watchdog: !@Sync: 57018 heap: 172 / 182 FD: 1307 [2025-07-26 11:32:42.702]
07-26 11:32:47.229   803   803 E audit   : type=1400 audit(1753509767.227:411646): avc:  denied  { write } for  pid=14932 comm="ThreadPoolForeg" name="traced_producer" dev="tmpfs" ino=17050 scontext=u:r:gmscore_app:s0:c512,c768 tcontext=u:object_r:traced_producer_socket:s0 tclass=sock_file permissive=0 SEPF_SM-A225F_12_0001 audit_filtered
07-26 11:32:47.230   803   803 E audit   : type=1300 audit(1753509767.227:411646): arch=c00000b7 syscall=203 success=no exit=-13 a0=11e a1=b400007b74a720a0 a2=1e a3=ffffffff9795ae73 items=0 ppid=825 pid=14932 auid=4294967295 uid=10211 gid=10211 euid=10211 suid=10211 fsuid=10211 egid=10211 sgid=10211 fsgid=10211 tty=(none) ses=4294967295 comm="ThreadPoolForeg" exe="/system/bin/app_process64" subj=u:r:gmscore_app:s0:c512,c768 key=(null)
07-26 11:32:47.230   803   803 E audit   : type=1327 audit(1753509767.227:411646): proctitle="com.google.android.gms"
07-26 11:32:49.129  1406  1451 E AppOps  : evalMode() Foreground mode : uid - 10306, op - 27, capability - 0
07-26 11:32:49.129  1406  1451 E AppOps  : evalMode() Foreground mode : uid - 10306, op - 26, capability - 0
07-26 11:32:49.130  1406  1451 E AppOps  : evalMode() Foreground mode : uid - 10306, op - 1, capability - 0
07-26 11:33:10.697   838   838 E android.hardware.health@2.1-service-samsung: Could not open /sys/class/power_supply/battery/lrp
07-26 11:33:11.988   803   803 E audit   : type=1400 audit(1753509791.983:411647): avc:  denied  { write } for  pid=10472 comm="ThreadPoolForeg" name="traced_producer" dev="tmpfs" ino=17050 scontext=u:r:gmscore_app:s0:c512,c768 tcontext=u:object_r:traced_producer_socket:s0 tclass=sock_file permissive=0 SEPF_SM-A225F_12_0001 audit_filtered
07-26 11:33:11.988   803   803 E audit   : type=1300 audit(1753509791.983:411647): arch=c00000b7 syscall=203 success=no exit=-13 a0=72 a1=b400007b52406080 a2=1e a3=ffffffff9795ae73 items=0 ppid=825 pid=10472 auid=4294967295 uid=10211 gid=10211 euid=10211 suid=10211fsuid=10211 egid=10211 sgid=10211 fsgid=10211 tty=(none) ses=4294967295 comm="ThreadPoolForeg" exe="/system/bin/app_process64" subj=u:r:gmscore_app:s0:c512,c768 key=(null)
07-26 11:33:11.988   803   803 E audit   : type=1327 audit(1753509791.983:411647): proctitle="com.google.android.gms.persistent"
07-26 11:33:12.714  1406  1431 E Watchdog: !@Sync: 57019 heap: 178 / 182 FD: 1317 [2025-07-26 11:33:12.713]
07-26 11:33:12.855  1406  1451 E AppOps  : evalMode() Foreground mode : uid - 10306, op - 27, capability - 8
07-26 11:33:12.855  1406  1451 E AppOps  : evalMode() Foreground mode : uid - 10306, op - 26, capability - 8
07-26 11:33:12.855  1406  1451 E AppOps  : evalMode() Foreground mode : uid - 10306, op - 1, capability - 8
07-26 11:33:17.261   803   803 E audit   : type=1400 audit(1753509797.259:411648): avc:  denied  { write } for  pid=14932 comm="ThreadPoolForeg" name="traced_producer" dev="tmpfs" ino=17050 scontext=u:r:gmscore_app:s0:c512,c768 tcontext=u:object_r:traced_producer_socket:s0 tclass=sock_file permissive=0 SEPF_SM-A225F_12_0001 audit_filtered
07-26 11:33:17.261   803   803 E audit   : type=1300 audit(1753509797.259:411648): arch=c00000b7 syscall=203 success=no exit=-13 a0=11e a1=b400007b58f61660 a2=1e a3=ffffffff9795ae73 items=0 ppid=825 pid=14932 auid=4294967295 uid=10211 gid=10211 euid=10211 suid=10211 fsuid=10211 egid=10211 sgid=10211 fsgid=10211 tty=(none) ses=4294967295 comm="ThreadPoolForeg" exe="/system/bin/app_process64" subj=u:r:gmscore_app:s0:c512,c768 key=(null)
07-26 11:33:17.261   803   803 E audit   : type=1327 audit(1753509797.259:411648): proctitle="com.google.android.gms"
07-26 11:33:24.129 26097 26097 E android.vending: Not starting debugger since process cannot load the jdwp agent.
07-26 11:33:24.886 26176 26176 E e.process.gapps: Not starting debugger since process cannot load the jdwp agent.
07-26 11:33:24.963  1406  4932 E PackageManager: replace res.nonLocalizedLabel(null) to newName(AR Zone) and activity.getPackageName() () UId(1000)
07-26 11:33:25.450 26233 26233 E ding:background: Not starting debugger since process cannot load the jdwp agent.
07-26 11:33:26.405  1818  2756 E DatabaseUtils: Writing exception to parcel
07-26 11:33:26.405  1818  2756 E DatabaseUtils: java.lang.SecurityException: No permission to access APN settings
07-26 11:33:26.405  1818  2756 E DatabaseUtils:         at com.android.providers.telephony.TelephonyProvider.checkPermissionForApnTable(TelephonyProvider.java:7360)
07-26 11:33:26.405  1818  2756 E DatabaseUtils:         at com.android.providers.telephony.TelephonyProvider.checkPermission(TelephonyProvider.java:7332)
07-26 11:33:26.405  1818  2756 E DatabaseUtils:         at com.android.providers.telephony.TelephonyProvider.checkPermissionCompat(TelephonyProvider.java:7377)
07-26 11:33:26.405  1818  2756 E DatabaseUtils:         at com.android.providers.telephony.TelephonyProvider.query(TelephonyProvider.java:5493)
07-26 11:33:26.405  1818  2756 E DatabaseUtils:         at android.content.ContentProvider.query(ContentProvider.java:1526)
07-26 11:33:26.405  1818  2756 E DatabaseUtils:         at android.content.ContentProvider.query(ContentProvider.java:1622)
07-26 11:33:26.405  1818  2756 E DatabaseUtils:         at android.content.ContentProvider$Transport.query(ContentProvider.java:290)
07-26 11:33:26.405  1818  2756 E DatabaseUtils:         at android.content.ContentProviderNative.onTransact(ContentProviderNative.java:107)
07-26 11:33:26.405  1818  2756 E DatabaseUtils:         at android.os.Binder.execTransactInternal(Binder.java:1316)
07-26 11:33:26.405  1818  2756 E DatabaseUtils:         at android.os.Binder.execTransact(Binder.java:1280)
07-26 11:33:26.408 26097 26141 E RequestContextBuilder: Could not get APN after (but including) LollipopMr1:
07-26 11:33:26.408 26097 26141 E RequestContextBuilder: java.lang.SecurityException: No permission to access APN settings
07-26 11:33:26.408 26097 26141 E RequestContextBuilder:        at android.os.Parcel.createExceptionOrNull(Parcel.java:3045)
07-26 11:33:26.408 26097 26141 E RequestContextBuilder:        at android.os.Parcel.createException(Parcel.java:3029)
07-26 11:33:26.408 26097 26141 E RequestContextBuilder:        at android.os.Parcel.readException(Parcel.java:3012)
07-26 11:33:26.408 26097 26141 E RequestContextBuilder:        at android.database.DatabaseUtils.readExceptionFromParcel(DatabaseUtils.java:190)
07-26 11:33:26.408 26097 26141 E RequestContextBuilder:        at android.database.DatabaseUtils.readExceptionFromParcel(DatabaseUtils.java:142)
07-26 11:33:26.408 26097 26141 E RequestContextBuilder:        at android.content.ContentProviderProxy.query(ContentProviderNative.java:481)
07-26 11:33:26.408 26097 26141 E RequestContextBuilder:        at android.content.ContentResolver.query(ContentResolver.java:1226)
07-26 11:33:26.408 26097 26141 E RequestContextBuilder:        at android.content.ContentResolver.query(ContentResolver.java:1158)
07-26 11:33:26.408 26097 26141 E RequestContextBuilder:        at android.content.ContentResolver.query(ContentResolver.java:1114)
07-26 11:33:26.408 26097 26141 E RequestContextBuilder:        at bcmn.b(PG:113)
07-26 11:33:26.408 26097 26141 E RequestContextBuilder:        at bcmn.a(PG:137)
07-26 11:33:26.408 26097 26141 E RequestContextBuilder:        at bcik.a(PG:555)
07-26 11:33:26.408 26097 26141 E RequestContextBuilder:        at bcii.s(PG:52)
07-26 11:33:26.408 26097 26141 E RequestContextBuilder:        at bcii.n(PG:329)
07-26 11:33:26.408 26097 26141 E RequestContextBuilder:        at pkc.call(PG:434)
07-26 11:33:26.408 26097 26141 E RequestContextBuilder:        at berv.a(PG:3)
07-26 11:33:26.408 26097 26141 E RequestContextBuilder:        at bera.run(PG:19)
07-26 11:33:26.408 26097 26141 E RequestContextBuilder:        at berw.run(PG:5)
07-26 11:33:26.408 26097 26141 E RequestContextBuilder:        at java.util.concurrent.ThreadPoolExecutor.runWorker(ThreadPoolExecutor.java:1137)
07-26 11:33:26.408 26097 26141 E RequestContextBuilder:        at java.util.concurrent.ThreadPoolExecutor$Worker.run(ThreadPoolExecutor.java:637)
07-26 11:33:26.408 26097 26141 E RequestContextBuilder:        at oug.run(PG:320)
07-26 11:33:26.408 26097 26141 E RequestContextBuilder:        at java.lang.Thread.run(Thread.java:1012)
07-26 11:33:34.747  5718  5798 E bt_stack: Got a command complete with status COMMAND_DISALLOWED
07-26 11:33:35.468  5718  5798 E bt_stack: Received UNEXPECTED command status:UNKNOWN_HCI_COMMAND opcode:0xfdc0 (Unknown OpCode: 64960)
07-26 11:33:35.478  5718  5806 E bt_stack: Unable to find sco connection
07-26 11:33:35.480  5718  5806 E bt_btm  : Reset sec_bd_name and name flag. (BR/EDR link)
07-26 11:33:35.486  5718  5661 E bt_osi_wakelock: wakelock_release_native can't release wake lock: Invalid argument
07-26 11:33:35.487  5718  5661 E bt_btif_a2dp_source: btif_a2dp_source_end_session_delayed: A2DP Source media task is not running
07-26 11:33:35.507  5718  5661 E bt_osi_wakelock: wakelock_release_native can't release wake lock: Invalid argument
07-26 11:33:35.533  5718  5674 E HeadsetService: isHaDeviceConnected : haService is null
07-26 11:33:35.537  5718  5661 E bt_osi_wakelock: wakelock_release_native can't release wake lock: Invalid argument
07-26 11:33:35.537  5718  5661 E bt_osi_wakelock: wakelock_release_native can't release wake lock: Invalid argument
07-26 11:33:35.568  5718  5774 E BluetoothRemoteDevices: RemoteException in calling IBluetoothConnectionCallback
07-26 11:33:35.568  5718  5774 E BluetoothRemoteDevices: RemoteException in calling IBluetoothConnectionCallback
07-26 11:33:35.569  5718  5774 E BluetoothRemoteDevices: RemoteException in calling IBluetoothConnectionCallback
07-26 11:33:35.569  5718  5774 E BluetoothRemoteDevices: RemoteException in calling IBluetoothConnectionCallback
07-26 11:33:35.570  5718  5774 E BluetoothRemoteDevices: RemoteException in calling IBluetoothConnectionCallback
07-26 11:33:35.572  5718  5774 E BluetoothRemoteDevices: RemoteException in calling IBluetoothConnectionCallback
07-26 11:33:35.574  5718  5774 E BluetoothRemoteDevices: setAclConnected :: connected = false, mSocketConnectedCount = 0
07-26 11:33:35.614  5718  5779 E A2dpService: removeActiveDevice handleBluetoothActiveDeviceChanged=true
07-26 11:33:35.640 11010 11010 E IC_f[1.2.95]: getDeviceId :: IcDevice is null
07-26 11:33:35.641 11010 11010 E IC_Service[1.2.95]: failed to get device id from manufacturer data
07-26 11:33:35.653 11010 11010 E IC_f[1.2.95]: getDeviceId :: IcDevice is null
07-26 11:33:35.653 11010 11010 E IC_Service[1.2.95]: failed to get device id from manufacturer data
07-26 11:33:35.729  5718  5791 E BtGatt.GattService: [GSIM LOG]: gsimLogHandler, msg: MESSAGE_SCAN_STOP, appName: com.samsung.android.mcfserver, scannerId: 1, reportDelayMillis=0
07-26 11:33:35.739  5718 31201 E BtGatt.ContextMap: remove() - removed: 1
07-26 11:33:35.823  1406  4259 E PackageManager: replace res.nonLocalizedLabel(null) to newName(AR Zone) and activity.getPackageName() () UId(1000)
07-26 11:33:36.041   831 20279 E SpeechParserGen93: getSpeechParamUnit(), Invalid IdxVolume=0xe, use 3 !!!
07-26 11:33:36.357  5718  5731 E BluetoothAdapterService: getActiveDevices: HearingAidService is null
07-26 11:33:36.374  5718  5731 E BluetoothAdapterService: getActiveDevices: HearingAidService is null
07-26 11:33:36.381  5718  5731 E BluetoothAdapterService: getActiveDevices: HearingAidService is null
07-26 11:33:36.387  5718  5731 E BluetoothAdapterService: getActiveDevices: HearingAidService is null
07-26 11:33:36.437  1406  1613 E SensorService: INJECT_CALL_SCREEN_FOREGROUND
07-26 11:33:36.452  1406  1464 E SensorService: pacakge com.android.server.display.DisplayPowerController is in earsense allow list.
07-26 11:33:36.854 26374 26374 E .app.soundalive: Not starting debugger since process cannot load the jdwp agent.
07-26 11:33:37.012 26396 26396 E earchbox:search: Not starting debugger since process cannot load the jdwp agent.
07-26 11:33:37.090  1406  2459 E AppOps  : evalMode() Foreground mode : uid - 10203, op - 1, capability - 0
07-26 11:33:37.100  1406  2459 E AppOps  : evalMode() Foreground mode : uid - 10203, op - 1, capability - 0
07-26 11:33:37.256   899 11241 E DlbDlbEffect: effectCommand() Unknown command code: 21
07-26 11:33:37.260   899 11241 E DlbDlbEffect: effectCommand() Unknown command code: 21
07-26 11:33:37.260   899 11241 E DlbDlbEffect: effectCommand() Unknown command code: 21
07-26 11:33:37.428 26374 26374 E AudioPathManager: getCurrentAudioPath() : unknown path has detected
07-26 11:33:37.436 26374 26374 E AudioPathManager: getCurrentAudioPath() : unknown path has detected
07-26 11:33:37.523 26374 26374 E RestrictModeUtil: isDexMode() : desktop mode manager is null, so it can't be decided
07-26 11:33:37.581 26374 26453 E RestrictModeUtil: isDexMode() : desktop mode manager is null, so it can't be decided
07-26 11:33:37.583 26374 26453 E AudioPathManager: getCurrentAudioPath() : unknown path has detected
07-26 11:33:37.717 26455 26455 E c.hearingadjust: Not starting debugger since process cannot load the jdwp agent.
07-26 11:33:37.763 26374 26374 E RestrictModeUtil: isDexMode() : desktop mode manager is null, so it can't be decided
07-26 11:33:37.763 26374 26374 E RestrictModeUtil: isDexMode() : desktop mode manager is null, so it can't be decided
07-26 11:33:37.766 26374 26390 E RestrictModeUtil: isDexMode() : desktop mode manager is null, so it can't be decided
07-26 11:33:37.766 26374 26390 E RestrictModeUtil: isDexMode() : desktop mode manager is null, so it can't be decided
07-26 11:33:37.768 26374 26390 E RestrictModeUtil: isDexMode() : desktop mode manager is null, so it can't be decided
07-26 11:33:37.780 26374 26390 E RestrictModeUtil: isDexMode() : desktop mode manager is null, so it can't be decided
07-26 11:33:37.780 26374 26390 E RestrictModeUtil: isDexMode() : desktop mode manager is null, so it can't be decided
07-26 11:33:38.234 26497 26497 E droid.easysetup: Not starting debugger since process cannot load the jdwp agent.
07-26 11:33:38.493 26497 26497 E EasySetup[11.1.20.6] : IcBtStatusBroadcastReceiver.onReceive - startBeaconManagerControlService
07-26 11:33:38.569 26455 26455 E DHAManager: setParameterForCall() : result is empty or null, so sets result as default
07-26 11:33:38.569 11010 11010 E Peripheral_SPenManager[1.2.95]: Empty feature
07-26 11:33:38.575 11010 11010 E IC_Service[1.2.95]: getPassiveScanFilter() - error: java.lang.NoSuchMethodException: parameter typeis null
07-26 11:33:38.576 11010 11010 E IC_Service[1.2.95]: NDS set buds filter, st filter : true
07-26 11:33:40.734   838   838 E android.hardware.health@2.1-service-samsung: Could not open /sys/class/power_supply/battery/lrp
07-26 11:33:42.009   803   803 E audit   : type=1400 audit(1753509822.003:411649): avc:  denied  { write } for  pid=10472 comm="ThreadPoolForeg" name="traced_producer" dev="tmpfs" ino=17050 scontext=u:r:gmscore_app:s0:c512,c768 tcontext=u:object_r:traced_producer_socket:s0 tclass=sock_file permissive=0 SEPF_SM-A225F_12_0001 audit_filtered
07-26 11:33:42.009   803   803 E audit   : type=1300 audit(1753509822.003:411649): arch=c00000b7 syscall=203 success=no exit=-13 a0=110 a1=b400007b58acb9e0 a2=1e a3=ffffffff9795ae73 items=0 ppid=825 pid=10472 auid=4294967295 uid=10211 gid=10211 euid=10211 suid=10211 fsuid=10211 egid=10211 sgid=10211 fsgid=10211 tty=(none) ses=4294967295 comm="ThreadPoolForeg" exe="/system/bin/app_process64" subj=u:r:gmscore_app:s0:c512,c768 key=(null)
07-26 11:33:42.009   803   803 E audit   : type=1327 audit(1753509822.003:411649): proctitle="com.google.android.gms.persistent"
07-26 11:33:42.731  1406  1431 E Watchdog: !@Sync: 57020 heap: 175 / 183 FD: 1267 objects: 3416162 WaitTime: 0.000 GCcnt: 0 FullGC: 0 [2025-07-26 11:33:42.727]
07-26 11:33:42.925  1406  1451 E AppOps  : evalMode() Foreground mode : uid - 10306, op - 27, capability - 0
07-26 11:33:42.925  1406  1451 E AppOps  : evalMode() Foreground mode : uid - 10306, op - 26, capability - 0
07-26 11:33:42.925  1406  1451 E AppOps  : evalMode() Foreground mode : uid - 10306, op - 1, capability - 0
07-26 11:33:47.285   803   803 E audit   : type=1400 audit(1753509827.283:411650): avc:  denied  { write } for  pid=14932 comm="ThreadPoolForeg" name="traced_producer" dev="tmpfs" ino=17050 scontext=u:r:gmscore_app:s0:c512,c768 tcontext=u:object_r:traced_producer_socket:s0 tclass=sock_file permissive=0 SEPF_SM-A225F_12_0001 audit_filtered
07-26 11:33:47.286   803   803 E audit   : type=1300 audit(1753509827.283:411650): arch=c00000b7 syscall=203 success=no exit=-13 a0=11e a1=b400007b58f61640 a2=1e a3=ffffffff9795ae73 items=0 ppid=825 pid=14932 auid=4294967295 uid=10211 gid=10211 euid=10211 suid=10211 fsuid=10211 egid=10211 sgid=10211 fsgid=10211 tty=(none) ses=4294967295 comm="ThreadPoolForeg" exe="/system/bin/app_process64" subj=u:r:gmscore_app:s0:c512,c768 key=(null)
07-26 11:33:47.286   803   803 E audit   : type=1327 audit(1753509827.283:411650): proctitle="com.google.android.gms"

C:\Users\Aparna A N>adb logcat *:Eadb logcat *:E
