07-26 11:08:20.944   803   803 E audit   : type=1300 audit(1753508300.943:411369): arch=c00000b7 syscall=203 success=no exit=-13 a0=ec a1=b400007b58b1d900 a2=1e a3=ffffffff9795ae73 items=0 ppid=825 pid=14932 auid=4294967295 uid=10211 gid=10211 euid=10211 suid=10211fsuid=10211 egid=10211 sgid=10211 fsgid=10211 tty=(none) ses=4294967295 comm="ThreadPoolForeg" exe="/system/bin/app_process64" subj=u:r:gmscore_app:s0:c512,c768 key=(null)
07-26 11:08:20.945   803   803 E audit   : type=1327 audit(1753508300.943:411369): proctitle="com.google.android.gms"
07-26 11:08:20.991 14932 19616 E Ads     : Error waiting for future.
07-26 11:08:20.991 14932 19616 E Ads     : java.util.concurrent.TimeoutException
07-26 11:08:20.991 14932 19616 E Ads     :      at java.util.concurrent.FutureTask.get(FutureTask.java:204)
07-26 11:08:20.991 14932 19616 E Ads     :      at com.google.android.gms.ads.nonagon.signals.gmscore.p.call(:com.google.android.gms@252635029@25.26.35 (190400-783060121):47)
07-26 11:08:20.991 14932 19616 E Ads     :      at gglc.a(:com.google.android.gms@252635029@25.26.35 (190400-783060121):3)
07-26 11:08:20.991 14932 19616 E Ads     :      at ggkc.run(:com.google.android.gms@252635029@25.26.35 (190400-783060121):19)
07-26 11:08:20.991 14932 19616 E Ads     :      at ggld.run(:com.google.android.gms@252635029@25.26.35 (190400-783060121):5)
07-26 11:08:20.991 14932 19616 E Ads     :      at azsg.c(:com.google.android.gms@252635029@25.26.35 (190400-783060121):50)
07-26 11:08:20.991 14932 19616 E Ads     :      at azsg.run(:com.google.android.gms@252635029@25.26.35 (190400-783060121):70)
07-26 11:08:20.991 14932 19616 E Ads     :      at java.util.concurrent.ThreadPoolExecutor.runWorker(ThreadPoolExecutor.java:1137)
07-26 11:08:20.991 14932 19616 E Ads     :      at java.util.concurrent.ThreadPoolExecutor$Worker.run(ThreadPoolExecutor.java:637)
07-26 11:08:20.991 14932 19616 E Ads     :      at azxy.run(:com.google.android.gms@252635029@25.26.35 (190400-783060121):8)
07-26 11:08:20.991 14932 19616 E Ads     :      at java.lang.Thread.run(Thread.java:1012)
07-26 11:08:21.460  1406  1420 E WindowManager: win=Window{51f073 u0 EdgeBackGestureHandler0} destroySurfaces: appStopped=true cleanupOnResume=false win.mWindowRemovalAllowed=false win.mRemoveOnExit=false win.mViewVisibility=8 caller=com.android.server.wm.WindowManagerService.tryStartExitingAnimation:3016 com.android.server.wm.WindowManagerService.relayoutWindow:2727 com.android.server.wm.Session.relayout:274 android.view.IWindowSession$Stub.onTransact:779 com.android.server.wm.Session.onTransact:188 android.os.Binder.execTransactInternal:1321 android.os.Binder.execTransact:1280
07-26 11:08:21.661   854   875 E mtkpower@impl: [setMode] unknown type
07-26 11:08:21.905   854   875 E mtkpower@impl: [setMode] unknown type
07-26 11:08:21.946   803   803 E audit   : type=1400 audit(1753508301.943:411370): avc:  denied  { write } for  pid=14932 comm="ThreadPoolForeg" name="traced_producer" dev="tmpfs" ino=17050 scontext=u:r:gmscore_app:s0:c512,c768 tcontext=u:object_r:traced_producer_socket:s0 tclass=sock_file permissive=0 SEPF_SM-A225F_12_0001 audit_filtered
07-26 11:08:21.946   803   803 E audit   : type=1300 audit(1753508301.943:411370): arch=c00000b7 syscall=203 success=no exit=-13 a0=cf a1=b400007b58ccc980 a2=1e a3=ffffffff9795ae73 items=0 ppid=825 pid=14932 auid=4294967295 uid=10211 gid=10211 euid=10211 suid=10211fsuid=10211 egid=10211 sgid=10211 fsgid=10211 tty=(none) ses=4294967295 comm="ThreadPoolForeg" exe="/system/bin/app_process64" subj=u:r:gmscore_app:s0:c512,c768 key=(null)
07-26 11:08:21.946   803   803 E audit   : type=1327 audit(1753508301.943:411370): proctitle="com.google.android.gms"
07-26 11:08:22.114  1406  1665 E WifiVendorHal: getWifiLinkLayerStats_1_5_Internal(l.1179) failed {.code = ERROR_NOT_SUPPORTED, .description = }
07-26 11:08:23.037 14932 15171 E LoadedApk: Exception : java.lang.NullPointerException: Attempt to invoke virtual method 'boolean android.os.Looper.isPerfLogEnable()' on a null object reference
07-26 11:08:23.038 14932 15171 E LoadedApk: Exception : java.lang.NullPointerException: Attempt to invoke virtual method 'boolean android.os.Looper.isPerfLogEnable()' on a null object reference
07-26 11:08:23.276  1406  4937 E WindowManager: win=Window{51f073 u0 EdgeBackGestureHandler0} destroySurfaces: appStopped=true cleanupOnResume=false win.mWindowRemovalAllowed=false win.mRemoveOnExit=false win.mViewVisibility=8 caller=com.android.server.wm.WindowManagerService.tryStartExitingAnimation:3016 com.android.server.wm.WindowManagerService.relayoutWindow:2727 com.android.server.wm.Session.relayout:274 android.view.IWindowSession$Stub.onTransact:779 com.android.server.wm.Session.onTransact:188 android.os.Binder.execTransactInternal:1321 android.os.Binder.execTransact:1280
07-26 11:08:23.497   854   875 E mtkpower@impl: [setMode] unknown type
07-26 11:08:23.755   854   875 E mtkpower@impl: [setMode] unknown type
07-26 11:08:23.950   803   803 E audit   : type=1400 audit(1753508303.947:411371): avc:  denied  { write } for  pid=14932 comm="ThreadPoolForeg" name="traced_producer" dev="tmpfs" ino=17050 scontext=u:r:gmscore_app:s0:c512,c768 tcontext=u:object_r:traced_producer_socket:s0 tclass=sock_file permissive=0 SEPF_SM-A225F_12_0001 audit_filtered
07-26 11:08:23.950   803   803 E audit   : type=1300 audit(1753508303.947:411371): arch=c00000b7 syscall=203 success=no exit=-13 a0=10b a1=b400007b58b1d8e0 a2=1e a3=ffffffff9795ae73 items=0 ppid=825 pid=14932 auid=4294967295 uid=10211 gid=10211 euid=10211 suid=10211 fsuid=10211 egid=10211 sgid=10211 fsgid=10211 tty=(none) ses=4294967295 comm="ThreadPoolForeg" exe="/system/bin/app_process64" subj=u:r:gmscore_app:s0:c512,c768 key=(null)
07-26 11:08:23.950   803   803 E audit   : type=1327 audit(1753508303.947:411371): proctitle="com.google.android.gms"
07-26 11:08:25.122  1406  1665 E WifiVendorHal: getWifiLinkLayerStats_1_5_Internal(l.1179) failed {.code = ERROR_NOT_SUPPORTED, .description = }
07-26 11:08:26.953   803   803 E audit   : type=1400 audit(1753508306.951:411372): avc:  denied  { write } for  pid=14932 comm="ThreadPoolForeg" name="traced_producer" dev="tmpfs" ino=17050 scontext=u:r:gmscore_app:s0:c512,c768 tcontext=u:object_r:traced_producer_socket:s0 tclass=sock_file permissive=0 SEPF_SM-A225F_12_0001 audit_filtered
07-26 11:08:26.953   803   803 E audit   : type=1300 audit(1753508306.951:411372): arch=c00000b7 syscall=203 success=no exit=-13 a0=10b a1=b400007b58ccc960 a2=1e a3=ffffffff9795ae73 items=0 ppid=825 pid=14932 auid=4294967295 uid=10211 gid=10211 euid=10211 suid=10211 fsuid=10211 egid=10211 sgid=10211 fsgid=10211 tty=(none) ses=4294967295 comm="ThreadPoolForeg" exe="/system/bin/app_process64" subj=u:r:gmscore_app:s0:c512,c768 key=(null)
07-26 11:08:26.954   803   803 E audit   : type=1327 audit(1753508306.951:411372): proctitle="com.google.android.gms"
07-26 11:08:28.131  1406  1665 E WifiVendorHal: getWifiLinkLayerStats_1_5_Internal(l.1179) failed {.code = ERROR_NOT_SUPPORTED, .description = }
07-26 11:08:29.308  1406  1639 E HandwritingModeController: Cannot get requestId: Handwriting was not initialized.
07-26 11:08:29.310  1406 11798 E OpenGLRenderer: Device claims wide gamut support, cannot find matching config, error = EGL_SUCCESS
07-26 11:08:29.314   837  1044 E PQ      : [PQ][PQSessionManager] PQSessionManager::getPQSession m_PQSupport == 0
07-26 11:08:29.460   837  1044 E PQ      : [PQ][PQSessionManager] PQSessionManager::getPQSession m_PQSupport == 0
07-26 11:08:29.481   837  1044 E PQ      : [PQ][PQSessionManager] PQSessionManager::getPQSession m_PQSupport == 0
07-26 11:08:29.502   837  1044 E PQ      : [PQ][PQSessionManager] PQSessionManager::getPQSession m_PQSupport == 0
07-26 11:08:29.525   837  1044 E PQ      : [PQ][PQSessionManager] PQSessionManager::getPQSession m_PQSupport == 0
07-26 11:08:29.548   837  1044 E PQ      : [PQ][PQSessionManager] PQSessionManager::getPQSession m_PQSupport == 0
07-26 11:08:29.569   837  1044 E PQ      : [PQ][PQSessionManager] PQSessionManager::getPQSession m_PQSupport == 0
07-26 11:08:29.574   837  1044 E PQ      : [PQ][PQSessionManager] PQSessionManager::getPQSession m_PQSupport == 0
07-26 11:08:29.592   837  1044 E PQ      : [PQ][PQSessionManager] PQSessionManager::getPQSession m_PQSupport == 0
07-26 11:08:29.617   837  1044 E PQ      : [PQ][PQSessionManager] PQSessionManager::getPQSession m_PQSupport == 0
07-26 11:08:29.631   837  1044 E PQ      : [PQ][PQSessionManager] PQSessionManager::getPQSession m_PQSupport == 0
07-26 11:08:29.651   837  1044 E PQ      : [PQ][PQSessionManager] PQSessionManager::getPQSession m_PQSupport == 0
07-26 11:08:29.664   837  1044 E PQ      : [PQ][PQSessionManager] PQSessionManager::getPQSession m_PQSupport == 0
07-26 11:08:29.687   837  1044 E PQ      : [PQ][PQSessionManager] PQSessionManager::getPQSession m_PQSupport == 0
07-26 11:08:29.963  2937  2937 E pageboostd: Received HALT command code 2
07-26 11:08:29.987  2937  2937 E pageboostd: Received HALT command code 2
07-26 11:08:30.008  2937  2937 E pageboostd: Received HALT command code 2
07-26 11:08:30.063  1406  4288 E PackageManager: replace res.nonLocalizedLabel(null) to newName(AR Zone) and activity.getPackageName() () UId(1000)
07-26 11:08:30.076  1406  7873 E OpenGLRenderer: Device claims wide gamut support, cannot find matching config, error = EGL_SUCCESS
07-26 11:08:30.092  1406  1420 E WindowManager: win=Window{c211ddc u0 com.whatsapp/com.whatsapp.home.ui.HomeActivity} destroySurfaces: appStopped=true cleanupOnResume=false win.mWindowRemovalAllowed=false win.mRemoveOnExit=false win.mViewVisibility=8 caller=com.android.server.wm.ActivityRecord.destroySurfaces:6539 com.android.server.wm.ActivityRecord.destroySurfaces:6520 com.android.server.wm.ActivityRecord.notifyAppStopped:6584 com.android.server.wm.ActivityRecord.activityStopped:7172 com.android.server.wm.ActivityClientController.activityStopped:269 android.app.IActivityClientController$Stub.onTransact:613 com.android.server.wm.ActivityClientController.onTransact:147
07-26 11:08:30.957   803   803 E audit   : type=1400 audit(1753508310.955:411373): avc:  denied  { write } for  pid=14932 comm="ThreadPoolForeg" name="traced_producer" dev="tmpfs" ino=17050 scontext=u:r:gmscore_app:s0:c512,c768 tcontext=u:object_r:traced_producer_socket:s0 tclass=sock_file permissive=0 SEPF_SM-A225F_12_0001 audit_filtered
07-26 11:08:30.957   803   803 E audit   : type=1300 audit(1753508310.955:411373): arch=c00000b7 syscall=203 success=no exit=-13 a0=10c a1=b400007b677997e0 a2=1e a3=ffffffff9795ae73 items=0 ppid=825 pid=14932 auid=4294967295 uid=10211 gid=10211 euid=10211 suid=10211 fsuid=10211 egid=10211 sgid=10211 fsgid=10211 tty=(none) ses=4294967295 comm="ThreadPoolForeg" exe="/system/bin/app_process64" subj=u:r:gmscore_app:s0:c512,c768 key=(null)
07-26 11:08:30.957   803   803 E audit   : type=1327 audit(1753508310.955:411373): proctitle="com.google.android.gms"
07-26 11:08:31.142  1406  1665 E WifiVendorHal: getWifiLinkLayerStats_1_5_Internal(l.1179) failed {.code = ERROR_NOT_SUPPORTED, .description = }
07-26 11:08:31.876  1406  1447 E system_server: updateValue is called with a value {0, 0, 0, 0, 0, 0, 0, 0, 0, 0, 0, 0, 0, 0, 0, 0, 0, 0, 0, 0, 0, 0, 0, 0, 0, 0, 0, 0, 0, 0, 0, 0}, which is lower than the previous value {0, 0, 0, 0, 0, 0, 0, 0, 0, 0, 0, 0, 0, 0, 0,1883, 0, 0, 0, 0, 0, 0, 0, 0, 3, 0, 0, 129, 0, 0, 0, 0}
07-26 11:08:34.150  1406  1665 E WifiVendorHal: getWifiLinkLayerStats_1_5_Internal(l.1179) failed {.code = ERROR_NOT_SUPPORTED, .description = }
07-26 11:08:35.100  1406  1451 E AppOps  : evalMode() Foreground mode : uid - 10306, op - 27, capability - 8
07-26 11:08:35.100  1406  1451 E AppOps  : evalMode() Foreground mode : uid - 10306, op - 26, capability - 8
07-26 11:08:35.100  1406  1451 E AppOps  : evalMode() Foreground mode : uid - 10306, op - 1, capability - 8
07-26 11:08:35.961   803   803 E audit   : type=1400 audit(1753508315.959:411374): avc:  denied  { write } for  pid=14932 comm="ThreadPoolForeg" name="traced_producer" dev="tmpfs" ino=17050 scontext=u:r:gmscore_app:s0:c512,c768 tcontext=u:object_r:traced_producer_socket:s0 tclass=sock_file permissive=0 SEPF_SM-A225F_12_0001 audit_filtered
07-26 11:08:35.961   803   803 E audit   : type=1300 audit(1753508315.959:411374): arch=c00000b7 syscall=203 success=no exit=-13 a0=10c a1=b400007b74a6a0a0 a2=1e a3=ffffffff9795ae73 items=0 ppid=825 pid=14932 auid=4294967295 uid=10211 gid=10211 euid=10211 suid=10211 fsuid=10211 egid=10211 sgid=10211 fsgid=10211 tty=(none) ses=4294967295 comm="ThreadPoolForeg" exe="/system/bin/app_process64" subj=u:r:gmscore_app:s0:c512,c768 key=(null)
07-26 11:08:35.961   803   803 E audit   : type=1327 audit(1753508315.959:411374): proctitle="com.google.android.gms"
07-26 11:08:37.163  1406  1665 E WifiVendorHal: getWifiLinkLayerStats_1_5_Internal(l.1179) failed {.code = ERROR_NOT_SUPPORTED, .description = }
07-26 11:08:39.365   838   838 E android.hardware.health@2.1-service-samsung: Could not open /sys/class/power_supply/battery/lrp
07-26 11:08:40.177  1406  1665 E WifiVendorHal: getWifiLinkLayerStats_1_5_Internal(l.1179) failed {.code = ERROR_NOT_SUPPORTED, .description = }
07-26 11:08:41.309   803   803 E audit   : type=1400 audit(1753508321.307:411375): avc:  denied  { write } for  pid=10472 comm="ThreadPoolForeg" name="traced_producer" dev="tmpfs" ino=17050 scontext=u:r:gmscore_app:s0:c512,c768 tcontext=u:object_r:traced_producer_socket:s0 tclass=sock_file permissive=0 SEPF_SM-A225F_12_0001 audit_filtered
07-26 11:08:41.310   803   803 E audit   : type=1300 audit(1753508321.307:411375): arch=c00000b7 syscall=203 success=no exit=-13 a0=9b a1=b400007b58682e60 a2=1e a3=ffffffff9795ae73 items=0 ppid=825 pid=10472 auid=4294967295 uid=10211 gid=10211 euid=10211 suid=10211fsuid=10211 egid=10211 sgid=10211 fsgid=10211 tty=(none) ses=4294967295 comm="ThreadPoolForeg" exe="/system/bin/app_process64" subj=u:r:gmscore_app:s0:c512,c768 key=(null)
07-26 11:08:41.310   803   803 E audit   : type=1327 audit(1753508321.307:411375): proctitle="com.google.android.gms.persistent"
07-26 11:08:41.840  1406  1431 E Watchdog: !@Sync: 56970 heap: 167 / 181 FD: 1362 [2025-07-26 11:08:41.839]
07-26 11:08:41.965   803   803 E audit   : type=1400 audit(1753508321.963:411376): avc:  denied  { write } for  pid=14932 comm="ThreadPoolForeg" name="traced_producer" dev="tmpfs" ino=17050 scontext=u:r:gmscore_app:s0:c512,c768 tcontext=u:object_r:traced_producer_socket:s0 tclass=sock_file permissive=0 SEPF_SM-A225F_12_0001 audit_filtered
07-26 11:08:41.966   803   803 E audit   : type=1300 audit(1753508321.963:411376): arch=c00000b7 syscall=203 success=no exit=-13 a0=11e a1=b400007ad30b4340 a2=1e a3=ffffffff9795ae73 items=0 ppid=825 pid=14932 auid=4294967295 uid=10211 gid=10211 euid=10211 suid=10211 fsuid=10211 egid=10211 sgid=10211 fsgid=10211 tty=(none) ses=4294967295 comm="ThreadPoolForeg" exe="/system/bin/app_process64" subj=u:r:gmscore_app:s0:c512,c768 key=(null)
07-26 11:08:41.966   803   803 E audit   : type=1327 audit(1753508321.963:411376): proctitle="com.google.android.gms"
07-26 11:08:43.189  1406  1665 E WifiVendorHal: getWifiLinkLayerStats_1_5_Internal(l.1179) failed {.code = ERROR_NOT_SUPPORTED, .description = }
07-26 11:08:46.202  1406  1665 E WifiVendorHal: getWifiLinkLayerStats_1_5_Internal(l.1179) failed {.code = ERROR_NOT_SUPPORTED, .description = }
07-26 11:08:48.973   803   803 E audit   : type=1400 audit(1753508328.971:411377): avc:  denied  { write } for  pid=14932 comm="ThreadPoolForeg" name="traced_producer" dev="tmpfs" ino=17050 scontext=u:r:gmscore_app:s0:c512,c768 tcontext=u:object_r:traced_producer_socket:s0 tclass=sock_file permissive=0 SEPF_SM-A225F_12_0001 audit_filtered
07-26 11:08:48.973   803   803 E audit   : type=1300 audit(1753508328.971:411377): arch=c00000b7 syscall=203 success=no exit=-13 a0=10e a1=b400007b67799ee0 a2=1e a3=ffffffff9795ae73 items=0 ppid=825 pid=14932 auid=4294967295 uid=10211 gid=10211 euid=10211 suid=10211 fsuid=10211 egid=10211 sgid=10211 fsgid=10211 tty=(none) ses=4294967295 comm="ThreadPoolForeg" exe="/system/bin/app_process64" subj=u:r:gmscore_app:s0:c512,c768 key=(null)
07-26 11:08:48.973   803   803 E audit   : type=1327 audit(1753508328.971:411377): proctitle="com.google.android.gms"
07-26 11:08:49.133  1406  1451 E AppOps  : evalMode() Foreground mode : uid - 10306, op - 27, capability - 0
07-26 11:08:49.133  1406  1451 E AppOps  : evalMode() Foreground mode : uid - 10306, op - 26, capability - 0
07-26 11:08:49.133  1406  1451 E AppOps  : evalMode() Foreground mode : uid - 10306, op - 1, capability - 0
07-26 11:08:49.214  1406  1665 E WifiVendorHal: getWifiLinkLayerStats_1_5_Internal(l.1179) failed {.code = ERROR_NOT_SUPPORTED, .description = }
07-26 11:08:49.225 18975 19252 E kaf     : [Gmail] SyncAdapterDelegate: GIG sync interrupted for: -845490093.
07-26 11:08:49.225 18975 19252 E kaf     : java.lang.InterruptedException
07-26 11:08:49.225 18975 19252 E kaf     :      at bjkb.get(PG:12)
07-26 11:08:49.225 18975 19252 E kaf     :      at androidx.compose.ui.unit.DpKt.d(PG:1)
07-26 11:08:49.225 18975 19252 E kaf     :      at taq.a(PG:574)
07-26 11:08:49.225 18975 19252 E kaf     :      at tar.d(PG:115)
07-26 11:08:49.225 18975 19252 E kaf     :      at gkh.onPerformSync(PG:11)
07-26 11:08:49.225 18975 19252 E kaf     :      at tar.onPerformSync(PG:185)
07-26 11:08:49.225 18975 19252 E kaf     :      at android.content.AbstractThreadedSyncAdapter$SyncThread.run(AbstractThreadedSyncAdapter.java:354)
07-26 11:08:49.236  1406  1712 E SemWifiApConfigStore: getWifiApConfiguration ssid
07-26 11:08:49.273 18975 19177 E kaf     : [Gmail] NotificationBroadcastReceiver: Failed to update network state timestamp
07-26 11:08:49.273 18975 19177 E kaf     : java.io.IOException: Inoperable file: canonical[/data/data/com.google.android.gm/files/email_notification_timestamp/shared/EmailNotificationTimestamp.pb] freeSpace[35185020928] protoName[EmailNotificationTimestamp] mode[33152]
07-26 11:08:49.273 18975 19177 E kaf     :      at alga.br(PG:97)
07-26 11:08:49.273 18975 19177 E kaf     :      at alga.bs(PG:36)
07-26 11:08:49.273 18975 19177 E kaf     :      at alga.bq(PG:39)
07-26 11:08:49.273 18975 19177 E kaf     :      at alax.b(PG:95)
07-26 11:08:49.273 18975 19177 E kaf     :      at alat.a(PG:1055)
07-26 11:08:49.273 18975 19177 E kaf     :      at bfkd.a(PG:53)
07-26 11:08:49.273 18975 19177 E kaf     :      at bfkd.a(PG:29)
07-26 11:08:49.273 18975 19177 E kaf     :      at bjnj.a(PG:3)
07-26 11:08:49.273 18975 19177 E kaf     :      at bjmp.run(PG:19)
07-26 11:08:49.273 18975 19177 E kaf     :      at bjnl.run(PG:5)
07-26 11:08:49.273 18975 19177 E kaf     :      at bjlt.run(PG:17)
07-26 11:08:49.273 18975 19177 E kaf     :      at bjnb.run(PG:3)
07-26 11:08:49.273 18975 19177 E kaf     :      at bjnc.run(PG:196)
07-26 11:08:49.273 18975 19177 E kaf     :      at adwu.run(PG:7)
07-26 11:08:49.273 18975 19177 E kaf     :      at java.util.concurrent.ThreadPoolExecutor.runWorker(ThreadPoolExecutor.java:1137)
07-26 11:08:49.273 18975 19177 E kaf     :      at java.util.concurrent.ThreadPoolExecutor$Worker.run(ThreadPoolExecutor.java:637)
07-26 11:08:49.273 18975 19177 E kaf     :      at androidx.compose.ui.platform.AndroidComposeView$$ExternalSyntheticLambda4.run(PG:201)
07-26 11:08:49.273 18975 19177 E kaf     :      at java.lang.Thread.run(Thread.java:1012)
07-26 11:08:49.273 18975 19177 E kaf     :      at adxm.run(PG:61)
07-26 11:08:49.273 18975 19177 E kaf     : Caused by: bnai: Protocol message contained an invalid tag (zero).
07-26 11:08:49.273 18975 19177 E kaf     :      at bmyn.m(PG:28)
07-26 11:08:49.273 18975 19177 E kaf     :      at bmyq.c(PG:13)
07-26 11:08:49.273 18975 19177 E kaf     :      at bnbf.l(PG:19)
07-26 11:08:49.273 18975 19177 E kaf     :      at bmzj.k(PG:19)
07-26 11:08:49.273 18975 19177 E kaf     :      at bmxu.a(PG:5)
07-26 11:08:49.273 18975 19177 E kaf     :      at bmxu.h(PG:1)
07-26 11:08:49.273 18975 19177 E kaf     :      at albg.a(PG:9)
07-26 11:08:49.273 18975 19177 E kaf     :      at alax.b(PG:39)
07-26 11:08:49.273 18975 19177 E kaf     :      ... 15 more
07-26 11:08:49.390 19797 19797 E gs.intelligence: Not starting debugger since process cannot load the jdwp agent.
07-26 11:08:49.663  1839  3789 E OpenGLRenderer: Device claims wide gamut support, cannot find matching config, error = EGL_SUCCESS
07-26 11:08:50.053 19855 19855 E d.app.sharelive: Not starting debugger since process cannot load the jdwp agent.
07-26 11:08:51.022 19917 19917 E .android.scloud: Not starting debugger since process cannot load the jdwp agent.
07-26 11:08:51.048  6375  8227 E ExternalAccountType: [D] Package was found, but that doesn't contain the CONTACTS_STRUCTURE metadata
07-26 11:08:51.258 19917 19917 E [SC]SamsungApiImpl: [E] isB2bMode. Failed. return false java.lang.NoSuchMethodError: No virtual method getApplicationRestrictions(Ljava/lang/String;I)Landroid/os/Bundle; in class Lcom/samsung/android/knox/SemEnterpriseDeviceManager;or its super classes (declaration of 'com.samsung.android.knox.SemEnterpriseDeviceManager' appears in /system/framework/framework.jar!classes5.dex).
07-26 11:08:51.342 19917 19947 E [SC]SyncRunnerManager: [E] sync runners are not ready: 0
07-26 11:08:51.519   604  2080 E keystore2: keystore2::error: Rc(ResponseCode(7)), "In get_key_entry, while trying to load key info.5009, Some(\"com.samsung.android.scloud_SERVER_CERT\")"
07-26 11:08:51.536   604 10832 E keystore2: keystore2::error: Rc(ResponseCode(7)), "In get_key_entry, while trying to load key info.5009, Some(\"com.samsung.android.scloud_SERVER_CERT\")"
07-26 11:08:51.629 19917 19995 E [SC]SyncDependencyFactory: [E] dependency meta data not found: com.samsung.android.app.memo
07-26 11:08:51.632 19917 19995 E [SC]SyncDependencyFactory: [E] dependency meta data not found: com.samsung.android.snote
07-26 11:08:51.636 19917 19995 E [SC]SyncDependencyFactory: [E] dependency meta data not found: com.samsung.android.samsungpass
07-26 11:08:51.641 19917 19995 E [SC]SyncDependencyFactory: [E] dependency meta data not found: com.samsung.android.app.pinboard
07-26 11:08:51.644 19917 19995 E [SC]SyncDependencyFactory: [E] dependency meta data not found: com.sec.android.app.shealth
07-26 11:08:51.805 19917 20183 E [SC]SyncPolicyManager: [E] Scrapbook is not installed
07-26 11:08:51.805 19917 20183 E [SC]SyncProvision: [E] provisioning of Scrapbook failed due to 330
07-26 11:08:51.807 19917 20215 E [SC]SyncPolicyManager: [E] SNote is not installed
07-26 11:08:51.807 19917 20215 E [SC]SyncProvision: [E] provisioning of SNote failed due to 330
07-26 11:08:51.808 19917 20193 E [SC]SyncPolicyManager: [E] Memo is not installed
07-26 11:08:51.808 19917 20193 E [SC]SyncProvision: [E] provisioning of Memo failed due to 330
07-26 11:08:51.808 19917 20217 E [SC]SyncPolicyManager: [E] Samsung Pass is not installed
07-26 11:08:51.808 19917 20217 E [SC]SyncProvision: [E] provisioning of Samsung Pass failed due to 330
07-26 11:08:51.887 20238 20238 E id.app.sbrowser: Not starting debugger since process cannot load the jdwp agent.
07-26 11:08:51.888 20233 20233 E android.aremoji: Not starting debugger since process cannot load the jdwp agent.
07-26 11:08:51.925 20241 20241 E id.app.contacts: Not starting debugger since process cannot load the jdwp agent.
07-26 11:08:52.222  1406  1665 E WifiVendorHal: getWifiLinkLayerStats_1_5_Internal(l.1179) failed {.code = ERROR_NOT_SUPPORTED, .description = }
07-26 11:08:52.441 20308 20308 E d.stickercenter: Not starting debugger since process cannot load the jdwp agent.
07-26 11:08:52.555  1406  1665 E WifiVendorHal: getWifiLinkLayerStats_1_5_Internal(l.1179) failed {.code = ERROR_NOT_SUPPORTED, .description = }
07-26 11:08:52.750 20308 20321 E StickerCenter: DatabaseWrapperUtil There is no result of query. return empty Cursor
07-26 11:08:52.768 20308 20321 E StickerCenter: StickerRepository There is no result of query. return null
07-26 11:08:52.915 20308 20342 E EmojiCore: globalManager is null creating new one
07-26 11:08:53.075 20308 20342 E EmojiCore: Resource s loading failed
07-26 11:08:53.095 20308 20342 E EmojiCore: Resource s loading failed
07-26 11:08:55.036  7801  8613 E OpenGLRenderer: Device claims wide gamut support, cannot find matching config, error = EGL_SUCCESS
07-26 11:08:55.230  1406  1665 E WifiVendorHal: getWifiLinkLayerStats_1_5_Internal(l.1179) failed {.code = ERROR_NOT_SUPPORTED, .description = }
07-26 11:08:55.274 14932 15016 E Icing   : Failed to remove thing with error code :error uri not found
07-26 11:08:55.660  2937  2937 E pageboostd: Received HALT command code 2
07-26 11:08:55.838  2937 20423 E pageboostd: alp start : app comurbanic
07-26 11:08:55.843  1406  1815 E ActivityTaskManager: TouchDown intent received, starting ActiveLaunch
07-26 11:08:55.938  2937  2937 E pageboostd: Received HALT command code 2
07-26 11:08:55.939  2937 20423 E pageboostd: comurbanic, amt 17110524 scnt 5 fcnt 0
07-26 11:08:55.939  2937 20423 E pageboostd: alp end : app comurbanic data_amount 17110524
07-26 11:08:55.939  2937 20423 E pageboostd: alp halted comurbanic
07-26 11:08:56.180  2937  2937 E pageboostd: Received HALT command code 2
07-26 11:08:56.462 20425 20425 E MainStartup: current appChannel:
07-26 11:08:56.470 20425 20502 E MainStartup: current apkChannel: null
07-26 11:08:56.894  2937  2937 E pageboostd: Received HALT command code 2
07-26 11:08:56.906 20501 20623 E com.urbanic:nb: No package ID 6a found for ID 0x6a0b000f.
07-26 11:08:56.910 20425 20620 E com.urbanic: No package ID 6a found for ID 0x6a0b000f.
07-26 11:08:56.950 20501 20623 E SQLiteLog: (10) POSIX Error : 11 SQLite Error : 3850
07-26 11:08:56.950 20501 20623 E SQLiteLog: (10) LOCK : Getting pending lock for (1) failed due to (11). The current owner is (20425).
07-26 11:08:56.951 20501 20623 E SQLiteLog: (10) POSIX Error : 11 SQLite Error : 3850
07-26 11:08:56.951 20501 20623 E SQLiteLog: (10) LOCK : Getting pending lock for (1) failed due to (11). The current owner is (20425).
07-26 11:08:56.953 20501 20623 E SQLiteLog: (10) POSIX Error : 11 SQLite Error : 3850
07-26 11:08:56.953 20501 20623 E SQLiteLog: (10) LOCK : Getting pending lock for (1) failed due to (11). The current owner is (20425).
07-26 11:08:56.958 20501 20623 E SQLiteLog: (10) POSIX Error : 11 SQLite Error : 3850
07-26 11:08:56.958 20501 20623 E SQLiteLog: (10) LOCK : Getting pending lock for (1) failed due to (11). The current owner is (20425).
07-26 11:08:56.968 20501 20623 E SQLiteLog: (10) POSIX Error : 11 SQLite Error : 3850
07-26 11:08:56.968 20501 20623 E SQLiteLog: (10) LOCK : Getting pending lock for (1) failed due to (11). The current owner is (20425).
07-26 11:08:56.980   803   803 E audit   : type=1400 audit(1753508336.979:411406): avc:  denied  { write } for  pid=14932 comm="ThreadPoolForeg" name="traced_producer" dev="tmpfs" ino=17050 scontext=u:r:gmscore_app:s0:c512,c768 tcontext=u:object_r:traced_producer_socket:s0 tclass=sock_file permissive=0 SEPF_SM-A225F_12_0001 audit_filtered
07-26 11:08:56.980   803   803 E audit   : type=1300 audit(1753508336.979:411406): arch=c00000b7 syscall=203 success=no exit=-13 a0=10b a1=b400007b74a6a080 a2=1e a3=ffffffff9795ae73 items=0 ppid=825 pid=14932 auid=4294967295 uid=10211 gid=10211 euid=10211 suid=10211 fsuid=10211 egid=10211 sgid=10211 fsgid=10211 tty=(none) ses=4294967295 comm="ThreadPoolForeg" exe="/system/bin/app_process64" subj=u:r:gmscore_app:s0:c512,c768 key=(null)
07-26 11:08:56.980   803   803 E audit   : type=1327 audit(1753508336.979:411406): proctitle="com.google.android.gms"
07-26 11:08:56.983 20501 20623 E SQLiteLog: (10) POSIX Error : 11 SQLite Error : 3850
07-26 11:08:56.983 20501 20623 E SQLiteLog: (10) LOCK : Getting pending lock for (1) failed due to (11). The current owner is (20425).
07-26 11:08:56.997  1406  1815 E ActivityTaskManager: TouchDown intent received, starting ActiveLaunch
07-26 11:08:57.004 20501 20623 E SQLiteLog: (10) POSIX Error : 11 SQLite Error : 3850
07-26 11:08:57.004 20501 20623 E SQLiteLog: (10) LOCK : Getting pending lock for (1) failed due to (11). The current owner is (20425).
07-26 11:08:57.029 20501 20623 E SQLiteLog: (10) POSIX Error : 11 SQLite Error : 3850
07-26 11:08:57.029 20501 20623 E SQLiteLog: (10) LOCK : Getting pending lock for (1) failed due to (11). The current owner is (20425).
07-26 11:08:57.054 20501 20623 E SQLiteLog: (10) POSIX Error : 11 SQLite Error : 3850
07-26 11:08:57.054 20501 20623 E SQLiteLog: (10) LOCK : Getting pending lock for (1) failed due to (11). The current owner is (20425).
07-26 11:08:57.067  2937  2937 E pageboostd: Received HALT command code 2
07-26 11:08:57.070  1406  2332 E libprocessgroup: Failed to find cgroup for tid 2332
07-26 11:08:57.090  2937  2937 E pageboostd: Received HALT command code 2
07-26 11:08:57.121 20501 20623 E SQLiteLog: (10) POSIX Error : 11 SQLite Error : 3850
07-26 11:08:57.121 20501 20623 E SQLiteLog: (10) LOCK : Getting pending lock for (1) failed due to (11). The current owner is (20425).
07-26 11:08:57.122 20501 20623 E SQLiteLog: (10) POSIX Error : 11 SQLite Error : 3850
07-26 11:08:57.122 20501 20623 E SQLiteLog: (10) LOCK : Getting pending lock for (1) failed due to (11). The current owner is (20425).
07-26 11:08:57.124 20501 20623 E SQLiteLog: (10) POSIX Error : 11 SQLite Error : 3850
07-26 11:08:57.124 20501 20623 E SQLiteLog: (10) LOCK : Getting lock (4) failed due to (11). The current owner is (20425).
07-26 11:08:57.125 20425 20620 E SQLiteLog: (10) POSIX Error : 11 SQLite Error : 3850
07-26 11:08:57.125 20425 20620 E SQLiteLog: (10) LOCK : Getting pending lock for (1) failed due to (11). The current owner is (20501).
07-26 11:08:57.126 20425 20620 E SQLiteLog: (10) POSIX Error : 11 SQLite Error : 3850
07-26 11:08:57.127 20425 20620 E SQLiteLog: (10) LOCK : Getting pending lock for (1) failed due to (11). The current owner is (20501).
07-26 11:08:57.129 20425 20620 E SQLiteLog: (10) POSIX Error : 11 SQLite Error : 3850
07-26 11:08:57.129 20425 20620 E SQLiteLog: (10) LOCK : Getting pending lock for (1) failed due to (11). The current owner is (20501).
07-26 11:08:57.136 20501 20623 E SQLiteLog: (10) POSIX Error : 11 SQLite Error : 3850
07-26 11:08:57.136 20501 20623 E SQLiteLog: (10) LOCK : Getting pending lock for (1) failed due to (11). The current owner is (20425).
07-26 11:08:57.233   854   875 E mtkpower@impl: [setMode] unknown type
07-26 11:08:57.469  1406  2332 E libprocessgroup: Failed to find cgroup for tid 2332
07-26 11:08:57.491   854   875 E mtkpower@impl: [setMode] unknown type
07-26 11:08:57.565  1406  1419 E WindowManager: win=Window{bfc051f u0 com.sec.android.app.launcher/com.sec.android.app.launcher.activities.LauncherActivity} destroySurfaces: appStopped=true cleanupOnResume=false win.mWindowRemovalAllowed=false win.mRemoveOnExit=false win.mViewVisibility=8 caller=com.android.server.wm.ActivityRecord.destroySurfaces:6539 com.android.server.wm.ActivityRecord.destroySurfaces:6520 com.android.server.wm.ActivityRecord.notifyAppStopped:6584 com.android.server.wm.ActivityRecord.activityStopped:7172 com.android.server.wm.ActivityClientController.activityStopped:269 android.app.IActivityClientController$Stub.onTransact:613 com.android.server.wm.ActivityClientController.onTransact:147
07-26 11:08:57.663  1406  1429 E WindowManager: win=Window{5d33e3 u0 SnapshotStartingWindow for taskId=17499 EXITING} destroySurfaces: appStopped=false cleanupOnResume=false win.mWindowRemovalAllowed=true win.mRemoveOnExit=true win.mViewVisibility=0 caller=com.android.server.wm.WindowState.onExitAnimationDone:6000 com.android.server.wm.WindowStateAnimator.onAnimationFinished:225 com.android.server.wm.WindowState.onAnimationFinished:6225 com.android.server.wm.WindowContainer$$ExternalSyntheticLambda4.onAnimationFinished:2 com.android.server.wm.SurfaceAnimator.lambda$getFinishedCallback$0:140 com.android.server.wm.SurfaceAnimator.$r8$lambda$lRxTVOJy8fX752UbrFno9INW9hE:0 com.android.server.wm.SurfaceAnimator$$ExternalSyntheticLambda1.run:8
07-26 11:08:58.027 14932 14932 E chromium: [ERROR:android_webview/browser/aw_browser_terminator.cc:165] Renderer process (19076) crash detected (code -1).
07-26 11:08:58.235  1406  1665 E WifiVendorHal: getWifiLinkLayerStats_1_5_Internal(l.1179) failed {.code = ERROR_NOT_SUPPORTED, .description = }
07-26 11:08:59.533  2937  2937 E pageboostd: Received HALT command code 2
07-26 11:08:59.658  8841  8841 E com.whatsapp: Invalid ID 0x00000000.
07-26 11:08:59.658  8841  8841 E com.whatsapp: Invalid ID 0x00000000.
07-26 11:08:59.659  8841  8841 E com.whatsapp: Invalid ID 0x00000000.
07-26 11:08:59.660  8841  8841 E com.whatsapp: Invalid ID 0x00000000.
07-26 11:08:59.661  8841  8841 E com.whatsapp: Invalid ID 0x00000000.
07-26 11:08:59.663  8841  8841 E com.whatsapp: Invalid ID 0x00000000.
07-26 11:08:59.663  8841  8841 E com.whatsapp: Invalid ID 0x00000000.
07-26 11:08:59.663  8841  8841 E com.whatsapp: Invalid ID 0x00000000.
07-26 11:08:59.664  8841  8841 E com.whatsapp: Invalid ID 0x00000000.
07-26 11:08:59.664  8841  8841 E com.whatsapp: Invalid ID 0x00000000.
07-26 11:08:59.664  8841  8841 E com.whatsapp: Invalid ID 0x00000000.
07-26 11:08:59.664  8841  8841 E com.whatsapp: Invalid ID 0x00000000.
07-26 11:08:59.666  8841  8841 E com.whatsapp: Invalid ID 0x00000000.
07-26 11:08:59.666  8841  8841 E com.whatsapp: Invalid ID 0x00000000.
07-26 11:08:59.667  8841  8841 E com.whatsapp: Invalid ID 0x00000000.
07-26 11:08:59.667  8841  8841 E com.whatsapp: Invalid ID 0x00000000.
07-26 11:08:59.971  2937  2937 E pageboostd: Received HALT command code 2
07-26 11:09:00.031   854   875 E mtkpower@impl: [setMode] unknown type
07-26 11:09:00.374   854   875 E mtkpower@impl: [setMode] unknown type
07-26 11:09:00.473  1406  1419 E WindowManager: win=Window{c211ddc u0 com.whatsapp/com.whatsapp.home.ui.HomeActivity} destroySurfaces: appStopped=true cleanupOnResume=false win.mWindowRemovalAllowed=false win.mRemoveOnExit=false win.mViewVisibility=8 caller=com.android.server.wm.ActivityRecord.destroySurfaces:6539 com.android.server.wm.ActivityRecord.destroySurfaces:6520 com.android.server.wm.ActivityRecord.notifyAppStopped:6584 com.android.server.wm.ActivityRecord.activityStopped:7172 com.android.server.wm.ActivityClientController.activityStopped:269 android.app.IActivityClientController$Stub.onTransact:613 com.android.server.wm.ActivityClientController.onTransact:147
07-26 11:09:00.569  1406  2332 E libprocessgroup: Failed to find cgroup for tid 2332
07-26 11:09:00.637  1839  3789 E OpenGLRenderer: Device claims wide gamut support, cannot find matching config, error = EGL_SUCCESS
07-26 11:09:00.956 20711 20711 E MainStartup: current appChannel:
07-26 11:09:00.957 20711 20789 E MainStartup: current apkChannel: null
07-26 11:09:00.985 20711 20787 E com.urbanic: No package ID 6a found for ID 0x6a0b000f.
07-26 11:09:01.240  1406  1665 E WifiVendorHal: getWifiLinkLayerStats_1_5_Internal(l.1179) failed {.code = ERROR_NOT_SUPPORTED, .description = }
07-26 11:09:03.344 20861 20861 E inkedin.android: Not starting debugger since process cannot load the jdwp agent.
07-26 11:09:04.052 20861 20861 E FlagshipApplication: [main] FlagshipApplication#onCreate() called for process id 20861
07-26 11:09:04.246  1406  1665 E WifiVendorHal: getWifiLinkLayerStats_1_5_Internal(l.1179) failed {.code = ERROR_NOT_SUPPORTED, .description = }
07-26 11:09:04.732 17180 19756 E TurboClient: Initialization error: java.net.UnknownHostException: global-max.v2.samsungmax.com trace:
07-26 11:09:04.733 17180 19756 E TurboClient: Unable to recover
07-26 11:09:04.734 17180 18177 E TurboClient: IOException in makeRequest: java.net.UnknownHostException: global-max.v2.samsungmax.com cause: null
07-26 11:09:04.754 17180 20940 E TurboClient: Initialization error: java.net.UnknownHostException: global-max.v2.samsungmax.com trace:
07-26 11:09:04.754 17180 20940 E TurboClient: Unable to recover
07-26 11:09:04.754 17180 20938 E TurboClient: IOException in makeRequest: java.net.UnknownHostException: global-max.v2.samsungmax.com cause: null
07-26 11:09:04.770 17180 20943 E TurboClient: Initialization error: java.net.UnknownHostException: global-max.v2.samsungmax.com trace:
07-26 11:09:04.770 17180 20943 E TurboClient: Unable to recover
07-26 11:09:04.770 17180 20938 E TurboClient: IOException in makeRequest: java.net.UnknownHostException: global-max.v2.samsungmax.com cause: null
07-26 11:09:05.047 18975 19296 E chromium: [0726/110905.045487:ERROR:net/socket/ssl_client_socket_impl.cc:896] handshake failed; returned -1, SSL error code 1, net_error -100
07-26 11:09:05.991   803   803 E audit   : type=1400 audit(1753508345.987:411407): avc:  denied  { write } for  pid=14932 comm="ThreadPoolForeg" name="traced_producer" dev="tmpfs" ino=17050 scontext=u:r:gmscore_app:s0:c512,c768 tcontext=u:object_r:traced_producer_socket:s0 tclass=sock_file permissive=0 SEPF_SM-A225F_12_0001 audit_filtered
07-26 11:09:05.991   803   803 E audit   : type=1300 audit(1753508345.987:411407): arch=c00000b7 syscall=203 success=no exit=-13 a0=c0 a1=b400007b67799e20 a2=1e a3=ffffffff9795ae73 items=0 ppid=825 pid=14932 auid=4294967295 uid=10211 gid=10211 euid=10211 suid=10211fsuid=10211 egid=10211 sgid=10211 fsgid=10211 tty=(none) ses=4294967295 comm="ThreadPoolForeg" exe="/system/bin/app_process64" subj=u:r:gmscore_app:s0:c512,c768 key=(null)
07-26 11:09:05.991   803   803 E audit   : type=1327 audit(1753508345.987:411407): proctitle="com.google.android.gms"
07-26 11:09:07.251  1406  1665 E WifiVendorHal: getWifiLinkLayerStats_1_5_Internal(l.1179) failed {.code = ERROR_NOT_SUPPORTED, .description = }
07-26 11:09:09.383   838   838 E android.hardware.health@2.1-service-samsung: Could not open /sys/class/power_supply/battery/lrp
07-26 11:09:10.256  1406  1665 E WifiVendorHal: getWifiLinkLayerStats_1_5_Internal(l.1179) failed {.code = ERROR_NOT_SUPPORTED, .description = }
07-26 11:09:10.845 18975 19296 E chromium: [0726/110910.845228:ERROR:net/socket/ssl_client_socket_impl.cc:896] handshake failed; returned -1, SSL error code 1, net_error -100
07-26 11:09:10.931 18975 19296 E chromium: [0726/110910.931342:ERROR:net/socket/ssl_client_socket_impl.cc:896] handshake failed; returned -1, SSL error code 1, net_error -100
07-26 11:09:11.313   803   803 E audit   : type=1400 audit(1753508351.307:411408): avc:  denied  { write } for  pid=10472 comm="ThreadPoolForeg" name="traced_producer" dev="tmpfs" ino=17050 scontext=u:r:gmscore_app:s0:c512,c768 tcontext=u:object_r:traced_producer_socket:s0 tclass=sock_file permissive=0 SEPF_SM-A225F_12_0001 audit_filtered
07-26 11:09:11.313   803   803 E audit   : type=1300 audit(1753508351.307:411408): arch=c00000b7 syscall=203 success=no exit=-13 a0=ee a1=b400007b52464a80 a2=1e a3=ffffffff9795ae73 items=0 ppid=825 pid=10472 auid=4294967295 uid=10211 gid=10211 euid=10211 suid=10211fsuid=10211 egid=10211 sgid=10211 fsgid=10211 tty=(none) ses=4294967295 comm="ThreadPoolForeg" exe="/system/bin/app_process64" subj=u:r:gmscore_app:s0:c512,c768 key=(null)
07-26 11:09:11.313   803   803 E audit   : type=1327 audit(1753508351.307:411408): proctitle="com.google.android.gms.persistent"
07-26 11:09:11.848  1406  1431 E Watchdog: !@Sync: 56971 heap: 160 / 179 FD: 1231 [2025-07-26 11:09:11.848]
07-26 11:09:12.562  1839  3789 E OpenGLRenderer: Device claims wide gamut support, cannot find matching config, error = EGL_SUCCESS
07-26 11:09:12.857  1406  4937 E WindowManager: win=Window{51f073 u0 EdgeBackGestureHandler0} destroySurfaces: appStopped=true cleanupOnResume=false win.mWindowRemovalAllowed=false win.mRemoveOnExit=false win.mViewVisibility=8 caller=com.android.server.wm.WindowManagerService.tryStartExitingAnimation:3016 com.android.server.wm.WindowManagerService.relayoutWindow:2727 com.android.server.wm.Session.relayout:274 android.view.IWindowSession$Stub.onTransact:779 com.android.server.wm.Session.onTransact:188 android.os.Binder.execTransactInternal:1321 android.os.Binder.execTransact:1280
07-26 11:09:13.260  1406  1665 E WifiVendorHal: getWifiLinkLayerStats_1_5_Internal(l.1179) failed {.code = ERROR_NOT_SUPPORTED, .description = }
07-26 11:09:13.354  1406  4937 E WindowManager: win=Window{48b9c38 u0 InputMethod} destroySurfaces: appStopped=true cleanupOnResume=false win.mWindowRemovalAllowed=false win.mRemoveOnExit=false win.mViewVisibility=8 caller=com.android.server.wm.WindowManagerService.tryStartExitingAnimation:3016 com.android.server.wm.WindowManagerService.relayoutWindow:2727 com.android.server.wm.Session.relayout:274 android.view.IWindowSession$Stub.onTransact:779 com.android.server.wm.Session.onTransact:188 android.os.Binder.execTransactInternal:1316 android.os.Binder.execTransact:1280
07-26 11:09:13.631  1406  4937 E WindowManager: win=Window{51f073 u0 EdgeBackGestureHandler0} destroySurfaces: appStopped=true cleanupOnResume=false win.mWindowRemovalAllowed=false win.mRemoveOnExit=false win.mViewVisibility=8 caller=com.android.server.wm.WindowManagerService.tryStartExitingAnimation:3016 com.android.server.wm.WindowManagerService.relayoutWindow:2727 com.android.server.wm.Session.relayout:274 android.view.IWindowSession$Stub.onTransact:779 com.android.server.wm.Session.onTransact:188 android.os.Binder.execTransactInternal:1321 android.os.Binder.execTransact:1280
07-26 11:09:13.702   854   875 E mtkpower@impl: [setMode] unknown type
07-26 11:09:13.965   854   875 E mtkpower@impl: [setMode] unknown type
07-26 11:09:14.124  1406  1451 E AppOps  : evalMode() Foreground mode : uid - 10168, op - 27, capability - 0
07-26 11:09:14.347  1406  2005 E AppOps  : attributionTag SLocationService not declared in manifest of android
07-26 11:09:14.368  2851  2933 E RequestManager_FLP: [LocationManager] Location request 51D2CDAA(Listener) network interval=0ms (min=0ms) from system(slocation) (1000_FINE_unknown_false_foreground)
07-26 11:09:15.853  1406  1665 E WifiVendorHal: getWifiLinkLayerStats_1_5_Internal(l.1179) failed {.code = ERROR_NOT_SUPPORTED, .description = }
07-26 11:09:15.973  1406  4937 E AppOps  : attributionTag SLocationService not declared in manifest of android
07-26 11:09:15.979  1406  4937 E AppOps  : attributionTag SLocationService not declared in manifest of android
07-26 11:09:15.993  1406  2005 E AppOps  : attributionTag SLocationService not declared in manifest of android
07-26 11:09:15.994  2851  2933 E RequestManager_FLP: [LocationManager] Location remove 51D2CDAA from system
07-26 11:09:16.003   803   803 E audit   : type=1400 audit(1753508355.999:411417): avc:  denied  { write } for  pid=14932 comm="ThreadPoolForeg" name="traced_producer" dev="tmpfs" ino=17050 scontext=u:r:gmscore_app:s0:c512,c768 tcontext=u:object_r:traced_producer_socket:s0 tclass=sock_file permissive=0 SEPF_SM-A225F_12_0001 audit_filtered
07-26 11:09:16.003   803   803 E audit   : type=1300 audit(1753508355.999:411417): arch=c00000b7 syscall=203 success=no exit=-13 a0=c0 a1=b400007b58ccc980 a2=1e a3=ffffffff9795ae73 items=0 ppid=825 pid=14932 auid=4294967295 uid=10211 gid=10211 euid=10211 suid=10211fsuid=10211 egid=10211 sgid=10211 fsgid=10211 tty=(none) ses=4294967295 comm="ThreadPoolForeg" exe="/system/bin/app_process64" subj=u:r:gmscore_app:s0:c512,c768 key=(null)
07-26 11:09:16.003   803   803 E audit   : type=1327 audit(1753508355.999:411417): proctitle="com.google.android.gms"
07-26 11:09:16.026  1406  2459 E AppOps  : attributionTag SLocationService not declared in manifest of android
07-26 11:09:16.264  1406  1665 E WifiVendorHal: getWifiLinkLayerStats_1_5_Internal(l.1179) failed {.code = ERROR_NOT_SUPPORTED, .description = }
07-26 11:09:16.618 21050 21050 E ung.android.uds: Not starting debugger since process cannot load the jdwp agent.
07-26 11:09:16.619 21052 21052 E .sec.unifiedwfc: Not starting debugger since process cannot load the jdwp agent.
07-26 11:09:16.682   803   803 E audit   : type=1400 audit(1753508356.679:411418): avc:  denied  { write } for  pid=21050 comm="ung.android.uds" name="com.samsung.android.uds-dpY07HO3fr3msYu0zAvlNw==" dev="dm-46" ino=2153536 scontext=u:r:system_app:s0 tcontext=u:object_r:apk_data_file:s0 tclass=dir permissive=0 SEPF_SM-A225F_12_0001 audit_filtered
07-26 11:09:17.002 21052 21052 E [UNWFC]-- WfcAutoUpdate: imsupdate.json not found.
07-26 11:09:17.004 21052 21052 E [UNWFC]-- WfcAutoUpdate: imsupdate.json not found.
07-26 11:09:17.010 21052 21052 E [UNWFC]-- WfcAutoUpdate: imsupdate.json not found.
07-26 11:09:17.012 21052 21052 E [UNWFC]-- WfcAutoUpdate: imsupdate.json not found.
07-26 11:09:17.041 21052 21052 E CustomizedTextParser: getCustomizedText Rule is empty. mRuleMap={}
07-26 11:09:17.818   866   866 E SecVibrator-HAL-AIDL-CORE: V_2_0: Vibrator on for timeoutMs: 45
07-26 11:09:17.818   866   866 E SecVibrator-HAL-AIDL-CORE: HW_API: do_on for timeoutMs: 45
07-26 11:09:17.819   866   866 E SecVibrator-HAL-AIDL-CORE: HW_API: >> writeNode node:/timed_output/vibrator/enable val:45
07-26 11:09:17.819   866   866 E SecVibrator-HAL-AIDL-CORE: HW_API: << writeNode node OK : 3
07-26 11:09:17.838  2937  2937 E pageboostd: Received HALT command code 2
07-26 11:09:17.843  1406  2332 E libprocessgroup: Failed to find cgroup for tid 2332
07-26 11:09:17.849  2937  2937 E pageboostd: Received HALT command code 2
07-26 11:09:17.866   866   866 E SecVibrator-HAL-AIDL-CORE: V_2_0: Vibrator off
07-26 11:09:17.866   866   866 E SecVibrator-HAL-AIDL-CORE: HW_API: do_off
07-26 11:09:17.866   866   866 E SecVibrator-HAL-AIDL-CORE: HW_API: >> writeNode node:/timed_output/vibrator/enable val:0
07-26 11:09:17.866   866   866 E SecVibrator-HAL-AIDL-CORE: HW_API: << writeNode node OK : 2
07-26 11:09:17.877  5332  5362 E OpenGLRenderer: Device claims wide gamut support, cannot find matching config, error = EGL_SUCCESS
07-26 11:09:18.058   854   875 E mtkpower@impl: [setMode] unknown type
07-26 11:09:18.282  5332  5332 E WifiSettings.VI: dbString: null
07-26 11:09:18.282  5332  5332 E WifiSettings.VI: hintType: null hintList: null
07-26 11:09:18.300 21052 21052 E [UNWFC]-- WFCQS - : Unable to unregister receiver. Receiver was not registered or already unregistered.
07-26 11:09:18.368  1406  2910 E SemWifiApSmartBleScanner: mGuidScanFilterBluetoothLeScanFilter [mDeviceName=null, mDeviceAddress=null, mUuid=null, mUuidMask=null, mServiceSolicitationUuid=null, mServiceSolicitationUuidMask=null, mServiceDataUuid=null, mServiceData=null, mServiceDataMask=null, mManufacturerId=117, mManufacturerData=[1, 18, -112, 42, 0, -42, 0, 0, 0, 0, 4, 0, 0, 0, 0, 0, 0, 0, 0,0, 0, 0, 0, 0], mManufacturerDataMask=[0, -1, -1, -1, -1, -1, 0, 0, 0, 0, 0, 0, 0, 0, 0, 0, 0, 0, 0, 0, 0, 0, 0, 0], mAdvertisingDataType=-1, mAdvertisingData=null, mAdvertisingDataMask=null]
07-26 11:09:18.399  5718  5791 E BtGatt.GattService: [GSIM LOG]: gsimLogHandler, msg: MESSAGE_ADV_SET_START, appName: android, id: 0, isLegacy: true
07-26 11:09:18.406  5718  5791 E BtGatt.GattService: [GSIM LOG]: gsimLogHandler, msg: MESSAGE_SCAN_START, appName: android.uid.system, scannerId: 9, reportDelayMillis=0
07-26 11:09:18.421  1406  4176 E WifiService: Attempt to retrieve passpoint with invalid scanResult List
07-26 11:09:18.473   854   875 E mtkpower@impl: [setMode] unknown type
07-26 11:09:18.586  1406  1665 E WifiVendorHal: getWifiLinkLayerStats_1_5_Internal(l.1179) failed {.code = ERROR_NOT_SUPPORTED, .description = }
07-26 11:09:18.633  5718 31201 E BtGatt.ContextMap: remove() - removed: 1
07-26 11:09:18.652  5718  5791 E BtGatt.GattService: [GSIM LOG]: gsimLogHandler, msg: MESSAGE_SCAN_STOP, appName: com.samsung.android.mcfserver, scannerId: 1, reportDelayMillis=0
07-26 11:09:18.676  1406  2332 E libprocessgroup: Failed to find cgroup for tid 2332
07-26 11:09:18.727  2937  2937 E pageboostd: Received HALT command code 2
07-26 11:09:18.744  5718  5791 E BtGatt.GattService: [GSIM LOG]: gsimLogHandler, msg: MESSAGE_SCAN_START, appName: com.samsung.android.mcfserver, scannerId: 1, reportDelayMillis=0
07-26 11:09:18.756  1406  1654 E WindowManager: win=Window{c211ddc u0 com.whatsapp/com.whatsapp.home.ui.HomeActivity} destroySurfaces: appStopped=true cleanupOnResume=false win.mWindowRemovalAllowed=false win.mRemoveOnExit=false win.mViewVisibility=8 caller=com.android.server.wm.ActivityRecord.destroySurfaces:6539 com.android.server.wm.ActivityRecord.destroySurfaces:6520 com.android.server.wm.ActivityRecord.notifyAppStopped:6584 com.android.server.wm.ActivityRecord.activityStopped:7172 com.android.server.wm.ActivityClientController.activityStopped:269 android.app.IActivityClientController$Stub.onTransact:613 com.android.server.wm.ActivityClientController.onTransact:147
07-26 11:09:18.758  5718  5791 E BtGatt.GattService: [GSIM LOG]: gsimLogHandler, msg: MESSAGE_ADV_SET_START, appName: com.samsung.android.mcfserver, id: 3, isLegacy: true
07-26 11:09:18.760  5332  5332 E WifiBadgeUtils: System User
07-26 11:09:18.973  1406  4288 E WindowManager: win=Window{e6ff647 u0 NotificationShade} destroySurfaces: appStopped=true cleanupOnResume=false win.mWindowRemovalAllowed=false win.mRemoveOnExit=false win.mViewVisibility=4 caller=com.android.server.wm.WindowManagerService.tryStartExitingAnimation:3016 com.android.server.wm.WindowManagerService.relayoutWindow:2727 com.android.server.wm.Session.relayout:274 android.view.IWindowSession$Stub.onTransact:779 com.android.server.wm.Session.onTransact:188 android.os.Binder.execTransactInternal:1321 android.os.Binder.execTransact:1280
07-26 11:09:19.269  1406  1665 E WifiVendorHal: getWifiLinkLayerStats_1_5_Internal(l.1179) failed {.code = ERROR_NOT_SUPPORTED, .description = }
07-26 11:09:20.359  2210  2479 E RegiObsMgr: onChange: content://settings/global/wifi_on => match [-1]
07-26 11:09:20.382  5718  5791 E BtGatt.GattService: [GSIM LOG]: gsimLogHandler, msg: MESSAGE_ADV_SET_STOP, appName: android, id: 0,isLegacy: true
07-26 11:09:20.391  5718 31201 E BtGatt.ContextMap: remove() - removed: 9
