07-26 11:25:10.182  5718  5791 E BtGatt.GattService: [GSIM LOG]: gsimLogHandler, msg: MESSAGE_SCAN_STOP, appName: android.uid.mdxkit, scannerId: 2, reportDelayMillis=0
07-26 11:25:10.209 21878 21966 E oid.dynamiclock: Failed to open APK '/data/resource-cache/android-SemWT_G_MonetPalette-X9pZ.frro': Invalid file
07-26 11:25:10.266   838   838 E android.hardware.health@2.1-service-samsung: Could not open /sys/class/power_supply/battery/lrp
07-26 11:25:10.288  5718  5791 E BtGatt.GattService: [GSIM LOG]: gsimLogHandler, msg: MESSAGE_SCAN_START, appName: android.uid.mdxkit, scannerId: 2, reportDelayMillis=0
07-26 11:25:10.376  1839  1839 E MODManager: hideSubUIChargingInfo skip because mAODChargingInfoSubUiPresenter is null
07-26 11:25:10.446  1406  1665 E WifiVendorHal: getWifiLinkLayerStats_1_5_Internal(l.1179) failed {.code = ERROR_NOT_SUPPORTED, .description = }
07-26 11:25:10.461  1406  1665 E WifiVendorHal: getWifiLinkLayerStats_1_5_Internal(l.1179) failed {.code = ERROR_NOT_SUPPORTED, .description = }
07-26 11:25:10.472  5718  5791 E BtGatt.GattService: [GSIM LOG]: gsimLogHandler, msg: MESSAGE_SCAN_START, appName: com.samsung.android.mcfserver, scannerId: 8, reportDelayMillis=0
07-26 11:25:10.515 23361 23361 E libc    : SetHeapTaggingLevel: re-enabling tagging after it was disabled is not supported
07-26 11:25:10.534  5718 23501 E BtGatt.ContextMap: remove() - removed: 1
07-26 11:25:10.538  5718  5791 E BtGatt.GattService: [GSIM LOG]: gsimLogHandler, msg: MESSAGE_SCAN_STOP, appName: com.samsung.android.mcfserver, scannerId: 1, reportDelayMillis=0
07-26 11:25:10.538 23361 23361 E ocessService0:0: Not starting debugger since process cannot load the jdwp agent.
07-26 11:25:10.607  1406  2063 E AppOps  : evalMode() Foreground mode : uid - 10252, op - 1, capability - 0
07-26 11:25:10.645  5718  5791 E BtGatt.GattService: [GSIM LOG]: gsimLogHandler, msg: MESSAGE_SCAN_START, appName: com.samsung.android.mcfserver, scannerId: 1, reportDelayMillis=0
07-26 11:25:11.729   803   803 E audit   : type=1400 audit(1753509311.727:411550): avc:  denied  { write } for  pid=10472 comm="ThreadPoolForeg" name="traced_producer" dev="tmpfs" ino=17050 scontext=u:r:gmscore_app:s0:c512,c768 tcontext=u:object_r:traced_producer_socket:s0 tclass=sock_file permissive=0 SEPF_SM-A225F_12_0001 audit_filtered
07-26 11:25:11.729   803   803 E audit   : type=1300 audit(1753509311.727:411550): arch=c00000b7 syscall=203 success=no exit=-13 a0=9d a1=b400007b4e55b800 a2=1e a3=ffffffff9795ae73 items=0 ppid=825 pid=10472 auid=4294967295 uid=10211 gid=10211 euid=10211 suid=10211fsuid=10211 egid=10211 sgid=10211 fsgid=10211 tty=(none) ses=4294967295 comm="ThreadPoolForeg" exe="/system/bin/app_process64" subj=u:r:gmscore_app:s0:c512,c768 key=(null)
07-26 11:25:11.729   803   803 E audit   : type=1327 audit(1753509311.727:411550): proctitle="com.google.android.gms.persistent"
07-26 11:25:11.755 15343 13778 E adservices: Package com.samsung.android.dynamiclock is not allowed to call the API.
07-26 11:25:11.805 23417 23417 E webview_service: Not starting debugger since process cannot load the jdwp agent.
07-26 11:25:11.952  5718  5791 E BtGatt.GattService: [GSIM LOG]: gsimLogHandler, msg: MESSAGE_ADV_SET_STOP, appName: com.google.android.gms, id: 0, isLegacy: true
07-26 11:25:12.425  1406  1431 E Watchdog: !@Sync: 57003 heap: 176 / 179 FD: 1243 [2025-07-26 11:25:12.424]
07-26 11:25:13.489  1406  1665 E WifiVendorHal: getWifiLinkLayerStats_1_5_Internal(l.1179) failed {.code = ERROR_NOT_SUPPORTED, .description = }
07-26 11:25:13.563  1406  4172 E AppOps  : evalMode() Foreground mode : uid - 10252, op - 1, capability - 0
07-26 11:25:14.568   803   803 E audit   : type=1400 audit(1753509314.563:411551): avc:  denied  { search } for  pid=8841 comm=4D65646961446F776E6C6F61642023 name="ppm" dev="proc" ino=4026531935 scontext=u:r:untrusted_app:s0:c50,c257,c512,c768 tcontext=u:object_r:proc_ppm:s0 tclass=dir permissive=0 SEPF_SM-A225F_12_0001 audit_filtered
07-26 11:25:14.568   803   803 E audit   : type=1300 audit(1753509314.563:411551): arch=c00000b7 syscall=56 success=no exit=-13 a0=ffffff9c a1=7bf50678ad a2=0 a3=0 items=0 ppid=825 pid=8841 auid=4294967295 uid=10306 gid=10306 euid=10306 suid=10306 fsuid=10306 egid=10306 sgid=10306 fsgid=10306 tty=(none) ses=4294967295 comm=4D65646961446F776E6C6F61642023 exe="/system/bin/app_process64" subj=u:r:untrusted_app:s0:c50,c257,c512,c768 key=(null)
07-26 11:25:14.568   803   803 E audit   : type=1327 audit(1753509314.563:411551): proctitle="com.whatsapp"
07-26 11:25:14.570   803   803 E audit   : type=1400 audit(1753509314.567:411552): avc:  denied  { search } for  pid=8841 comm=4D65646961446F776E6C6F61642023 name="ppm" dev="proc" ino=4026531935 scontext=u:r:untrusted_app:s0:c50,c257,c512,c768 tcontext=u:object_r:proc_ppm:s0 tclass=dir permissive=0 SEPF_SM-A225F_12_0001 audit_filtered
07-26 11:25:15.273  1839  3789 E OpenGLRenderer: Device claims wide gamut support, cannot find matching config, error = EGL_SUCCESS
07-26 11:25:15.596  5718  5791 E BtGatt.GattService: [GSIM LOG]: gsimLogHandler, msg: MESSAGE_SCAN_STOP, appName: com.google.uid.shared, scannerId: 3, reportDelayMillis=0
07-26 11:25:15.596  5718 23501 E BtGatt.ContextMap: remove() - removed: 3
07-26 11:25:15.612  5718  5789 E LeLogInfo: invalid scanMode
07-26 11:25:15.614  5718  5791 E BtGatt.GattService: [GSIM LOG]: gsimLogHandler, msg: MESSAGE_SCAN_START, appName: com.google.uid.shared, scannerId: 3, reportDelayMillis=0
07-26 11:25:15.633   975 31924 E SEC_DRM_PLUGIN_Omafl: OmaPlugin::onOpenDecryptSession(fd)::Drm2IsDrmFileByExtFd::file is NOT DRM byextension
07-26 11:25:15.699   866   866 E SecVibrator-HAL-AIDL-CORE: V_2_0: Vibrator on for timeoutMs: 100
07-26 11:25:15.699   866   866 E SecVibrator-HAL-AIDL-CORE: HW_API: do_on for timeoutMs: 100
07-26 11:25:15.700   866   866 E SecVibrator-HAL-AIDL-CORE: HW_API: >> writeNode node:/timed_output/vibrator/enable val:100
07-26 11:25:15.701   866   866 E SecVibrator-HAL-AIDL-CORE: HW_API: << writeNode node OK : 4
07-26 11:25:15.710 21732 21779 E OpenGLRenderer: Device claims wide gamut support, cannot find matching config, error = EGL_SUCCESS
07-26 11:25:15.805   866   866 E SecVibrator-HAL-AIDL-CORE: V_2_0: Vibrator off
07-26 11:25:15.805   866   866 E SecVibrator-HAL-AIDL-CORE: HW_API: do_off
07-26 11:25:15.805   866   866 E SecVibrator-HAL-AIDL-CORE: HW_API: >> writeNode node:/timed_output/vibrator/enable val:0
07-26 11:25:15.805   866   866 E SecVibrator-HAL-AIDL-CORE: HW_API: << writeNode node OK : 2
07-26 11:25:16.547  1406  1665 E WifiVendorHal: getWifiLinkLayerStats_1_5_Internal(l.1179) failed {.code = ERROR_NOT_SUPPORTED, .description = }
07-26 11:25:16.670  1406  2063 E AppOps  : evalMode() Foreground mode : uid - 10252, op - 1, capability - 0
07-26 11:25:16.826   803   803 E audit   : type=1400 audit(1753509316.823:411553): avc:  denied  { write } for  pid=14932 comm="ThreadPoolForeg" name="traced_producer" dev="tmpfs" ino=17050 scontext=u:r:gmscore_app:s0:c512,c768 tcontext=u:object_r:traced_producer_socket:s0 tclass=sock_file permissive=0 SEPF_SM-A225F_12_0001 audit_filtered
07-26 11:25:16.826   803   803 E audit   : type=1300 audit(1753509316.823:411553): arch=c00000b7 syscall=203 success=no exit=-13 a0=11e a1=b400007b58ccc960 a2=1e a3=ffffffff9795ae73 items=0 ppid=825 pid=14932 auid=4294967295 uid=10211 gid=10211 euid=10211 suid=10211 fsuid=10211 egid=10211 sgid=10211 fsgid=10211 tty=(none) ses=4294967295 comm="ThreadPoolForeg" exe="/system/bin/app_process64" subj=u:r:gmscore_app:s0:c512,c768 key=(null)
07-26 11:25:16.826   803   803 E audit   : type=1327 audit(1753509316.823:411553): proctitle="com.google.android.gms"
07-26 11:25:19.328  1406  1451 E AppOps  : evalMode() Foreground mode : uid - 10252, op - 27, capability - 8
07-26 11:25:19.328  1406  1451 E AppOps  : evalMode() Foreground mode : uid - 10252, op - 26, capability - 8
07-26 11:25:19.328  1406  1451 E AppOps  : evalMode() Foreground mode : uid - 10252, op - 1, capability - 8
07-26 11:25:19.566  1406  1665 E WifiVendorHal: getWifiLinkLayerStats_1_5_Internal(l.1179) failed {.code = ERROR_NOT_SUPPORTED, .description = }
07-26 11:25:19.898  1406  1810 E AppOps  : evalMode() Foreground mode : uid - 10252, op - 1, capability - 8
07-26 11:25:19.966  1406  4259 E AppOps  : evalMode() Foreground mode : uid - 10252, op - 1, capability - 8
07-26 11:25:19.971  1406  4259 E AppOps  : evalMode() Foreground mode : uid - 10252, op - 1, capability - 8
07-26 11:25:19.975  1406  4259 E AppOps  : evalMode() Foreground mode : uid - 10252, op - 1, capability - 8
07-26 11:25:21.180   975 31924 E SEC_DRM_PLUGIN_Omafl: OmaPlugin::onOpenDecryptSession(fd)::Drm2IsDrmFileByExtFd::file is NOT DRM byextension
07-26 11:25:21.640   866   866 E SecVibrator-HAL-AIDL-CORE: V_2_0: Vibrator on for timeoutMs: 100
07-26 11:25:21.640   866   866 E SecVibrator-HAL-AIDL-CORE: HW_API: do_on for timeoutMs: 100
07-26 11:25:21.641   866   866 E SecVibrator-HAL-AIDL-CORE: HW_API: >> writeNode node:/timed_output/vibrator/enable val:100
07-26 11:25:21.641   866   866 E SecVibrator-HAL-AIDL-CORE: HW_API: << writeNode node OK : 4
07-26 11:25:21.743   866   866 E SecVibrator-HAL-AIDL-CORE: V_2_0: Vibrator off
07-26 11:25:21.743   866   866 E SecVibrator-HAL-AIDL-CORE: HW_API: do_off
07-26 11:25:21.743   866   866 E SecVibrator-HAL-AIDL-CORE: HW_API: >> writeNode node:/timed_output/vibrator/enable val:0
07-26 11:25:21.744   866   866 E SecVibrator-HAL-AIDL-CORE: HW_API: << writeNode node OK : 2
07-26 11:25:22.581  1406  1665 E WifiVendorHal: getWifiLinkLayerStats_1_5_Internal(l.1179) failed {.code = ERROR_NOT_SUPPORTED, .description = }
07-26 11:25:22.646  1406  1810 E AppOps  : evalMode() Foreground mode : uid - 10252, op - 1, capability - 8
07-26 11:25:24.907  1406  1758 E SemIWCMonitor: poor link count is 1
07-26 11:25:24.907  1406  1758 E SemIWCMonitor: [POOR_LINK_DETECTED] 0 -> 1
07-26 11:25:24.910  1406  1758 E SemIWCMonitor.File: Poor Link, timestamp =: 1753509324907  RSSI:-74  AP:##:##:##:##:c9:5b
07-26 11:25:24.918  1406  1758 E SemIWCMonitor.File: List of Known APs: Cand: [ <d5:ad;4;3808087125>  <c9:5a;42;1601577354>  <c9:5b;13;1521975027>  <d5:ac;14;3947697558>  <11:8f;8;2077855585>  <74:ae;4;4895165084>  <74:89;6;3966139501>  <e9:10;2;1377529566>  <11:8f;9;2072565099> ], Core: [ <f0:ac;1658401148373>  <54:d6;1711353636145>  <ec:f0;1671280775474>  <99:09;1702021281535>  <99:08;1702019499732>  <9e:46;1711386462096>  <a9:a5;1709031559887>  <a9:e8;1748449987361>  <42:13;1748980879711>  <42:12;1752997414747>  <64:a6;1702840091169>  <8a:36;1730371196035>  <03:a4;1681013154378>  <6c:8d;1748112072886>  <5f:bb;1636114229424>  <e1:4f;1711262163688> ], Prob: []
07-26 11:25:24.920  1406  1758 E SemIWCMonitor.File: Q-Table Action Taken: Q-Table: [ 4.230978 0.000000 0.000000; 2.000000 0.000000 0.000000; 0.000000 0.000000 0.000000; ] >> Action Taken: 0, New State: 0
07-26 11:25:25.593  1406  1665 E WifiVendorHal: getWifiLinkLayerStats_1_5_Internal(l.1179) failed {.code = ERROR_NOT_SUPPORTED, .description = }
07-26 11:25:25.653  1406  4259 E AppOps  : evalMode() Foreground mode : uid - 10252, op - 1, capability - 8
07-26 11:25:25.912  1406  1758 E SemIWCMonitor: poor link count is 3
07-26 11:25:25.912  1406  1758 E SemIWCMonitor: [POOR_LINK_DETECTED] 1 -> 3
07-26 11:25:25.914  1406  1758 E SemIWCMonitor.File: List of Known APs: Cand: [ <d5:ad;4;3808088120>  <c9:5a;42;1601578349>  <c9:5b;13;1521976022>  <d5:ac;14;3947698553>  <11:8f;8;2077856580>  <74:ae;4;4895166079>  <74:89;6;3966140496>  <e9:10;2;1377530561>  <11:8f;9;2072566094> ], Core: [ <f0:ac;1658401148373>  <54:d6;1711353636145>  <ec:f0;1671280775474>  <99:09;1702021281535>  <99:08;1702019499732>  <9e:46;1711386462096>  <a9:a5;1709031559887>  <a9:e8;1748449987361>  <42:13;1748980879711>  <42:12;1752997414747>  <64:a6;1702840091169>  <8a:36;1730371196035>  <03:a4;1681013154378>  <6c:8d;1748112072886>  <5f:bb;1636114229424>  <e1:4f;1711262163688> ], Prob: []
07-26 11:25:25.915  1406  1758 E SemIWCMonitor.File: Q-Table Action Taken: Q-Table: [ 4.230978 0.000000 0.000000; 2.000000 0.000000 0.000000; 0.000000 0.000000 0.000000; ] >> Action Taken: 0, New State: 0
07-26 11:25:26.973 21878 23619 E FilePhenotypeFlags: Config package com.google.android.gms.clearcut_client#com.samsung.android.dynamiclock cannot use FILE backing without declarative registration. See go/phenotype-android-integration#phenotype for more information.This will lead to stale flags.
07-26 11:25:26.975 21878 23619 E FilePhenotypeFlags: Config package com.google.android.gms.clearcut_client#com.samsung.android.dynamiclock cannot use FILE backing without declarative registration. See go/phenotype-android-integration#phenotype for more information.This will lead to stale flags.
07-26 11:25:27.925  1406  1758 E SemIWCMonitor: poor link count is 4
07-26 11:25:27.926  1406  1758 E SemIWCMonitor: [POOR_LINK_DETECTED] 3 -> 4
07-26 11:25:27.928  1406  1758 E SemIWCMonitor.File: List of Known APs: Cand: [ <d5:ad;4;3808090134>  <c9:5a;42;1601580363>  <c9:5b;13;1521978036>  <d5:ac;14;3947700567>  <11:8f;8;2077858594>  <74:ae;4;4895168093>  <74:89;6;3966142510>  <e9:10;2;1377532575>  <11:8f;9;2072568108> ], Core: [ <f0:ac;1658401148373>  <54:d6;1711353636145>  <ec:f0;1671280775474>  <99:09;1702021281535>  <99:08;1702019499732>  <9e:46;1711386462096>  <a9:a5;1709031559887>  <a9:e8;1748449987361>  <42:13;1748980879711>  <42:12;1752997414747>  <64:a6;1702840091169>  <8a:36;1730371196035>  <03:a4;1681013154378>  <6c:8d;1748112072886>  <5f:bb;1636114229424>  <e1:4f;1711262163688> ], Prob: []
07-26 11:25:27.930  1406  1758 E SemIWCMonitor.File: Q-Table Action Taken: Q-Table: [ 4.230978 0.000000 0.000000; 2.000000 0.000000 0.000000; 0.000000 0.000000 0.000000; ] >> Action Taken: 0, New State: 0
07-26 11:25:28.605  1406  1665 E WifiVendorHal: getWifiLinkLayerStats_1_5_Internal(l.1179) failed {.code = ERROR_NOT_SUPPORTED, .description = }
07-26 11:25:28.673  1406  1810 E AppOps  : evalMode() Foreground mode : uid - 10252, op - 1, capability - 8
07-26 11:25:28.933  1406  1758 E SemIWCMonitor: poor link count is 5
07-26 11:25:28.934  1406  1758 E SemIWCMonitor: [POOR_LINK_DETECTED] 4 -> 5
07-26 11:25:28.936  1406  1758 E SemIWCMonitor.File: List of Known APs: Cand: [ <d5:ad;4;3808091142>  <c9:5a;42;1601581371>  <c9:5b;13;1521979044>  <d5:ac;14;3947701575>  <11:8f;8;2077859602>  <74:ae;4;4895169101>  <74:89;6;3966143518>  <e9:10;2;1377533583>  <11:8f;9;2072569116> ], Core: [ <f0:ac;1658401148373>  <54:d6;1711353636145>  <ec:f0;1671280775474>  <99:09;1702021281535>  <99:08;1702019499732>  <9e:46;1711386462096>  <a9:a5;1709031559887>  <a9:e8;1748449987361>  <42:13;1748980879711>  <42:12;1752997414747>  <64:a6;1702840091169>  <8a:36;1730371196035>  <03:a4;1681013154378>  <6c:8d;1748112072886>  <5f:bb;1636114229424>  <e1:4f;1711262163688> ], Prob: []
07-26 11:25:28.938  1406  1758 E SemIWCMonitor.File: Q-Table Action Taken: Q-Table: [ 4.230978 0.000000 0.000000; 2.000000 0.000000 0.000000; 0.000000 0.000000 0.000000; ] >> Action Taken: 0, New State: 0
07-26 11:25:29.318 23623 23623 E .myntra.android: Not starting debugger since process cannot load the jdwp agent.
07-26 11:25:29.612 22058 22146 E GRPC    : cronet_transport.cc:445] on_failed(0xb400007a9caa9ec0, -352)
07-26 11:25:29.613 22058 22146 E GRPC    : cronet_transport.cc:445] on_failed(0xb400007ab08ac8e0, -352)
07-26 11:25:29.889 23723 23723 E ra.oobe.samsung: Not starting debugger since process cannot load the jdwp agent.
07-26 11:25:30.389  1406  4262 E AppOps  : evalMode() Foreground mode : uid - 10315, op - 1, capability - 0
07-26 11:25:30.673  1406  4181 E AppOps  : evalMode() Foreground mode : uid - 10252, op - 1, capability - 8
07-26 11:25:30.685  1406  4181 E AppOps  : evalMode() Foreground mode : uid - 10315, op - 1, capability - 0
07-26 11:25:30.862  1406  4162 E AppOps  : evalMode() Foreground mode : uid - 10252, op - 1, capability - 8
07-26 11:25:30.880  1406  4181 E AppOps  : evalMode() Foreground mode : uid - 10252, op - 1, capability - 8
07-26 11:25:30.885  1406  4162 E AppOps  : evalMode() Foreground mode : uid - 10252, op - 1, capability - 8
07-26 11:25:30.941  1406  1758 E SemIWCMonitor: poor link count is 0
07-26 11:25:30.941  1406  1758 E SemIWCMonitor.File: Good Link, timestamp =: 1753509328934  RSSI:-75  AP:##:##:##:##:c9:5b Direction: -1 Direction (soft): -1
07-26 11:25:30.942  1406  1758 E SemIWCMonitor.File: Good Link, timestamp =: 1753509330942, RSSI:-74, AP:##:##:##:##:c9:5b
07-26 11:25:30.967  1406  4262 E AppOps  : evalMode() Foreground mode : uid - 10315, op - 1, capability - 0
07-26 11:25:31.004  1406  4181 E AppOps  : evalMode() Foreground mode : uid - 10315, op - 1, capability - 0
07-26 11:25:31.006  1406  4181 E AppOps  : evalMode() Foreground mode : uid - 10315, op - 1, capability - 0
07-26 11:25:31.105  1406  4262 E AppOps  : evalMode() Foreground mode : uid - 10252, op - 1, capability - 8
07-26 11:25:31.618  1406  1665 E WifiVendorHal: getWifiLinkLayerStats_1_5_Internal(l.1179) failed {.code = ERROR_NOT_SUPPORTED, .description = }
07-26 11:25:31.741  1406  1451 E AppOps  : evalMode() Foreground mode : uid - 10252, op - 27, capability - 0
07-26 11:25:31.741  1406  1451 E AppOps  : evalMode() Foreground mode : uid - 10252, op - 26, capability - 0
07-26 11:25:31.741  1406  1451 E AppOps  : evalMode() Foreground mode : uid - 10252, op - 1, capability - 0
07-26 11:25:31.828 23623 23911 E .myntra.android: No package ID 6a found for ID 0x6a0b000f.
07-26 11:25:34.625  1406  1665 E WifiVendorHal: getWifiLinkLayerStats_1_5_Internal(l.1179) failed {.code = ERROR_NOT_SUPPORTED, .description = }
07-26 11:25:37.638  1406  1665 E WifiVendorHal: getWifiLinkLayerStats_1_5_Internal(l.1179) failed {.code = ERROR_NOT_SUPPORTED, .description = }
07-26 11:25:40.298   838   838 E android.hardware.health@2.1-service-samsung: Could not open /sys/class/power_supply/battery/lrp
07-26 11:25:40.650  1406  1665 E WifiVendorHal: getWifiLinkLayerStats_1_5_Internal(l.1179) failed {.code = ERROR_NOT_SUPPORTED, .description = }
07-26 11:25:41.761   803   803 E audit   : type=1400 audit(1753509341.759:411558): avc:  denied  { write } for  pid=10472 comm="ThreadPoolForeg" name="traced_producer" dev="tmpfs" ino=17050 scontext=u:r:gmscore_app:s0:c512,c768 tcontext=u:object_r:traced_producer_socket:s0 tclass=sock_file permissive=0 SEPF_SM-A225F_12_0001 audit_filtered
07-26 11:25:41.761   803   803 E audit   : type=1300 audit(1753509341.759:411558): arch=c00000b7 syscall=203 success=no exit=-13 a0=89 a1=b400007b58acb9c0 a2=1e a3=ffffffff9795ae73 items=0 ppid=825 pid=10472 auid=4294967295 uid=10211 gid=10211 euid=10211 suid=10211fsuid=10211 egid=10211 sgid=10211 fsgid=10211 tty=(none) ses=4294967295 comm="ThreadPoolForeg" exe="/system/bin/app_process64" subj=u:r:gmscore_app:s0:c512,c768 key=(null)
07-26 11:25:41.761   803   803 E audit   : type=1327 audit(1753509341.759:411558): proctitle="com.google.android.gms.persistent"
07-26 11:25:42.437  1406  1431 E Watchdog: !@Sync: 57004 heap: 160 / 180 FD: 1279 [2025-07-26 11:25:42.437]
07-26 11:25:43.663  1406  1665 E WifiVendorHal: getWifiLinkLayerStats_1_5_Internal(l.1179) failed {.code = ERROR_NOT_SUPPORTED, .description = }
07-26 11:25:44.031  1406  1758 E SemIWCMonitor: poor link count is 1
07-26 11:25:44.032  1406  1758 E SemIWCMonitor: [POOR_LINK_DETECTED] 0 -> 1
07-26 11:25:44.032  1406  1758 E SemIWCMonitor.File: Poor Link, timestamp =: 1753509344032  RSSI:-73  AP:##:##:##:##:c9:5b
07-26 11:25:44.036  1406  1758 E SemIWCMonitor.File: List of Known APs: Cand: [ <d5:ad;4;3808106243>  <c9:5a;42;1601596472>  <c9:5b;13;1521994146>  <d5:ac;14;3947716677>  <11:8f;8;2077874704>  <74:ae;4;4895184203>  <74:89;6;3966158620>  <e9:10;2;1377548685>  <11:8f;9;2072584218> ], Core: [ <f0:ac;1658401148373>  <54:d6;1711353636145>  <ec:f0;1671280775474>  <99:09;1702021281535>  <99:08;1702019499732>  <9e:46;1711386462096>  <a9:a5;1709031559887>  <a9:e8;1748449987361>  <42:13;1748980879711>  <42:12;1752997414747>  <64:a6;1702840091169>  <8a:36;1730371196035>  <03:a4;1681013154378>  <6c:8d;1748112072886>  <5f:bb;1636114229424>  <e1:4f;1711262163688> ], Prob: []
07-26 11:25:44.038  1406  1758 E SemIWCMonitor.File: Q-Table Action Taken: Q-Table: [ 4.230978 0.000000 0.000000; 2.000000 0.000000 0.000000; 0.000000 0.000000 0.000000; ] >> Action Taken: 0, New State: 0
07-26 11:25:45.041  1406  1758 E SemIWCMonitor: poor link count is 2
07-26 11:25:45.041  1406  1758 E SemIWCMonitor: [POOR_LINK_DETECTED] 1 -> 2
07-26 11:25:45.042  1406  1758 E SemIWCMonitor.File: Poor Link, timestamp =: 1753509345041  RSSI:-74  AP:##:##:##:##:c9:5b
07-26 11:25:45.045  1406  1758 E SemIWCMonitor.File: List of Known APs: Cand: [ <d5:ad;4;3808107250>  <c9:5a;42;1601597480>  <c9:5b;13;1521995153>  <d5:ac;14;3947717684>  <11:8f;8;2077875711>  <74:ae;4;4895185210>  <74:89;6;3966159627>  <e9:10;2;1377549692>  <11:8f;9;2072585225> ], Core: [ <f0:ac;1658401148373>  <54:d6;1711353636145>  <ec:f0;1671280775474>  <99:09;1702021281535>  <99:08;1702019499732>  <9e:46;1711386462096>  <a9:a5;1709031559887>  <a9:e8;1748449987361>  <42:13;1748980879711>  <42:12;1752997414747>  <64:a6;1702840091169>  <8a:36;1730371196035>  <03:a4;1681013154378>  <6c:8d;1748112072886>  <5f:bb;1636114229424>  <e1:4f;1711262163688> ], Prob: []
07-26 11:25:45.047  1406  1758 E SemIWCMonitor.File: Q-Table Action Taken: Q-Table: [ 4.230978 0.000000 0.000000; 2.000000 0.000000 0.000000; 0.000000 0.000000 0.000000; ] >> Action Taken: 0, New State: 0
07-26 11:25:45.559  1406  3513 E AppOps  : evalMode() Foreground mode : uid - 10252, op - 1, capability - 0
07-26 11:25:45.565  1406  3513 E AppOps  : evalMode() Foreground mode : uid - 10252, op - 1, capability - 0
07-26 11:25:46.677  1406  1665 E WifiVendorHal: getWifiLinkLayerStats_1_5_Internal(l.1179) failed {.code = ERROR_NOT_SUPPORTED, .description = }
07-26 11:25:46.853   803   803 E audit   : type=1400 audit(1753509346.851:411559): avc:  denied  { write } for  pid=14932 comm="ThreadPoolForeg" name="traced_producer" dev="tmpfs" ino=17050 scontext=u:r:gmscore_app:s0:c512,c768 tcontext=u:object_r:traced_producer_socket:s0 tclass=sock_file permissive=0 SEPF_SM-A225F_12_0001 audit_filtered
07-26 11:25:46.853   803   803 E audit   : type=1300 audit(1753509346.851:411559): arch=c00000b7 syscall=203 success=no exit=-13 a0=11e a1=b400007b58b1d8e0 a2=1e a3=ffffffff9795ae73 items=0 ppid=825 pid=14932 auid=4294967295 uid=10211 gid=10211 euid=10211 suid=10211 fsuid=10211 egid=10211 sgid=10211 fsgid=10211 tty=(none) ses=4294967295 comm="ThreadPoolForeg" exe="/system/bin/app_process64" subj=u:r:gmscore_app:s0:c512,c768 key=(null)
07-26 11:25:46.853   803   803 E audit   : type=1327 audit(1753509346.851:411559): proctitle="com.google.android.gms"
07-26 11:25:47.055  1406  1758 E SemIWCMonitor: poor link count is 0
07-26 11:25:47.056  1406  1758 E SemIWCMonitor.File: Good Link, timestamp =: 1753509345041  RSSI:-74  AP:##:##:##:##:c9:5b Direction: -1 Direction (soft): -1
07-26 11:25:47.058  1406  1758 E SemIWCMonitor.File: Good Link, timestamp =: 1753509347057, RSSI:-74, AP:##:##:##:##:c9:5b
07-26 11:25:49.691  1406  1665 E WifiVendorHal: getWifiLinkLayerStats_1_5_Internal(l.1179) failed {.code = ERROR_NOT_SUPPORTED, .description = }
07-26 11:25:50.004 16658 16760 E TraceManagerImpl: Trace BuglePhoneApplicationBase#attatchBaseContext timed out after 1290343 ms. Complete trace: # emaz@8c28b63
07-26 11:25:50.004 16658 16760 E TraceManagerImpl: embg:
07-26 11:25:50.004 16658 16760 E TraceManagerImpl:      at tk_trace.TelephonySatelliteReporter#reportNtnSmsSupport(Started After:1)
07-26 11:25:50.004 16658 16760 E TraceManagerImpl:      at tk_trace.PhenotypeHelper#onBuglePhenotypeChanged(Started After:1)
07-26 11:25:50.004 16658 16760 E TraceManagerImpl:      at tk_trace.PhenotypeHelper#registerPhenotype(Started After:0)
07-26 11:25:50.004 16658 16760 E TraceManagerImpl:      at tk_trace.PhoneAsyncAppCreateStartupTask(Started After:0)
07-26 11:25:50.004 16658 16760 E TraceManagerImpl:      at tk_trace.StartupHandlerImpl#onApplicationCreatedInternal(Started After:0)
07-26 11:25:50.004 16658 16760 E TraceManagerImpl:      at tk_trace.StartupHandlerImpl#onApplicationCreated(Started After:0)
07-26 11:25:50.004 16658 16760 E TraceManagerImpl:      at tk_trace.Application.onCreate(Started After:0)
07-26 11:25:50.004 16658 16760 E TraceManagerImpl:      at tk_trace.Application creation(Started After:0)
07-26 11:25:50.004 16658 16760 E TraceManagerImpl:      at tk_trace.BuglePhoneApplicationBase#attatchBaseContext(Started After:0)
07-26 11:25:50.006 16658 16753 E TraceManagerImpl: Trace StartupHandlerImpl App Interactive Delay Timer Fired timed out after 1275045 ms. Complete trace: # emaz@c0c41e56
07-26 11:25:50.006 16658 16753 E TraceManagerImpl: embg:
07-26 11:25:50.006 16658 16753 E TraceManagerImpl:      at tk_trace.GenericWorkerQueueAction(Started After:6)
07-26 11:25:50.006 16658 16753 E TraceManagerImpl:      at tk_trace.BackgroundResponseRunnable#processBackgroundWorkResponse(StartedAfter:6)
07-26 11:25:50.006 16658 16753 E TraceManagerImpl:      at tk_trace.BackgroundWorkerRunnable#runImpl(Started After:6)
07-26 11:25:50.006 16658 16753 E TraceManagerImpl:      at tk_trace.ExecuteActionRunnable#runImpl(Started After:6)
07-26 11:25:50.006 16658 16753 E TraceManagerImpl:      at tk_trace.GwqWorkerStartupTask(Started After:0)
07-26 11:25:50.006 16658 16753 E TraceManagerImpl:      at tk_trace.StartupHandlerImpl#onAppInteractiveInternal(Started After:0)
07-26 11:25:50.006 16658 16753 E TraceManagerImpl:      at tk_trace.StartupHandlerImpl App Interactive Delay Timer Fired(Started After:0)
07-26 11:25:50.031 16658 17093 E TraceManagerImpl: Trace WorkQueueWorkerShim#startWork timed out after 1283633 ms. Complete trace: #emaz@d15e3733
07-26 11:25:50.031 16658 17093 E TraceManagerImpl: embg:
07-26 11:25:50.031 16658 17093 E TraceManagerImpl:      at tk_trace.DatabaseWrapperImpl.inTransactionDeferredRunnableList(Started After:0)
07-26 11:25:50.031 16658 17093 E TraceManagerImpl:      at tk_trace.WorkQueueWorkerImpl.startWork(Started After:0)
07-26 11:25:50.031 16658 17093 E TraceManagerImpl:      at tk_trace.WorkQueueWorkerShim#startWork(Started After:0)
07-26 11:25:52.705  1406  1665 E WifiVendorHal: getWifiLinkLayerStats_1_5_Internal(l.1179) failed {.code = ERROR_NOT_SUPPORTED, .description = }
07-26 11:25:55.718  1406  1665 E WifiVendorHal: getWifiLinkLayerStats_1_5_Internal(l.1179) failed {.code = ERROR_NOT_SUPPORTED, .description = }
07-26 11:25:58.731  1406  1665 E WifiVendorHal: getWifiLinkLayerStats_1_5_Internal(l.1179) failed {.code = ERROR_NOT_SUPPORTED, .description = }
07-26 11:25:58.817  1406  3513 E AppOps  : evalMode() Foreground mode : uid - 10252, op - 1, capability - 0
07-26 11:25:58.825  1406  4180 E AppOps  : evalMode() Foreground mode : uid - 10252, op - 1, capability - 0
07-26 11:26:01.747  1406  1665 E WifiVendorHal: getWifiLinkLayerStats_1_5_Internal(l.1179) failed {.code = ERROR_NOT_SUPPORTED, .description = }
07-26 11:26:01.817  1406  3513 E AppOps  : evalMode() Foreground mode : uid - 10252, op - 1, capability - 0
07-26 11:26:04.191  1406  1758 E SemIWCMonitor: poor link count is 1
07-26 11:26:04.191  1406  1758 E SemIWCMonitor: [POOR_LINK_DETECTED] 0 -> 1
07-26 11:26:04.191  1406  1758 E SemIWCMonitor.File: Poor Link, timestamp =: 1753509364191  RSSI:-73  AP:##:##:##:##:c9:5b
07-26 11:26:04.195  1406  1758 E SemIWCMonitor.File: List of Known APs: Cand: [ <d5:ad;4;3808126401>  <c9:5a;42;1601616630>  <c9:5b;13;1522014303>  <d5:ac;14;3947736834>  <11:8f;8;2077894861>  <74:ae;4;4895204360>  <74:89;6;3966178777>  <e9:10;2;1377568842>  <11:8f;9;2072604375> ], Core: [ <f0:ac;1658401148373>  <54:d6;1711353636145>  <ec:f0;1671280775474>  <99:09;1702021281535>  <99:08;1702019499732>  <9e:46;1711386462096>  <a9:a5;1709031559887>  <a9:e8;1748449987361>  <42:13;1748980879711>  <42:12;1752997414747>  <64:a6;1702840091169>  <8a:36;1730371196035>  <03:a4;1681013154378>  <6c:8d;1748112072886>  <5f:bb;1636114229424>  <e1:4f;1711262163688> ], Prob: []
07-26 11:26:04.197  1406  1758 E SemIWCMonitor.File: Q-Table Action Taken: Q-Table: [ 4.230978 0.000000 0.000000; 2.000000 0.000000 0.000000; 0.000000 0.000000 0.000000; ] >> Action Taken: 0, New State: 0
07-26 11:26:04.763  1406  1665 E WifiVendorHal: getWifiLinkLayerStats_1_5_Internal(l.1179) failed {.code = ERROR_NOT_SUPPORTED, .description = }
07-26 11:26:05.199  1406  1758 E SemIWCMonitor: poor link count is 3
07-26 11:26:05.199  1406  1758 E SemIWCMonitor: [POOR_LINK_DETECTED] 1 -> 3
07-26 11:26:05.202  1406  1758 E SemIWCMonitor.File: List of Known APs: Cand: [ <d5:ad;4;3808127407>  <c9:5a;42;1601617637>  <c9:5b;13;1522015310>  <d5:ac;14;3947737841>  <11:8f;8;2077895868>  <74:ae;4;4895205367>  <74:89;6;3966179784>  <e9:10;2;1377569849>  <11:8f;9;2072605382> ], Core: [ <f0:ac;1658401148373>  <54:d6;1711353636145>  <ec:f0;1671280775474>  <99:09;1702021281535>  <99:08;1702019499732>  <9e:46;1711386462096>  <a9:a5;1709031559887>  <a9:e8;1748449987361>  <42:13;1748980879711>  <42:12;1752997414747>  <64:a6;1702840091169>  <8a:36;1730371196035>  <03:a4;1681013154378>  <6c:8d;1748112072886>  <5f:bb;1636114229424>  <e1:4f;1711262163688> ], Prob: []
07-26 11:26:05.203  1406  1758 E SemIWCMonitor.File: Q-Table Action Taken: Q-Table: [ 4.230978 0.000000 0.000000; 2.000000 0.000000 0.000000; 0.000000 0.000000 0.000000; ] >> Action Taken: 0, New State: 0
07-26 11:26:07.777  1406  1665 E WifiVendorHal: getWifiLinkLayerStats_1_5_Internal(l.1179) failed {.code = ERROR_NOT_SUPPORTED, .description = }
07-26 11:26:07.844  1406  4180 E AppOps  : evalMode() Foreground mode : uid - 10252, op - 1, capability - 0
07-26 11:26:09.159   908  1252 E HWComposer: getSupportedContentTypes: getSupportedContentTypes failed for display 0: Unsupported (8)
07-26 11:26:09.230  1406  1758 E SemIWCMonitor: poor link count is 0
07-26 11:26:09.230  1406  1758 E SemIWCMonitor.File: Good Link, timestamp =: 1753509365199  RSSI:-73  AP:##:##:##:##:c9:5b Direction: -1 Direction (soft): -1
07-26 11:26:09.231  1406  1758 E SemIWCMonitor.File: Good Link, timestamp =: 1753509369231, RSSI:-75, AP:##:##:##:##:c9:5b
07-26 11:26:09.554  1406  7873 E OpenGLRenderer: Device claims wide gamut support, cannot find matching config, error = EGL_SUCCESS
07-26 11:26:09.710  5718 31201 E BtGatt.ContextMap: remove() - removed: 5
07-26 11:26:09.711  5718  5791 E BtGatt.GattService: [GSIM LOG]: gsimLogHandler, msg: MESSAGE_SCAN_STOP, appName: com.google.uid.shared, scannerId: 5, reportDelayMillis=0
07-26 11:26:09.723  5718  5789 E LeLogInfo: invalid scanMode
07-26 11:26:09.724  5718 31201 E BtGatt.ContextMap: remove() - removed: 3
07-26 11:26:09.724  5718  5791 E BtGatt.GattService: [GSIM LOG]: gsimLogHandler, msg: MESSAGE_SCAN_STOP, appName: com.google.uid.shared, scannerId: 3, reportDelayMillis=0
07-26 11:26:09.756  1406  4262 E WindowManager: win=Window{c211ddc u0 com.whatsapp/com.whatsapp.home.ui.HomeActivity} destroySurfaces: appStopped=true cleanupOnResume=false win.mWindowRemovalAllowed=false win.mRemoveOnExit=false win.mViewVisibility=8 caller=com.android.server.wm.ActivityRecord.destroySurfaces:6539 com.android.server.wm.ActivityRecord.destroySurfaces:6520 com.android.server.wm.ActivityRecord.notifyAppStopped:6584 com.android.server.wm.ActivityRecord.activityStopped:7172 com.android.server.wm.ActivityClientController.activityStopped:269 android.app.IActivityClientController$Stub.onTransact:613 com.android.server.wm.ActivityClientController.onTransact:147
07-26 11:26:09.793  5718 31201 E BtGatt.ContextMap: remove() - removed: 4
07-26 11:26:09.794  5718  5789 E LeLogInfo: invalid scanMode
07-26 11:26:09.796  5718  5791 E BtGatt.GattService: [GSIM LOG]: gsimLogHandler, msg: MESSAGE_SCAN_STOP, appName: com.google.uid.shared, scannerId: 4, reportDelayMillis=0
07-26 11:26:09.803   854   875 E mtkpower@impl: [setMode] unknown type
07-26 11:26:09.841  5718  5791 E BtGatt.GattService: [GSIM LOG]: gsimLogHandler, msg: MESSAGE_ADV_SET_STOP, appName: com.google.android.gms, id: 2, isLegacy: true
07-26 11:26:09.853  5718  5791 E BtGatt.GattService: [GSIM LOG]: gsimLogHandler, msg: MESSAGE_ADV_SET_STOP, appName: com.google.android.gms, id: 1, isLegacy: false
07-26 11:26:09.873  5718  5791 E BtGatt.GattService: [GSIM LOG]: gsimLogHandler, msg: MESSAGE_ADV_SET_START, appName: com.google.android.gms, id: 0, isLegacy: true
07-26 11:26:09.887 10472 23294 E NearbyMediums: MEDIUM_ERROR [SYSTEM][WIFI_LAN][START_LISTENING_INCOMING_CONNECTION][ACCEPT_CONNECTION_FAILED][SOCKET_CLOSED], service-id=NearbySharing
07-26 11:26:09.888 10472 23294 E NearbyMediums: Extra Sensitive/PII message : Socket closed
07-26 11:26:09.909  5718  5791 E BtGatt.GattService: [GSIM LOG]: gsimLogHandler, msg: MESSAGE_ADV_SET_START, appName: com.google.android.gms, id: 1, isLegacy: true
07-26 11:26:09.997  1406  1420 E PersonaManagerService: DeviceLocked : true, DeviceSecure : true
07-26 11:26:10.012  1406  1406 E PersonaManagerService: DeviceLocked : true, DeviceSecure : true
07-26 11:26:10.125  5718 31201 E BtGatt.ContextMap: remove() - removed: 1
07-26 11:26:10.128  5718  5791 E BtGatt.GattService: [GSIM LOG]: gsimLogHandler, msg: MESSAGE_SCAN_STOP, appName: com.samsung.android.mcfserver, scannerId: 1, reportDelayMillis=0
07-26 11:26:10.161  1839  1839 E AbsSettings: refreshInner: refreshedSettingsDBItem key CLOCK_VERSION val = 300000
07-26 11:26:10.163  1839  1839 E AbsSettings: refreshInner: refreshedSettingsDBItem key PALETTE_VERSION val = 90000
07-26 11:26:10.256  5718  5791 E BtGatt.GattService: [GSIM LOG]: gsimLogHandler, msg: MESSAGE_SCAN_START, appName: com.samsung.android.mcfserver, scannerId: 1, reportDelayMillis=0
07-26 11:26:10.324   838   838 E android.hardware.health@2.1-service-samsung: Could not open /sys/class/power_supply/battery/lrp
07-26 11:26:10.575  5718 31201 E BtGatt.ContextMap: remove() - removed: 6
07-26 11:26:10.581  5718  5791 E BtGatt.GattService: [GSIM LOG]: gsimLogHandler, msg: MESSAGE_SCAN_STOP, appName: android.uid.bcmgr,scannerId: 6, reportDelayMillis=0
07-26 11:26:10.618  5718 31201 E BtGatt.ContextMap: remove() - removed: 1
07-26 11:26:10.621  5718  5791 E BtGatt.GattService: [GSIM LOG]: gsimLogHandler, msg: MESSAGE_SCAN_STOP, appName: com.samsung.android.mcfserver, scannerId: 1, reportDelayMillis=0
07-26 11:26:10.628  5718 31201 E BtGatt.ContextMap: remove() - removed: 7
07-26 11:26:10.630  5718  5791 E BtGatt.GattService: [GSIM LOG]: gsimLogHandler, msg: MESSAGE_SCAN_STOP, appName: com.samsung.android.mcfserver, scannerId: 7, reportDelayMillis=0
07-26 11:26:10.634 10472 22441 E LoadedApk: Exception : java.lang.NullPointerException: Attempt to invoke virtual method 'boolean android.os.Looper.isPerfLogEnable()' on a null object reference
07-26 11:26:10.635  5718 23501 E BtGatt.ContextMap: remove() - removed: 8
07-26 11:26:10.640  5718  5791 E BtGatt.GattService: [GSIM LOG]: gsimLogHandler, msg: MESSAGE_SCAN_STOP, appName: com.samsung.android.mcfserver, scannerId: 8, reportDelayMillis=0
07-26 11:26:10.688 10472 23293 E LoadedApk: Exception : java.lang.NullPointerException: Attempt to invoke virtual method 'boolean android.os.Looper.isPerfLogEnable()' on a null object reference
07-26 11:26:10.704 10472 23293 E LoadedApk: Exception : java.lang.NullPointerException: Attempt to invoke virtual method 'boolean android.os.Looper.isPerfLogEnable()' on a null object reference
07-26 11:26:10.736  5718  5791 E BtGatt.GattService: [GSIM LOG]: gsimLogHandler, msg: MESSAGE_SCAN_START, appName: com.samsung.android.mcfserver, scannerId: 1, reportDelayMillis=0
07-26 11:26:10.750  5718  5791 E BtGatt.GattService: [GSIM LOG]: gsimLogHandler, msg: MESSAGE_SCAN_START, appName: com.samsung.android.mcfserver, scannerId: 3, reportDelayMillis=0
07-26 11:26:10.760 32704 32740 E [MCFSDK_fmm_1.0.2039]_McfContext: getBleAdapter -return instance created 152870825
07-26 11:26:10.780  5718 31201 E BtGatt.ContextMap: remove() - removed: 3
07-26 11:26:10.782  5718  5791 E BtGatt.GattService: [GSIM LOG]: gsimLogHandler, msg: MESSAGE_SCAN_STOP, appName: com.samsung.android.mcfserver, scannerId: 3, reportDelayMillis=0
07-26 11:26:10.789  5718 31201 E BtGatt.ContextMap: remove() - removed: 2
07-26 11:26:10.790  1406  1665 E WifiVendorHal: getWifiLinkLayerStats_1_5_Internal(l.1179) failed {.code = ERROR_NOT_SUPPORTED, .description = }
07-26 11:26:10.794  5718  5791 E BtGatt.GattService: [GSIM LOG]: gsimLogHandler, msg: MESSAGE_SCAN_STOP, appName: android.uid.mdxkit, scannerId: 2, reportDelayMillis=0
07-26 11:26:10.896  5718  5791 E BtGatt.GattService: [GSIM LOG]: gsimLogHandler, msg: MESSAGE_SCAN_START, appName: android.uid.mdxkit, scannerId: 2, reportDelayMillis=0
07-26 11:26:10.949  1406  1665 E WifiVendorHal: getWifiLinkLayerStats_1_5_Internal(l.1179) failed {.code = ERROR_NOT_SUPPORTED, .description = }
07-26 11:26:11.765   803   803 E audit   : type=1400 audit(1753509371.763:411560): avc:  denied  { write } for  pid=10472 comm="ThreadPoolForeg" name="traced_producer" dev="tmpfs" ino=17050 scontext=u:r:gmscore_app:s0:c512,c768 tcontext=u:object_r:traced_producer_socket:s0 tclass=sock_file permissive=0 SEPF_SM-A225F_12_0001 audit_filtered
07-26 11:26:11.765   803   803 E audit   : type=1300 audit(1753509371.763:411560): arch=c00000b7 syscall=203 success=no exit=-13 a0=81 a1=b400007b4e55b840 a2=1e a3=ffffffff9795ae73 items=0 ppid=825 pid=10472 auid=4294967295 uid=10211 gid=10211 euid=10211 suid=10211fsuid=10211 egid=10211 sgid=10211 fsgid=10211 tty=(none) ses=4294967295 comm="ThreadPoolForeg" exe="/system/bin/app_process64" subj=u:r:gmscore_app:s0:c512,c768 key=(null)
07-26 11:26:11.765   803   803 E audit   : type=1327 audit(1753509371.763:411560): proctitle="com.google.android.gms.persistent"
07-26 11:26:11.880  5718  5791 E BtGatt.GattService: [GSIM LOG]: gsimLogHandler, msg: MESSAGE_ADV_SET_STOP, appName: com.google.android.gms, id: 0, isLegacy: true
07-26 11:26:12.448  1406  1431 E Watchdog: !@Sync: 57005 heap: 161 / 180 FD: 1293 [2025-07-26 11:26:12.447]
07-26 11:26:12.851 13857 13965 E Rubin   : [7290] ze.b.b(SourceFile:4) : com.sec.android.app.shealth is not exist
07-26 11:26:13.851  1406  1451 E AppOps  : evalMode() Foreground Camera OP returned IGNORE, uid - 5021, capability - 8
07-26 11:26:14.601  1406  1451 E AppOps  : evalMode() Foreground mode : uid - 10306, op - 27, capability - 8
07-26 11:26:14.601  1406  1451 E AppOps  : evalMode() Foreground mode : uid - 10306, op - 26, capability - 8
07-26 11:26:14.602  1406  1451 E AppOps  : evalMode() Foreground mode : uid - 10306, op - 1, capability - 8
07-26 11:26:16.885   803   803 E audit   : type=1400 audit(1753509376.883:411561): avc:  denied  { write } for  pid=14932 comm="ThreadPoolForeg" name="traced_producer" dev="tmpfs" ino=17050 scontext=u:r:gmscore_app:s0:c512,c768 tcontext=u:object_r:traced_producer_socket:s0 tclass=sock_file permissive=0 SEPF_SM-A225F_12_0001 audit_filtered
07-26 11:26:16.885   803   803 E audit   : type=1300 audit(1753509376.883:411561): arch=c00000b7 syscall=203 success=no exit=-13 a0=11e a1=b400007b52424500 a2=1e a3=ffffffff9795ae73 items=0 ppid=825 pid=14932 auid=4294967295 uid=10211 gid=10211 euid=10211 suid=10211 fsuid=10211 egid=10211 sgid=10211 fsgid=10211 tty=(none) ses=4294967295 comm="ThreadPoolForeg" exe="/system/bin/app_process64" subj=u:r:gmscore_app:s0:c512,c768 key=(null)
07-26 11:26:16.885   803   803 E audit   : type=1327 audit(1753509376.883:411561): proctitle="com.google.android.gms"
07-26 11:26:21.893  1406  4262 E KernelCpuUidFullTimeReader: Negative delta from freq time for uid: 99298, delta: -26
07-26 11:26:32.673  1406  1451 E AppOps  : evalMode() Foreground mode : uid - 10306, op - 27, capability - 0
07-26 11:26:32.673  1406  1451 E AppOps  : evalMode() Foreground mode : uid - 10306, op - 26, capability - 0
07-26 11:26:32.674  1406  1451 E AppOps  : evalMode() Foreground mode : uid - 10306, op - 1, capability - 0
07-26 11:26:34.766   975 31924 E SEC_DRM_PLUGIN_Omafl: OmaPlugin::onOpenDecryptSession(fd)::Drm2IsDrmFileByExtFd::file is NOT DRM byextension
07-26 11:26:34.889   854   875 E mtkpower@impl: [setMode] unknown type
07-26 11:26:35.223   866   866 E SecVibrator-HAL-AIDL-CORE: V_2_0: Vibrator on for timeoutMs: 100
07-26 11:26:35.223   866   866 E SecVibrator-HAL-AIDL-CORE: HW_API: do_on for timeoutMs: 100
07-26 11:26:35.223   866   866 E SecVibrator-HAL-AIDL-CORE: HW_API: >> writeNode node:/timed_output/vibrator/enable val:100
07-26 11:26:35.228   866   866 E SecVibrator-HAL-AIDL-CORE: HW_API: << writeNode node OK : 4
07-26 11:26:35.332   866   866 E SecVibrator-HAL-AIDL-CORE: V_2_0: Vibrator off
07-26 11:26:35.332   866   866 E SecVibrator-HAL-AIDL-CORE: HW_API: do_off
07-26 11:26:35.332   866   866 E SecVibrator-HAL-AIDL-CORE: HW_API: >> writeNode node:/timed_output/vibrator/enable val:0
07-26 11:26:35.333 23994 23994 E mytrain.android: Not starting debugger since process cannot load the jdwp agent.
07-26 11:26:35.335   866   866 E SecVibrator-HAL-AIDL-CORE: HW_API: << writeNode node OK : 2
07-26 11:26:35.376  1839  3789 E OpenGLRenderer: Device claims wide gamut support, cannot find matching config, error = EGL_SUCCESS
07-26 11:26:36.258   854   875 E mtkpower@impl: [setMode] unknown type
07-26 11:26:36.330 23994 24027 E mytrain.android: No package ID 6a found for ID 0x6a0b000f.
07-26 11:26:36.451   854   875 E mtkpower@impl: [setMode] unknown type
07-26 11:26:36.683   854   875 E mtkpower@impl: [setMode] unknown type
07-26 11:26:38.912   854   875 E mtkpower@impl: [setMode] unknown type
07-26 11:26:39.438   908  2443 E HWComposer: getSupportedContentTypes: getSupportedContentTypes failed for display 0: Unsupported (8)
07-26 11:26:39.605  1406  1419 E WindowManager: win=Window{c211ddc u0 com.whatsapp/com.whatsapp.home.ui.HomeActivity} destroySurfaces: appStopped=true cleanupOnResume=false win.mWindowRemovalAllowed=false win.mRemoveOnExit=false win.mViewVisibility=8 caller=com.android.server.wm.ActivityRecord.destroySurfaces:6539 com.android.server.wm.ActivityRecord.destroySurfaces:6520 com.android.server.wm.ActivityRecord.notifyAppStopped:6584 com.android.server.wm.ActivityRecord.activityStopped:7172 com.android.server.wm.ActivityClientController.activityStopped:269 android.app.IActivityClientController$Stub.onTransact:613 com.android.server.wm.ActivityClientController.onTransact:147
07-26 11:26:39.726   854   875 E mtkpower@impl: [setMode] unknown type
07-26 11:26:40.355   838   838 E android.hardware.health@2.1-service-samsung: Could not open /sys/class/power_supply/battery/lrp
07-26 11:26:41.797   803   803 E audit   : type=1400 audit(1753509401.795:411562): avc:  denied  { write } for  pid=10472 comm="ThreadPoolForeg" name="traced_producer" dev="tmpfs" ino=17050 scontext=u:r:gmscore_app:s0:c512,c768 tcontext=u:object_r:traced_producer_socket:s0 tclass=sock_file permissive=0 SEPF_SM-A225F_12_0001 audit_filtered
07-26 11:26:41.797   803   803 E audit   : type=1300 audit(1753509401.795:411562): arch=c00000b7 syscall=203 success=no exit=-13 a0=94 a1=b400007b58acb980 a2=1e a3=ffffffff9795ae73 items=0 ppid=825 pid=10472 auid=4294967295 uid=10211 gid=10211 euid=10211 suid=10211fsuid=10211 egid=10211 sgid=10211 fsgid=10211 tty=(none) ses=4294967295 comm="ThreadPoolForeg" exe="/system/bin/app_process64" subj=u:r:gmscore_app:s0:c512,c768 key=(null)
07-26 11:26:41.797   803   803 E audit   : type=1327 audit(1753509401.795:411562): proctitle="com.google.android.gms.persistent"
07-26 11:26:42.467  1406  1431 E Watchdog: !@Sync: 57006 heap: 164 / 180 FD: 1331 [2025-07-26 11:26:42.466]
07-26 11:26:44.469  1406  1451 E AppOps  : evalMode() Foreground mode : uid - 10306, op - 27, capability - 0
07-26 11:26:44.470  1406  1451 E AppOps  : evalMode() Foreground mode : uid - 10306, op - 26, capability - 0
07-26 11:26:44.470  1406  1451 E AppOps  : evalMode() Foreground mode : uid - 10306, op - 1, capability - 0
07-26 11:26:46.911   803   803 E audit   : type=1400 audit(1753509406.907:411563): avc:  denied  { write } for  pid=14932 comm="ThreadPoolForeg" name="traced_producer" dev="tmpfs" ino=17050 scontext=u:r:gmscore_app:s0:c512,c768 tcontext=u:object_r:traced_producer_socket:s0 tclass=sock_file permissive=0 SEPF_SM-A225F_12_0001 audit_filtered
07-26 11:26:46.911   803   803 E audit   : type=1300 audit(1753509406.907:411563): arch=c00000b7 syscall=203 success=no exit=-13 a0=125 a1=b400007b74a720a0 a2=1e a3=ffffffff9795ae73 items=0 ppid=825 pid=14932 auid=4294967295 uid=10211 gid=10211 euid=10211 suid=10211 fsuid=10211 egid=10211 sgid=10211 fsgid=10211 tty=(none) ses=4294967295 comm="ThreadPoolForeg" exe="/system/bin/app_process64" subj=u:r:gmscore_app:s0:c512,c768 key=(null)
07-26 11:26:46.911   803   803 E audit   : type=1327 audit(1753509406.907:411563): proctitle="com.google.android.gms"
07-26 11:26:50.289  2210  2502 E #IMSCR  : 07-26 11:26:50 0x30000002:IncomingCall,0,8
07-26 11:26:50.307  2210  2401 E #IMSCR  : 07-26 11:26:50 0x30000000:0,8,3,1,AMR,0,320,240,0
07-26 11:26:50.319  2210  2502 E #IMSCALL: 62 - START INCOMING
07-26 11:26:50.321  1818  3538 E MmTelFeatureCompat: incoming call event
07-26 11:26:50.396  2210  2502 E EntitlementConfigService<0>: configModule is null
07-26 11:26:50.396  2210  2502 E EntitlementConfigService<1>: configModule is null
07-26 11:26:50.410  1818  3538 E MmTelFeatureCompat: incoming call notified
07-26 11:26:50.418  1406  4271 E PhoneRestrictionPolicy: getEmergencyCall >>false
07-26 11:26:50.632  1406 21442 E Telecom:SamsungRingerRepositoryImpl: startLookupVibrationType java.lang.NullPointerException: uri
07-26 11:26:50.744 24093 24093 E ettingsprovider: Not starting debugger since process cannot load the jdwp agent.
07-26 11:26:50.956 24093 24121 E ServiceBindHelper: time out 6, com.samsung.telephony.phone.service.internalservice.ISamsungInternalService$Stub$Proxy@902e6e8
07-26 11:26:50.995  1406  1451 E AppOps  : evalMode() Foreground Camera OP returned IGNORE, uid - 10109, capability - 8
07-26 11:26:50.995  1406  1451 E AppOps  : evalMode() Foreground Location OP returned IGNORE, uid - 10109, capability - 8
07-26 11:26:51.153  2210  2502 E EntitlementConfigService<0>: configModule is null
07-26 11:26:51.153  2210  2502 E EntitlementConfigService<1>: configModule is null
07-26 11:26:51.187 18759 18759 E CursorWindow: Failed to read row 0, column 0 from a window with 1 rows, 0 columns
07-26 11:26:51.265  2210  3454 E CapabilityUtil<0>: checkModuleReady: mConfig.isAvailable == false
07-26 11:26:51.272 18687 18814 E [Crane][CallComposerProvider]: match: 2
07-26 11:26:51.307  2210 20975 E CapabilityUtil<0>: checkModuleReady: mConfig.isAvailable == false
07-26 11:26:51.426  2937  2937 E pageboostd: Received HALT command code 2
07-26 11:26:51.518  2937  2937 E pageboostd: Received HALT command code 2
07-26 11:26:51.541   854   875 E mtkpower@impl: [setMode] unknown type
07-26 11:26:51.548  1406  1406 E ActivityManager: Cancel pending or running compactions as system is awake
07-26 11:26:51.598  1839  1839 E KeyguardUpdateMonitor: handleStartedWakingUp start 2
07-26 11:26:51.605  1839  1839 E KeyguardUpdateMonitor: handleStartedWakingUp end
07-26 11:26:51.669 24128 24128 E com.axis.mobile: Not starting debugger since process cannot load the jdwp agent.
07-26 11:26:51.775 18687 18687 E SCallUI : SaveConfigurationExecutorImpl - executeSaveConfigurationData, not supported type
07-26 11:26:51.891  5718  5791 E BtGatt.GattService: [GSIM LOG]: gsimLogHandler, msg: MESSAGE_SCAN_START, appName: com.google.uid.shared, scannerId: 3, reportDelayMillis=0
07-26 11:26:51.925  5718  5789 E LeLogInfo: invalid scanMode
07-26 11:26:51.930  5718  5791 E BtGatt.GattService: [GSIM LOG]: gsimLogHandler, msg: MESSAGE_SCAN_START, appName: com.google.uid.shared, scannerId: 4, reportDelayMillis=0
07-26 11:26:51.955  5718  5791 E BtGatt.GattService: [GSIM LOG]: gsimLogHandler, msg: MESSAGE_SCAN_START, appName: com.google.uid.shared, scannerId: 5, reportDelayMillis=0
07-26 11:26:51.963  1406  1406 E NearbyManager: Cannot stop scan with this callback because it is never registered.
07-26 11:26:51.999  1406  2005 E SLocation: SPManager - response is null!
07-26 11:26:52.035 24128 24128 E LoadedApk: Unable to instantiate appComponentFactory
07-26 11:26:52.035 24128 24128 E LoadedApk: java.lang.ClassNotFoundException: Didn't find class "com.axis.mobile.whateverString" on path: DexPathList[[zip file "/data/app/~~L46-E9llUAST61PS3Tglhw==/com.axis.mobile-FdqLZYCzzdapHAitC347CA==/base.apk", zip file "/data/app/~~L46-E9llUAST61PS3Tglhw==/com.axis.mobile-FdqLZYCzzdapHAitC347CA==/split_config.arm64_v8a.apk", zip file "/data/app/~~L46-E9llUAST61PS3Tglhw==/com.axis.mobile-FdqLZYCzzdapHAitC347CA==/split_config.xhdpi.apk"],nativeLibraryDirectories=[/data/app/~~L46-E9llUAST61PS3Tglhw==/com.axis.mobile-FdqLZYCzzdapHAitC347CA==/lib/arm64, /data/app/~~L46-E9llUAST61PS3Tglhw==/com.axis.mobile-FdqLZYCzzdapHAitC347CA==/base.apk!/lib/arm64-v8a, /data/app/~~L46-E9llUAST61PS3Tglhw==/com.axis.mobile-FdqLZYCzzdapHAitC347CA==/split_config.arm64_v8a.apk!/lib/arm64-v8a, /data/app/~~L46-E9llUAST61PS3Tglhw==/com.axis.mobile-FdqLZYCzzdapHAitC347CA==/split_config.xhdpi.apk!/lib/arm64-v8a, /system/lib64, /system/system_ext/lib64]]
07-26 11:26:52.035 24128 24128 E LoadedApk:     at dalvik.system.BaseDexClassLoader.findClass(BaseDexClassLoader.java:259)
07-26 11:26:52.035 24128 24128 E LoadedApk:     at java.lang.ClassLoader.loadClass(ClassLoader.java:379)
07-26 11:26:52.035 24128 24128 E LoadedApk:     at java.lang.ClassLoader.loadClass(ClassLoader.java:312)
07-26 11:26:52.035 24128 24128 E LoadedApk:     at android.app.LoadedApk.createAppFactory(LoadedApk.java:290)
07-26 11:26:52.035 24128 24128 E LoadedApk:     at android.app.LoadedApk.createOrUpdateClassLoaderLocked(LoadedApk.java:1065)
07-26 11:26:52.035 24128 24128 E LoadedApk:     at android.app.LoadedApk.getClassLoader(LoadedApk.java:1152)
07-26 11:26:52.035 24128 24128 E LoadedApk:     at android.app.LoadedApk.getResources(LoadedApk.java:1476)
