07-26 11:10:29.861  5718  5791 E BtGatt.GattService: [GSIM LOG]: gsimLogHandler, msg: MESSAGE_ADV_SET_START, appName: com.google.android.gms, id: 1, isLegacy: true
07-26 11:10:29.907   803   803 E audit   : type=1400 audit(1753508429.903:411471): avc:  denied  { setattr } for  pid=21878 comm="m-TaskPool-3" name="/" dev="tmpfs" ino=146385356 scontext=u:r:platform_app:s0:c512,c768 tcontext=u:object_r:system_data_file:s0 tclass=dir permissive=0 SEPF_SM-A225F_12_0001 audit_filtered
07-26 11:10:29.907   803   803 E audit   : type=1300 audit(1753508429.903:411471): arch=c00000b7 syscall=53 success=no exit=-13 a0=ffffff9c a1=b400007b587adfc0 a2=41ed a3=0 items=0 ppid=825 pid=21878 auid=4294967295 uid=10101 gid=10101 euid=10101 suid=10101 fsuid=10101 egid=10101 sgid=10101 fsgid=10101 tty=(none) ses=4294967295 comm="m-TaskPool-3" exe="/system/bin/app_process64" subj=u:r:platform_app:s0:c512,c768 key=(null)
07-26 11:10:29.907   803   803 E audit   : type=1327 audit(1753508429.903:411471): proctitle="com.samsung.android.dynamiclock"
07-26 11:10:29.907   803   803 E audit   : type=1400 audit(1753508429.903:411472): avc:  denied  { setattr } for  pid=21878 comm="m-TaskPool-3" name="/" dev="tmpfs" ino=146385356 scontext=u:r:platform_app:s0:c512,c768 tcontext=u:object_r:system_data_file:s0 tclass=dir permissive=0 SEPF_SM-A225F_12_0001 audit_filtered
07-26 11:10:29.907   803   803 E audit   : type=1300 audit(1753508429.903:411472): arch=c00000b7 syscall=53 success=no exit=-13 a0=ffffff9c a1=b400007b587adfc0 a2=41e9 a3=0 items=0 ppid=825 pid=21878 auid=4294967295 uid=10101 gid=10101 euid=10101 suid=10101 fsuid=10101 egid=10101 sgid=10101 fsgid=10101 tty=(none) ses=4294967295 comm="m-TaskPool-3" exe="/system/bin/app_process64" subj=u:r:platform_app:s0:c512,c768 key=(null)
07-26 11:10:29.907   803   803 E audit   : type=1327 audit(1753508429.903:411472): proctitle="com.samsung.android.dynamiclock"
07-26 11:10:29.907   803   803 E audit   : type=1400 audit(1753508429.903:411473): avc:  denied  { setattr } for  pid=21878 comm="m-TaskPool-3" name="/" dev="tmpfs" ino=146385357 scontext=u:r:platform_app:s0:c512,c768 tcontext=u:object_r:system_data_file:s0 tclass=dir permissive=0 SEPF_SM-A225F_12_0001 audit_filtered
07-26 11:10:29.976  5718  5731 E BtGatt.ContextMap: remove() - removed: 8
07-26 11:10:29.979  5718  5791 E BtGatt.GattService: [GSIM LOG]: gsimLogHandler, msg: MESSAGE_SCAN_STOP, appName: com.samsung.android.mcfserver, scannerId: 8, reportDelayMillis=0
07-26 11:10:30.101  5718  5791 E BtGatt.GattService: [GSIM LOG]: gsimLogHandler, msg: MESSAGE_SCAN_START, appName: com.samsung.android.mcfserver, scannerId: 3, reportDelayMillis=0
07-26 11:10:30.213  1406  1665 E WifiVendorHal: getWifiLinkLayerStats_1_5_Internal(l.1179) failed {.code = ERROR_NOT_SUPPORTED, .description = }
07-26 11:10:30.371 21990 21990 E id.app.reminder: Not starting debugger since process cannot load the jdwp agent.
07-26 11:10:30.406  5718  5791 E BtGatt.GattService: [GSIM LOG]: gsimLogHandler, msg: MESSAGE_SCAN_STOP, appName: android.uid.bcmgr,scannerId: 6, reportDelayMillis=0
07-26 11:10:30.409  5718  5731 E BtGatt.ContextMap: remove() - removed: 6
07-26 11:10:30.489  5718  5731 E BtGatt.ContextMap: remove() - removed: 3
07-26 11:10:30.499  5718  5791 E BtGatt.GattService: [GSIM LOG]: gsimLogHandler, msg: MESSAGE_SCAN_STOP, appName: com.samsung.android.mcfserver, scannerId: 3, reportDelayMillis=0
07-26 11:10:30.500  5718  5731 E BtGatt.ContextMap: remove() - removed: 1
07-26 11:10:30.507  5718  5791 E BtGatt.GattService: [GSIM LOG]: gsimLogHandler, msg: MESSAGE_SCAN_STOP, appName: com.samsung.android.mcfserver, scannerId: 1, reportDelayMillis=0
07-26 11:10:30.508 10472 21490 E LoadedApk: Exception : java.lang.NullPointerException: Attempt to invoke virtual method 'boolean android.os.Looper.isPerfLogEnable()' on a null object reference
07-26 11:10:30.558 10472 19406 E LoadedApk: Exception : java.lang.NullPointerException: Attempt to invoke virtual method 'boolean android.os.Looper.isPerfLogEnable()' on a null object reference
07-26 11:10:30.573 10472 19406 E LoadedApk: Exception : java.lang.NullPointerException: Attempt to invoke virtual method 'boolean android.os.Looper.isPerfLogEnable()' on a null object reference
07-26 11:10:30.590  1406  1447 E system_server: updateValue is called with a value {0, 0, 0, 0, 0, 0, 0, 0, 0, 0, 0, 0, 0, 0, 0, 0, 0, 0, 0, 0, 0, 0, 0, 0, 0, 0, 0, 0, 0, 0, 0, 0}, which is lower than the previous value {3, 0, 0, 0, 0, 0, 0, 3, 1, 5, 4, 0, 0, 0, 11, 1047, 0, 0, 0, 0, 0, 0, 0, 0, 0, 0, 0, 0, 0, 0, 0, 65}
07-26 11:10:30.617  5718  5791 E BtGatt.GattService: [GSIM LOG]: gsimLogHandler, msg: MESSAGE_SCAN_START, appName: com.samsung.android.mcfserver, scannerId: 1, reportDelayMillis=0
07-26 11:10:30.654 21917 22016 E ActivityThread: Failed to find provider info for com.samsung.android.app.spage.provider
07-26 11:10:30.657 21917 22016 E ActivityThread: Failed to find provider info for com.samsung.android.app.spage.provider
07-26 11:10:30.693  5718  5731 E BtGatt.ContextMap: remove() - removed: 2
07-26 11:10:30.696  5718  5791 E BtGatt.GattService: [GSIM LOG]: gsimLogHandler, msg: MESSAGE_SCAN_STOP, appName: android.uid.mdxkit, scannerId: 2, reportDelayMillis=0
07-26 11:10:30.814  5718  5791 E BtGatt.GattService: [GSIM LOG]: gsimLogHandler, msg: MESSAGE_SCAN_START, appName: android.uid.mdxkit, scannerId: 2, reportDelayMillis=0
07-26 11:10:30.853  1406  1451 E AppOps  : evalMode() Foreground Camera OP returned IGNORE, uid - 5021, capability - 8
07-26 11:10:30.879  1406  1665 E WifiVendorHal: getWifiLinkLayerStats_1_5_Internal(l.1179) failed {.code = ERROR_NOT_SUPPORTED, .description = }
07-26 11:10:31.059   975 31924 E SEC_DRM_PLUGIN_Omafl: OmaPlugin::onOpenDecryptSession(fd)::Drm2IsDrmFileByExtFd::file is NOT DRM byextension
07-26 11:10:31.198   854   875 E mtkpower@impl: [setMode] unknown type
07-26 11:10:31.454  1839  3789 E OpenGLRenderer: Device claims wide gamut support, cannot find matching config, error = EGL_SUCCESS
07-26 11:10:31.509   866   866 E SecVibrator-HAL-AIDL-CORE: V_2_0: Vibrator on for timeoutMs: 100
07-26 11:10:31.509   866   866 E SecVibrator-HAL-AIDL-CORE: HW_API: do_on for timeoutMs: 100
07-26 11:10:31.509   866   866 E SecVibrator-HAL-AIDL-CORE: HW_API: >> writeNode node:/timed_output/vibrator/enable val:100
07-26 11:10:31.513   866   866 E SecVibrator-HAL-AIDL-CORE: HW_API: << writeNode node OK : 4
07-26 11:10:31.614   866   866 E SecVibrator-HAL-AIDL-CORE: V_2_0: Vibrator off
07-26 11:10:31.614   866   866 E SecVibrator-HAL-AIDL-CORE: HW_API: do_off
07-26 11:10:31.614   866   866 E SecVibrator-HAL-AIDL-CORE: HW_API: >> writeNode node:/timed_output/vibrator/enable val:0
07-26 11:10:31.614   866   866 E SecVibrator-HAL-AIDL-CORE: HW_API: << writeNode node OK : 2
07-26 11:10:31.814  5718  5791 E BtGatt.GattService: [GSIM LOG]: gsimLogHandler, msg: MESSAGE_ADV_SET_STOP, appName: com.google.android.gms, id: 0, isLegacy: true
07-26 11:10:32.107 22058 22058 E napchat.android: Not starting debugger since process cannot load the jdwp agent.
07-26 11:10:32.570   854   875 E mtkpower@impl: [setMode] unknown type
07-26 11:10:32.580   837   929 E hwcomposer: [HWCDisplay] (0) job is null(3)
07-26 11:10:32.766 13857 13965 E Rubin   : [7290] ze.b.b(SourceFile:4) : com.sec.android.app.shealth is not exist
07-26 11:10:32.840 22058 22079 E SQLiteLog: (283) recovered 396 frames from WAL file /data/data/com.snapchat.android/databases/core.db-wal
07-26 11:10:32.920 22058 22114 E SQLiteLog: (283) recovered 501 frames from WAL file /data/data/com.snapchat.android/databases/durable_job-wal
07-26 11:10:33.107  1406  1451 E AppOps  : evalMode() Foreground mode : uid - 10252, op - 27, capability - 8
07-26 11:10:33.107  1406  1451 E AppOps  : evalMode() Foreground mode : uid - 10252, op - 26, capability - 8
07-26 11:10:33.107  1406  1451 E AppOps  : evalMode() Foreground mode : uid - 10252, op - 1, capability - 8
07-26 11:10:33.320  1406  4262 E AppOps  : evalMode() Foreground mode : uid - 10252, op - 1, capability - 8
07-26 11:10:33.408  1406  4262 E AppOps  : evalMode() Foreground mode : uid - 10252, op - 1, capability - 8
07-26 11:10:33.414  1406  4262 E AppOps  : evalMode() Foreground mode : uid - 10252, op - 1, capability - 8
07-26 11:10:33.418  1406  4181 E AppOps  : evalMode() Foreground mode : uid - 10252, op - 1, capability - 8
07-26 11:10:34.317  1406  1451 E AppOps  : evalMode() Foreground mode : uid - 10252, op - 27, capability - 0
07-26 11:10:34.318  1406  1451 E AppOps  : evalMode() Foreground mode : uid - 10252, op - 26, capability - 0
07-26 11:10:34.318  1406  1451 E AppOps  : evalMode() Foreground mode : uid - 10252, op - 1, capability - 0
07-26 11:10:35.239   854   875 E mtkpower@impl: [setMode] unknown type
07-26 11:10:35.752   908   955 E HWComposer: getSupportedContentTypes: getSupportedContentTypes failed for display 0: Unsupported (8)
07-26 11:10:36.010   975 31924 E SEC_DRM_PLUGIN_Omafl: OmaPlugin::onOpenDecryptSession(fd)::Drm2IsDrmFileByExtFd::file is NOT DRM byextension
07-26 11:10:36.034  1406  3513 E WindowManager: win=Window{c211ddc u0 com.whatsapp/com.whatsapp.home.ui.HomeActivity} destroySurfaces: appStopped=true cleanupOnResume=false win.mWindowRemovalAllowed=false win.mRemoveOnExit=false win.mViewVisibility=8 caller=com.android.server.wm.ActivityRecord.destroySurfaces:6539 com.android.server.wm.ActivityRecord.destroySurfaces:6520 com.android.server.wm.ActivityRecord.notifyAppStopped:6584 com.android.server.wm.ActivityRecord.activityStopped:7172 com.android.server.wm.ActivityClientController.activityStopped:269 android.app.IActivityClientController$Stub.onTransact:613 com.android.server.wm.ActivityClientController.onTransact:147
07-26 11:10:36.082   854   875 E mtkpower@impl: [setMode] unknown type
07-26 11:10:36.098   854   875 E mtkpower@impl: [setMode] unknown type
07-26 11:10:36.480   866   866 E SecVibrator-HAL-AIDL-CORE: V_2_0: Vibrator on for timeoutMs: 100
07-26 11:10:36.480   866   866 E SecVibrator-HAL-AIDL-CORE: HW_API: do_on for timeoutMs: 100
07-26 11:10:36.480   866   866 E SecVibrator-HAL-AIDL-CORE: HW_API: >> writeNode node:/timed_output/vibrator/enable val:100
07-26 11:10:36.483   866   866 E SecVibrator-HAL-AIDL-CORE: HW_API: << writeNode node OK : 4
07-26 11:10:36.585   866   866 E SecVibrator-HAL-AIDL-CORE: V_2_0: Vibrator off
07-26 11:10:36.585   866   866 E SecVibrator-HAL-AIDL-CORE: HW_API: do_off
07-26 11:10:36.585   866   866 E SecVibrator-HAL-AIDL-CORE: HW_API: >> writeNode node:/timed_output/vibrator/enable val:0
07-26 11:10:36.586   866   866 E SecVibrator-HAL-AIDL-CORE: HW_API: << writeNode node OK : 2
07-26 11:10:37.406   854   875 E mtkpower@impl: [setMode] unknown type
07-26 11:10:39.457   838   838 E android.hardware.health@2.1-service-samsung: Could not open /sys/class/power_supply/battery/lrp
07-26 11:10:39.503   854   875 E mtkpower@impl: [setMode] unknown type
07-26 11:10:39.760   854   875 E mtkpower@impl: [setMode] unknown type
07-26 11:10:40.078   854   875 E mtkpower@impl: [setMode] unknown type
07-26 11:10:40.622   908   954 E HWComposer: getSupportedContentTypes: getSupportedContentTypes failed for display 0: Unsupported (8)
07-26 11:10:40.787  1406  4317 E WindowManager: win=Window{c211ddc u0 com.whatsapp/com.whatsapp.home.ui.HomeActivity} destroySurfaces: appStopped=true cleanupOnResume=false win.mWindowRemovalAllowed=false win.mRemoveOnExit=false win.mViewVisibility=8 caller=com.android.server.wm.ActivityRecord.destroySurfaces:6539 com.android.server.wm.ActivityRecord.destroySurfaces:6520 com.android.server.wm.ActivityRecord.notifyAppStopped:6584 com.android.server.wm.ActivityRecord.activityStopped:7172 com.android.server.wm.ActivityClientController.activityStopped:269 android.app.IActivityClientController$Stub.onTransact:613 com.android.server.wm.ActivityClientController.onTransact:147
07-26 11:10:40.877  1406  1451 E AppOps  : evalMode() Foreground mode : uid - 10306, op - 27, capability - 8
07-26 11:10:40.878  1406  1451 E AppOps  : evalMode() Foreground mode : uid - 10306, op - 26, capability - 8
07-26 11:10:40.878  1406  1451 E AppOps  : evalMode() Foreground mode : uid - 10306, op - 1, capability - 8
07-26 11:10:40.923   854   875 E mtkpower@impl: [setMode] unknown type
07-26 11:10:41.360   803   803 E audit   : type=1400 audit(1753508441.355:411477): avc:  denied  { write } for  pid=10472 comm="ThreadPoolForeg" name="traced_producer" dev="tmpfs" ino=17050 scontext=u:r:gmscore_app:s0:c512,c768 tcontext=u:object_r:traced_producer_socket:s0 tclass=sock_file permissive=0 SEPF_SM-A225F_12_0001 audit_filtered
07-26 11:10:41.361   803   803 E audit   : type=1300 audit(1753508441.355:411477): arch=c00000b7 syscall=203 success=no exit=-13 a0=9b a1=b400007b58ce3c80 a2=1e a3=ffffffff9795ae73 items=0 ppid=825 pid=10472 auid=4294967295 uid=10211 gid=10211 euid=10211 suid=10211fsuid=10211 egid=10211 sgid=10211 fsgid=10211 tty=(none) ses=4294967295 comm="ThreadPoolForeg" exe="/system/bin/app_process64" subj=u:r:gmscore_app:s0:c512,c768 key=(null)
07-26 11:10:41.361   803   803 E audit   : type=1327 audit(1753508441.355:411477): proctitle="com.google.android.gms.persistent"
07-26 11:10:41.895  1406  1431 E Watchdog: !@Sync: 56974 heap: 164 / 182 FD: 1296 [2025-07-26 11:10:41.894]
07-26 11:10:46.077   803   803 E audit   : type=1400 audit(1753508446.075:411478): avc:  denied  { write } for  pid=14932 comm="ThreadPoolForeg" name="traced_producer" dev="tmpfs" ino=17050 scontext=u:r:gmscore_app:s0:c512,c768 tcontext=u:object_r:traced_producer_socket:s0 tclass=sock_file permissive=0 SEPF_SM-A225F_12_0001 audit_filtered
07-26 11:10:46.077   803   803 E audit   : type=1300 audit(1753508446.075:411478): arch=c00000b7 syscall=203 success=no exit=-13 a0=c0 a1=b400007b58b1d8e0 a2=1e a3=ffffffff9795ae73 items=0 ppid=825 pid=14932 auid=4294967295 uid=10211 gid=10211 euid=10211 suid=10211fsuid=10211 egid=10211 sgid=10211 fsgid=10211 tty=(none) ses=4294967295 comm="ThreadPoolForeg" exe="/system/bin/app_process64" subj=u:r:gmscore_app:s0:c512,c768 key=(null)
07-26 11:10:46.077   803   803 E audit   : type=1327 audit(1753508446.075:411478): proctitle="com.google.android.gms"
07-26 11:10:46.625   975 31924 E SEC_DRM_PLUGIN_Omafl: OmaPlugin::onOpenDecryptSession(fd)::Drm2IsDrmFileByExtFd::file is NOT DRM byextension
07-26 11:10:46.718   854   875 E mtkpower@impl: [setMode] unknown type
07-26 11:10:46.937  1839  3789 E OpenGLRenderer: Device claims wide gamut support, cannot find matching config, error = EGL_SUCCESS
07-26 11:10:47.077   866   866 E SecVibrator-HAL-AIDL-CORE: V_2_0: Vibrator on for timeoutMs: 100
07-26 11:10:47.078   866   866 E SecVibrator-HAL-AIDL-CORE: HW_API: do_on for timeoutMs: 100
07-26 11:10:47.078   866   866 E SecVibrator-HAL-AIDL-CORE: HW_API: >> writeNode node:/timed_output/vibrator/enable val:100
07-26 11:10:47.079   866   866 E SecVibrator-HAL-AIDL-CORE: HW_API: << writeNode node OK : 4
07-26 11:10:47.180   866   866 E SecVibrator-HAL-AIDL-CORE: V_2_0: Vibrator off
07-26 11:10:47.180   866   866 E SecVibrator-HAL-AIDL-CORE: HW_API: do_off
07-26 11:10:47.180   866   866 E SecVibrator-HAL-AIDL-CORE: HW_API: >> writeNode node:/timed_output/vibrator/enable val:0
07-26 11:10:47.183   866   866 E SecVibrator-HAL-AIDL-CORE: HW_API: << writeNode node OK : 2
07-26 11:10:48.095   854   875 E mtkpower@impl: [setMode] unknown type
07-26 11:10:50.776   854   875 E mtkpower@impl: [setMode] unknown type
07-26 11:10:51.303   908  3882 E HWComposer: getSupportedContentTypes: getSupportedContentTypes failed for display 0: Unsupported (8)
07-26 11:10:51.547  1406  1810 E WindowManager: win=Window{c211ddc u0 com.whatsapp/com.whatsapp.home.ui.HomeActivity} destroySurfaces: appStopped=true cleanupOnResume=false win.mWindowRemovalAllowed=false win.mRemoveOnExit=false win.mViewVisibility=8 caller=com.android.server.wm.ActivityRecord.destroySurfaces:6539 com.android.server.wm.ActivityRecord.destroySurfaces:6520 com.android.server.wm.ActivityRecord.notifyAppStopped:6584 com.android.server.wm.ActivityRecord.activityStopped:7172 com.android.server.wm.ActivityClientController.activityStopped:269 android.app.IActivityClientController$Stub.onTransact:613 com.android.server.wm.ActivityClientController.onTransact:147
07-26 11:10:51.669   854   875 E mtkpower@impl: [setMode] unknown type
07-26 11:10:53.852  1406  4172 E AppOps  : evalMode() Foreground mode : uid - 10252, op - 1, capability - 0
07-26 11:10:53.904  1406  4172 E AppOps  : evalMode() Foreground mode : uid - 10252, op - 1, capability - 0
07-26 11:10:53.909  1406  4172 E AppOps  : evalMode() Foreground mode : uid - 10252, op - 1, capability - 0
07-26 11:10:53.913  1406  4172 E AppOps  : evalMode() Foreground mode : uid - 10252, op - 1, capability - 0
07-26 11:10:56.409  1406  1451 E AppOps  : evalMode() Foreground mode : uid - 10306, op - 27, capability - 0
07-26 11:10:56.409  1406  1451 E AppOps  : evalMode() Foreground mode : uid - 10306, op - 26, capability - 0
07-26 11:10:56.409  1406  1451 E AppOps  : evalMode() Foreground mode : uid - 10306, op - 1, capability - 0
07-26 11:10:57.859  1406  1451 E AppOps  : evalMode() Foreground mode : uid - 10306, op - 27, capability - 8
07-26 11:10:57.859  1406  1451 E AppOps  : evalMode() Foreground mode : uid - 10306, op - 26, capability - 8
07-26 11:10:57.859  1406  1451 E AppOps  : evalMode() Foreground mode : uid - 10306, op - 1, capability - 8
07-26 11:10:58.233   975 31924 E SEC_DRM_PLUGIN_Omafl: OmaPlugin::onOpenDecryptSession(fd)::Drm2IsDrmFileByExtFd::file is NOT DRM byextension
07-26 11:10:58.318   854   875 E mtkpower@impl: [setMode] unknown type
07-26 11:10:58.682   866   866 E SecVibrator-HAL-AIDL-CORE: V_2_0: Vibrator on for timeoutMs: 100
07-26 11:10:58.682   866   866 E SecVibrator-HAL-AIDL-CORE: HW_API: do_on for timeoutMs: 100
07-26 11:10:58.682   866   866 E SecVibrator-HAL-AIDL-CORE: HW_API: >> writeNode node:/timed_output/vibrator/enable val:100
07-26 11:10:58.685   866   866 E SecVibrator-HAL-AIDL-CORE: HW_API: << writeNode node OK : 4
07-26 11:10:58.693  1839  3789 E OpenGLRenderer: Device claims wide gamut support, cannot find matching config, error = EGL_SUCCESS
07-26 11:10:58.787   866   866 E SecVibrator-HAL-AIDL-CORE: V_2_0: Vibrator off
07-26 11:10:58.787   866   866 E SecVibrator-HAL-AIDL-CORE: HW_API: do_off
07-26 11:10:58.787   866   866 E SecVibrator-HAL-AIDL-CORE: HW_API: >> writeNode node:/timed_output/vibrator/enable val:0
07-26 11:10:58.788   866   866 E SecVibrator-HAL-AIDL-CORE: HW_API: << writeNode node OK : 2
07-26 11:10:59.694   854   875 E mtkpower@impl: [setMode] unknown type
07-26 11:11:00.048   837   929 E hwcomposer: [HWCDisplay] (0) job is null(3)
07-26 11:11:00.058   837   929 E hwcomposer: [HWCDisplay] (0) job is null(3)
07-26 11:11:02.394   854   875 E mtkpower@impl: [setMode] unknown type
07-26 11:11:02.905   908   954 E HWComposer: getSupportedContentTypes: getSupportedContentTypes failed for display 0: Unsupported (8)
07-26 11:11:03.144  1406  2459 E WindowManager: win=Window{c211ddc u0 com.whatsapp/com.whatsapp.home.ui.HomeActivity} destroySurfaces: appStopped=true cleanupOnResume=false win.mWindowRemovalAllowed=false win.mRemoveOnExit=false win.mViewVisibility=8 caller=com.android.server.wm.ActivityRecord.destroySurfaces:6539 com.android.server.wm.ActivityRecord.destroySurfaces:6520 com.android.server.wm.ActivityRecord.notifyAppStopped:6584 com.android.server.wm.ActivityRecord.activityStopped:7172 com.android.server.wm.ActivityClientController.activityStopped:269 android.app.IActivityClientController$Stub.onTransact:613 com.android.server.wm.ActivityClientController.onTransact:147
07-26 11:11:03.247   854   875 E mtkpower@impl: [setMode] unknown type
07-26 11:11:08.018  1406  1451 E AppOps  : evalMode() Foreground mode : uid - 10306, op - 27, capability - 8
07-26 11:11:08.018  1406  1451 E AppOps  : evalMode() Foreground mode : uid - 10306, op - 26, capability - 8
07-26 11:11:08.018  1406  1451 E AppOps  : evalMode() Foreground mode : uid - 10306, op - 1, capability - 8
07-26 11:11:09.487   838   838 E android.hardware.health@2.1-service-samsung: Could not open /sys/class/power_supply/battery/lrp
07-26 11:11:11.363   803   803 E audit   : type=1400 audit(1753508471.359:411479): avc:  denied  { write } for  pid=10472 comm="ThreadPoolForeg" name="traced_producer" dev="tmpfs" ino=17050 scontext=u:r:gmscore_app:s0:c512,c768 tcontext=u:object_r:traced_producer_socket:s0 tclass=sock_file permissive=0 SEPF_SM-A225F_12_0001 audit_filtered
07-26 11:11:11.363   803   803 E audit   : type=1300 audit(1753508471.359:411479): arch=c00000b7 syscall=203 success=no exit=-13 a0=71 a1=b400007b52310a40 a2=1e a3=ffffffff9795ae73 items=0 ppid=825 pid=10472 auid=4294967295 uid=10211 gid=10211 euid=10211 suid=10211fsuid=10211 egid=10211 sgid=10211 fsgid=10211 tty=(none) ses=4294967295 comm="ThreadPoolForeg" exe="/system/bin/app_process64" subj=u:r:gmscore_app:s0:c512,c768 key=(null)
07-26 11:11:11.363   803   803 E audit   : type=1327 audit(1753508471.359:411479): proctitle="com.google.android.gms.persistent"
07-26 11:11:11.912  1406  1431 E Watchdog: !@Sync: 56975 heap: 180 / 182 FD: 1369 [2025-07-26 11:11:11.911]
07-26 11:11:16.108   803   803 E audit   : type=1400 audit(1753508476.103:411480): avc:  denied  { write } for  pid=14932 comm="ThreadPoolForeg" name="traced_producer" dev="tmpfs" ino=17050 scontext=u:r:gmscore_app:s0:c512,c768 tcontext=u:object_r:traced_producer_socket:s0 tclass=sock_file permissive=0 SEPF_SM-A225F_12_0001 audit_filtered
07-26 11:11:16.108   803   803 E audit   : type=1300 audit(1753508476.103:411480): arch=c00000b7 syscall=203 success=no exit=-13 a0=c0 a1=b400007b52424500 a2=1e a3=ffffffff9795ae73 items=0 ppid=825 pid=14932 auid=4294967295 uid=10211 gid=10211 euid=10211 suid=10211fsuid=10211 egid=10211 sgid=10211 fsgid=10211 tty=(none) ses=4294967295 comm="ThreadPoolForeg" exe="/system/bin/app_process64" subj=u:r:gmscore_app:s0:c512,c768 key=(null)
07-26 11:11:16.108   803   803 E audit   : type=1327 audit(1753508476.103:411480): proctitle="com.google.android.gms"
07-26 11:11:27.916  1406  1451 E AppOps  : evalMode() Foreground mode : uid - 10306, op - 27, capability - 0
07-26 11:11:27.916  1406  1451 E AppOps  : evalMode() Foreground mode : uid - 10306, op - 26, capability - 0
07-26 11:11:27.916  1406  1451 E AppOps  : evalMode() Foreground mode : uid - 10306, op - 1, capability - 0
07-26 11:11:39.519   838   838 E android.hardware.health@2.1-service-samsung: Could not open /sys/class/power_supply/battery/lrp
07-26 11:11:41.394   803   803 E audit   : type=1400 audit(1753508501.391:411481): avc:  denied  { write } for  pid=10472 comm="ThreadPoolForeg" name="traced_producer" dev="tmpfs" ino=17050 scontext=u:r:gmscore_app:s0:c512,c768 tcontext=u:object_r:traced_producer_socket:s0 tclass=sock_file permissive=0 SEPF_SM-A225F_12_0001 audit_filtered
07-26 11:11:41.394   803   803 E audit   : type=1300 audit(1753508501.391:411481): arch=c00000b7 syscall=203 success=no exit=-13 a0=71 a1=b400007b586b1cc0 a2=1e a3=ffffffff9795ae73 items=0 ppid=825 pid=10472 auid=4294967295 uid=10211 gid=10211 euid=10211 suid=10211fsuid=10211 egid=10211 sgid=10211 fsgid=10211 tty=(none) ses=4294967295 comm="ThreadPoolForeg" exe="/system/bin/app_process64" subj=u:r:gmscore_app:s0:c512,c768 key=(null)
07-26 11:11:41.394   803   803 E audit   : type=1327 audit(1753508501.391:411481): proctitle="com.google.android.gms.persistent"
07-26 11:11:41.929  1406  1431 E Watchdog: !@Sync: 56976 heap: 163 / 182 FD: 1319 [2025-07-26 11:11:41.928]
07-26 11:11:46.135   803   803 E audit   : type=1400 audit(1753508506.131:411482): avc:  denied  { write } for  pid=14932 comm="ThreadPoolForeg" name="traced_producer" dev="tmpfs" ino=17050 scontext=u:r:gmscore_app:s0:c512,c768 tcontext=u:object_r:traced_producer_socket:s0 tclass=sock_file permissive=0 SEPF_SM-A225F_12_0001 audit_filtered
07-26 11:11:46.136   803   803 E audit   : type=1300 audit(1753508506.131:411482): arch=c00000b7 syscall=203 success=no exit=-13 a0=c0 a1=b400007b74a720a0 a2=1e a3=ffffffff9795ae73 items=0 ppid=825 pid=14932 auid=4294967295 uid=10211 gid=10211 euid=10211 suid=10211fsuid=10211 egid=10211 sgid=10211 fsgid=10211 tty=(none) ses=4294967295 comm="ThreadPoolForeg" exe="/system/bin/app_process64" subj=u:r:gmscore_app:s0:c512,c768 key=(null)
07-26 11:11:46.136   803   803 E audit   : type=1327 audit(1753508506.131:411482): proctitle="com.google.android.gms"
07-26 11:11:49.195 22245 22245 E StartupTaskCreator: createTask: com.camerasideas.startup.InitializeEnvTask
07-26 11:11:49.195 22245 22245 E StartupTaskCreator: createTask: com.camerasideas.startup.InitializeBillingTask
07-26 11:11:49.195 22245 22245 E StartupTaskCreator: createTask: com.camerasideas.startup.InitializeStateTask
07-26 11:11:49.195 22245 22245 E StartupTaskCreator: createTask: com.camerasideas.startup.InitializeLibTask
07-26 11:11:49.195 22245 22245 E StartupTaskCreator: createTask: com.camerasideas.startup.InitializeResourceTask
07-26 11:11:49.201 22245 22245 E StartupInitializer: packageName=com.camerasideas.instashot, processName=com.camerasideas.instashot
07-26 11:11:49.268 22245 22315 E MmkvFactory: packageName: com.camerasideas.instashot, processName: com.camerasideas.instashot, mmapId: instashot, mode: 2
07-26 11:11:49.271 22245 22315 E BillingManager: Creating Billing client. m9.d@97e3b58
07-26 11:11:49.277 22245 22318 E FirebaseRemoteConfig: Task result info is availbe false
07-26 11:11:49.289 22245 22314 E XLog    : initialize: 49
07-26 11:11:49.502 22344 22344 E id.gms.unstable: Not starting debugger since process cannot load the jdwp agent.
07-26 11:11:49.783 22245 22314 E QT      : [QT]file does not exist
07-26 11:11:49.907 22245 22339 E FirebaseMessaging: Failed to sync topics. Won't retry sync. TOO_MANY_SUBSCRIBERS
07-26 11:11:50.221 22245 22403 E ideas.instashot: No package ID 6a found for ID 0x6a0b000f.
07-26 11:11:50.909 22245 22429 E FirebaseMessaging: Failed to sync topics. Won't retry sync. TOO_MANY_SUBSCRIBERS
07-26 11:11:51.159 22344 22359 E SQLiteLog: (10) POSIX Error : 9 SQLite Error : 3850
07-26 11:11:51.159 22344 22359 E SQLiteLog: (10) LOCK : Getting pending lock for (4) failed due to (9). The current owner is (-1431655766).
07-26 11:11:51.270   803   803 E audit   : type=1400 audit(1753508511.267:411483): avc:  denied  { read } for  pid=22344 comm="binder:22344_3" name="u:object_r:system_adbd_prop:s0" dev="tmpfs" ino=8480 scontext=u:r:gmscore_app:s0:c512,c768 tcontext=u:object_r:system_adbd_prop:s0 tclass=file permissive=0 SEPF_SM-A225F_12_0001 audit_filtered
07-26 11:11:51.270   803   803 E audit   : type=1300 audit(1753508511.267:411483): arch=c00000b7 syscall=56 success=no exit=-13 a0=ffffff9c a1=7b4df90198 a2=88000 a3=0 items=0 ppid=825 pid=22344 auid=4294967295 uid=10211 gid=10211 euid=10211 suid=10211 fsuid=10211 egid=10211 sgid=10211 fsgid=10211 tty=(none) ses=4294967295 comm="binder:22344_3" exe="/system/bin/app_process64" subj=u:r:gmscore_app:s0:c512,c768 key=(null)
07-26 11:11:51.270   803   803 E audit   : type=1327 audit(1753508511.267:411483): proctitle="com.google.android.gms.unstable"
07-26 11:11:52.810 22245 22245 E Upgrade : Remote config updated.
07-26 11:12:09.550   838   838 E android.hardware.health@2.1-service-samsung: Could not open /sys/class/power_supply/battery/lrp
07-26 11:12:11.397   803   803 E audit   : type=1400 audit(1753508531.395:411484): avc:  denied  { write } for  pid=10472 comm="ThreadPoolForeg" name="traced_producer" dev="tmpfs" ino=17050 scontext=u:r:gmscore_app:s0:c512,c768 tcontext=u:object_r:traced_producer_socket:s0 tclass=sock_file permissive=0 SEPF_SM-A225F_12_0001 audit_filtered
07-26 11:12:11.397   803   803 E audit   : type=1300 audit(1753508531.395:411484): arch=c00000b7 syscall=203 success=no exit=-13 a0=11c a1=b400007b4e55b820 a2=1e a3=ffffffff9795ae73 items=0 ppid=825 pid=10472 auid=4294967295 uid=10211 gid=10211 euid=10211 suid=10211 fsuid=10211 egid=10211 sgid=10211 fsgid=10211 tty=(none) ses=4294967295 comm="ThreadPoolForeg" exe="/system/bin/app_process64" subj=u:r:gmscore_app:s0:c512,c768 key=(null)
07-26 11:12:11.397   803   803 E audit   : type=1327 audit(1753508531.395:411484): proctitle="com.google.android.gms.persistent"
07-26 11:12:11.953  1406  1431 E Watchdog: !@Sync: 56977 heap: 174 / 182 FD: 1320 [2025-07-26 11:12:11.952]
07-26 11:12:16.169   803   803 E audit   : type=1400 audit(1753508536.167:411485): avc:  denied  { write } for  pid=14932 comm="ThreadPoolForeg" name="traced_producer" dev="tmpfs" ino=17050 scontext=u:r:gmscore_app:s0:c512,c768 tcontext=u:object_r:traced_producer_socket:s0 tclass=sock_file permissive=0 SEPF_SM-A225F_12_0001 audit_filtered
07-26 11:12:16.169   803   803 E audit   : type=1300 audit(1753508536.167:411485): arch=c00000b7 syscall=203 success=no exit=-13 a0=c0 a1=b400007b74a6a100 a2=1e a3=ffffffff9795ae73 items=0 ppid=825 pid=14932 auid=4294967295 uid=10211 gid=10211 euid=10211 suid=10211fsuid=10211 egid=10211 sgid=10211 fsgid=10211 tty=(none) ses=4294967295 comm="ThreadPoolForeg" exe="/system/bin/app_process64" subj=u:r:gmscore_app:s0:c512,c768 key=(null)
07-26 11:12:16.169   803   803 E audit   : type=1327 audit(1753508536.167:411485): proctitle="com.google.android.gms"
07-26 11:12:20.844 22480 22480 E .devicesecurity: Not starting debugger since process cannot load the jdwp agent.
07-26 11:12:21.062 22502 22502 E ng.android.lool: Not starting debugger since process cannot load the jdwp agent.
07-26 11:12:21.136   803   803 E audit   : type=1400 audit(1753508541.135:411486): avc:  denied  { write } for  pid=22502 comm="ng.android.lool" name="com.samsung.android.lool-3PJc2JioUoJXiQjTX76_ig==" dev="dm-46" ino=3496157 scontext=u:r:system_app:s0 tcontext=u:object_r:apk_data_file:s0 tclass=dir permissive=0 SEPF_SM-A225F_12_0001 audit_filtered
07-26 11:12:21.136   803   803 E audit   : type=1300 audit(1753508541.135:411486): arch=c00000b7 syscall=48 success=no exit=-13 a0=ffffff9c a1=b400007b74a0ce80 a2=2 a3=0 items=0 ppid=825 pid=22502 auid=4294967295 uid=1000 gid=1000 euid=1000 suid=1000 fsuid=1000 egid=1000 sgid=1000 fsgid=1000 tty=(none) ses=4294967295 comm="ng.android.lool" exe="/system/bin/app_process64" subj=u:r:system_app:s0 key=(null)
07-26 11:12:21.136   803   803 E audit   : type=1327 audit(1753508541.135:411486): proctitle="com.samsung.android.lool"
07-26 11:12:22.891 22540 22589 E com.urbanic:nb: No package ID 6a found for ID 0x6a0b000f.
07-26 11:12:39.213 22245 22312 E booster : Killing thread `FinalizerWatchdogDaemon` failed
07-26 11:12:39.573   838   838 E android.hardware.health@2.1-service-samsung: Could not open /sys/class/power_supply/battery/lrp
07-26 11:12:41.402   803   803 E audit   : type=1400 audit(1753508561.399:411487): avc:  denied  { write } for  pid=10472 comm="ThreadPoolForeg" name="traced_producer" dev="tmpfs" ino=17050 scontext=u:r:gmscore_app:s0:c512,c768 tcontext=u:object_r:traced_producer_socket:s0 tclass=sock_file permissive=0 SEPF_SM-A225F_12_0001 audit_filtered
07-26 11:12:41.403   803   803 E audit   : type=1300 audit(1753508561.399:411487): arch=c00000b7 syscall=203 success=no exit=-13 a0=126 a1=b400007b58682ec0 a2=1e a3=ffffffff9795ae73 items=0 ppid=825 pid=10472 auid=4294967295 uid=10211 gid=10211 euid=10211 suid=10211 fsuid=10211 egid=10211 sgid=10211 fsgid=10211 tty=(none) ses=4294967295 comm="ThreadPoolForeg" exe="/system/bin/app_process64" subj=u:r:gmscore_app:s0:c512,c768 key=(null)
07-26 11:12:41.403   803   803 E audit   : type=1327 audit(1753508561.399:411487): proctitle="com.google.android.gms.persistent"
07-26 11:12:41.976  1406  1431 E Watchdog: !@Sync: 56978 heap: 166 / 182 FD: 1309 [2025-07-26 11:12:41.975]
07-26 11:12:46.196   803   803 E audit   : type=1400 audit(1753508566.191:411488): avc:  denied  { write } for  pid=14932 comm="ThreadPoolForeg" name="traced_producer" dev="tmpfs" ino=17050 scontext=u:r:gmscore_app:s0:c512,c768 tcontext=u:object_r:traced_producer_socket:s0 tclass=sock_file permissive=0 SEPF_SM-A225F_12_0001 audit_filtered
07-26 11:12:46.196   803   803 E audit   : type=1300 audit(1753508566.191:411488): arch=c00000b7 syscall=203 success=no exit=-13 a0=c0 a1=b400007b74a6a0e0 a2=1e a3=ffffffff9795ae73 items=0 ppid=825 pid=14932 auid=4294967295 uid=10211 gid=10211 euid=10211 suid=10211fsuid=10211 egid=10211 sgid=10211 fsgid=10211 tty=(none) ses=4294967295 comm="ThreadPoolForeg" exe="/system/bin/app_process64" subj=u:r:gmscore_app:s0:c512,c768 key=(null)
07-26 11:12:46.196   803   803 E audit   : type=1327 audit(1753508566.191:411488): proctitle="com.google.android.gms"
07-26 11:13:09.599   838   838 E android.hardware.health@2.1-service-samsung: Could not open /sys/class/power_supply/battery/lrp
07-26 11:13:11.406   803   803 E audit   : type=1400 audit(1753508591.403:411489): avc:  denied  { write } for  pid=10472 comm="ThreadPoolForeg" name="traced_producer" dev="tmpfs" ino=17050 scontext=u:r:gmscore_app:s0:c512,c768 tcontext=u:object_r:traced_producer_socket:s0 tclass=sock_file permissive=0 SEPF_SM-A225F_12_0001 audit_filtered
07-26 11:13:11.407   803   803 E audit   : type=1300 audit(1753508591.403:411489): arch=c00000b7 syscall=203 success=no exit=-13 a0=71 a1=b400007b4e55b800 a2=1e a3=ffffffff9795ae73 items=0 ppid=825 pid=10472 auid=4294967295 uid=10211 gid=10211 euid=10211 suid=10211fsuid=10211 egid=10211 sgid=10211 fsgid=10211 tty=(none) ses=4294967295 comm="ThreadPoolForeg" exe="/system/bin/app_process64" subj=u:r:gmscore_app:s0:c512,c768 key=(null)
07-26 11:13:11.407   803   803 E audit   : type=1327 audit(1753508591.403:411489): proctitle="com.google.android.gms.persistent"
07-26 11:13:12.001  1406  1431 E Watchdog: !@Sync: 56979 heap: 170 / 182 FD: 1342 [2025-07-26 11:13:12.000]
07-26 11:13:16.227   803   803 E audit   : type=1400 audit(1753508596.223:411490): avc:  denied  { write } for  pid=14932 comm="ThreadPoolForeg" name="traced_producer" dev="tmpfs" ino=17050 scontext=u:r:gmscore_app:s0:c512,c768 tcontext=u:object_r:traced_producer_socket:s0 tclass=sock_file permissive=0 SEPF_SM-A225F_12_0001 audit_filtered
07-26 11:13:16.227   803   803 E audit   : type=1300 audit(1753508596.223:411490): arch=c00000b7 syscall=203 success=no exit=-13 a0=c0 a1=b400007b58ccc960 a2=1e a3=ffffffff9795ae73 items=0 ppid=825 pid=14932 auid=4294967295 uid=10211 gid=10211 euid=10211 suid=10211fsuid=10211 egid=10211 sgid=10211 fsgid=10211 tty=(none) ses=4294967295 comm="ThreadPoolForeg" exe="/system/bin/app_process64" subj=u:r:gmscore_app:s0:c512,c768 key=(null)
07-26 11:13:16.227   803   803 E audit   : type=1327 audit(1753508596.223:411490): proctitle="com.google.android.gms"
07-26 11:13:39.625   838   838 E android.hardware.health@2.1-service-samsung: Could not open /sys/class/power_supply/battery/lrp
07-26 11:13:41.437   803   803 E audit   : type=1400 audit(1753508621.435:411491): avc:  denied  { write } for  pid=10472 comm="ThreadPoolForeg" name="traced_producer" dev="tmpfs" ino=17050 scontext=u:r:gmscore_app:s0:c512,c768 tcontext=u:object_r:traced_producer_socket:s0 tclass=sock_file permissive=0 SEPF_SM-A225F_12_0001 audit_filtered
07-26 11:13:41.437   803   803 E audit   : type=1300 audit(1753508621.435:411491): arch=c00000b7 syscall=203 success=no exit=-13 a0=71 a1=b400007b58acb280 a2=1e a3=ffffffff9795ae73 items=0 ppid=825 pid=10472 auid=4294967295 uid=10211 gid=10211 euid=10211 suid=10211fsuid=10211 egid=10211 sgid=10211 fsgid=10211 tty=(none) ses=4294967295 comm="ThreadPoolForeg" exe="/system/bin/app_process64" subj=u:r:gmscore_app:s0:c512,c768 key=(null)
07-26 11:13:41.438   803   803 E audit   : type=1327 audit(1753508621.435:411491): proctitle="com.google.android.gms.persistent"
07-26 11:13:42.022  1406  1431 E Watchdog: !@Sync: 56980 heap: 173 / 182 FD: 1342 objects: 3229516 WaitTime: 0.000 GCcnt: 0 FullGC: 0 [2025-07-26 11:13:42.017]
07-26 11:13:46.237   803   803 E audit   : type=1400 audit(1753508626.235:411492): avc:  denied  { write } for  pid=14932 comm="ThreadPoolForeg" name="traced_producer" dev="tmpfs" ino=17050 scontext=u:r:gmscore_app:s0:c512,c768 tcontext=u:object_r:traced_producer_socket:s0 tclass=sock_file permissive=0 SEPF_SM-A225F_12_0001 audit_filtered
07-26 11:13:46.237   803   803 E audit   : type=1300 audit(1753508626.235:411492): arch=c00000b7 syscall=203 success=no exit=-13 a0=c0 a1=b400007b58b1d8e0 a2=1e a3=ffffffff9795ae73 items=0 ppid=825 pid=14932 auid=4294967295 uid=10211 gid=10211 euid=10211 suid=10211fsuid=10211 egid=10211 sgid=10211 fsgid=10211 tty=(none) ses=4294967295 comm="ThreadPoolForeg" exe="/system/bin/app_process64" subj=u:r:gmscore_app:s0:c512,c768 key=(null)
07-26 11:13:46.237   803   803 E audit   : type=1327 audit(1753508626.235:411492): proctitle="com.google.android.gms"
07-26 11:14:06.306  1406  1434 E DiscreteRegistry: Deleting file 1752903261076tl
07-26 11:14:09.655   838   838 E android.hardware.health@2.1-service-samsung: Could not open /sys/class/power_supply/battery/lrp
07-26 11:14:11.440   803   803 E audit   : type=1400 audit(1753508651.435:411493): avc:  denied  { write } for  pid=10472 comm="ThreadPoolForeg" name="traced_producer" dev="tmpfs" ino=17050 scontext=u:r:gmscore_app:s0:c512,c768 tcontext=u:object_r:traced_producer_socket:s0 tclass=sock_file permissive=0 SEPF_SM-A225F_12_0001 audit_filtered
07-26 11:14:11.441   803   803 E audit   : type=1300 audit(1753508651.435:411493): arch=c00000b7 syscall=203 success=no exit=-13 a0=71 a1=b400007b4e55b840 a2=1e a3=ffffffff9795ae73 items=0 ppid=825 pid=10472 auid=4294967295 uid=10211 gid=10211 euid=10211 suid=10211fsuid=10211 egid=10211 sgid=10211 fsgid=10211 tty=(none) ses=4294967295 comm="ThreadPoolForeg" exe="/system/bin/app_process64" subj=u:r:gmscore_app:s0:c512,c768 key=(null)
07-26 11:14:11.441   803   803 E audit   : type=1327 audit(1753508651.435:411493): proctitle="com.google.android.gms.persistent"
07-26 11:14:12.041  1406  1431 E Watchdog: !@Sync: 56981 heap: 180 / 182 FD: 1342 [2025-07-26 11:14:12.040]
07-26 11:14:15.477 22672 22672 E rivacydashboard: Not starting debugger since process cannot load the jdwp agent.
07-26 11:14:16.071  1406  2005 E AppOps  : attributionTag SLocationService not declared in manifest of android
07-26 11:14:16.102  2851  2933 E RequestManager_FLP: [LocationManager] Location request 51D2CDAA(Listener) network interval=0ms (min=0ms) from system(slocation) (1000_FINE_unknown_false_foreground)
07-26 11:14:16.203  1406  4278 E AppOps  : evalMode() Foreground mode : uid - 10306, op - 0, capability - 0
07-26 11:14:16.265   803   803 E audit   : type=1400 audit(1753508656.263:411494): avc:  denied  { write } for  pid=14932 comm="ThreadPoolForeg" name="traced_producer" dev="tmpfs" ino=17050 scontext=u:r:gmscore_app:s0:c512,c768 tcontext=u:object_r:traced_producer_socket:s0 tclass=sock_file permissive=0 SEPF_SM-A225F_12_0001 audit_filtered
07-26 11:14:16.265   803   803 E audit   : type=1300 audit(1753508656.263:411494): arch=c00000b7 syscall=203 success=no exit=-13 a0=c0 a1=b400007b52424500 a2=1e a3=ffffffff9795ae73 items=0 ppid=825 pid=14932 auid=4294967295 uid=10211 gid=10211 euid=10211 suid=10211fsuid=10211 egid=10211 sgid=10211 fsgid=10211 tty=(none) ses=4294967295 comm="ThreadPoolForeg" exe="/system/bin/app_process64" subj=u:r:gmscore_app:s0:c512,c768 key=(null)
07-26 11:14:16.265   803   803 E audit   : type=1327 audit(1753508656.263:411494): proctitle="com.google.android.gms"
07-26 11:14:17.673  1406  1665 E WifiVendorHal: getWifiLinkLayerStats_1_5_Internal(l.1179) failed {.code = ERROR_NOT_SUPPORTED, .description = }
07-26 11:14:17.721  1406  4262 E AppOps  : attributionTag SLocationService not declared in manifest of android
07-26 11:14:17.730  1406  4262 E AppOps  : attributionTag SLocationService not declared in manifest of android
07-26 11:14:17.752  1406  2005 E AppOps  : attributionTag SLocationService not declared in manifest of android
07-26 11:14:17.754  2851  2933 E RequestManager_FLP: [LocationManager] Location remove 51D2CDAA from system
07-26 11:14:17.766  1406  2005 E ActivityManager: Sending non-protected broadcast com.samsung.android.wifi.NETWORK_LOCATION from system uid 1000 pkg android
07-26 11:14:17.766  1406  2005 E ActivityManager: java.lang.Throwable
07-26 11:14:17.766  1406  2005 E ActivityManager:       at com.android.server.am.ActivityManagerService.checkBroadcastFromSystem(ActivityManagerService.java:16108)
07-26 11:14:17.766  1406  2005 E ActivityManager:       at com.android.server.am.ActivityManagerService.broadcastIntentLocked(ActivityManagerService.java:16921)
07-26 11:14:17.766  1406  2005 E ActivityManager:       at com.android.server.am.ActivityManagerService.broadcastIntentInPackage(ActivityManagerService.java:17144)
07-26 11:14:17.766  1406  2005 E ActivityManager:       at com.android.server.am.ActivityManagerService$LocalService.broadcastIntentInPackage(ActivityManagerService.java:19890)
07-26 11:14:17.766  1406  2005 E ActivityManager:       at com.android.server.am.PendingIntentRecord.sendInner(PendingIntentRecord.java:656)
07-26 11:14:17.766  1406  2005 E ActivityManager:       at com.android.server.am.ActivityManagerService.sendIntentSender(ActivityManagerService.java:6624)
07-26 11:14:17.766  1406  2005 E ActivityManager:       at com.android.server.am.ActivityManagerService.sendIntentSender(ActivityManagerService.java:6613)
07-26 11:14:17.766  1406  2005 E ActivityManager:       at android.app.PendingIntent.sendAndReturnResult(PendingIntent.java:1029)
07-26 11:14:17.766  1406  2005 E ActivityManager:       at android.app.PendingIntent.send(PendingIntent.java:1000)
07-26 11:14:17.766  1406  2005 E ActivityManager:       at android.app.PendingIntent.send(PendingIntent.java:908)
07-26 11:14:17.766  1406  2005 E ActivityManager:       at com.samsung.android.location.currentloc.SCurrentReceiverManager$h.m(Unknown Source:76)
07-26 11:14:17.766  1406  2005 E ActivityManager:       at com.samsung.android.location.currentloc.SCurrentReceiverManager$h.t(Unknown Source:341)
07-26 11:14:17.766  1406  2005 E ActivityManager:       at com.samsung.android.location.currentloc.SCurrentReceiverManager.b0(Unknown Source:116)
07-26 11:14:17.766  1406  2005 E ActivityManager:       at com.samsung.android.location.currentloc.SCurrentReceiverManager.a0(Unknown Source:38)
07-26 11:14:17.766  1406  2005 E ActivityManager:       at com.samsung.android.location.currentloc.i.s(Unknown Source:40)
07-26 11:14:17.766  1406  2005 E ActivityManager:       at com.samsung.android.location.currentloc.h.onLocationChanged(Unknown Source:2)
07-26 11:14:17.766  1406  2005 E ActivityManager:       at com.samsung.android.location.lib.positioning.PositionManager.u(Unknown Source:16)
07-26 11:14:17.766  1406  2005 E ActivityManager:       at com.samsung.android.location.lib.positioning.PositionManager.c(Unknown Source:0)
07-26 11:14:17.766  1406  2005 E ActivityManager:       at p0.e.run(Unknown Source:6)
07-26 11:14:17.766  1406  2005 E ActivityManager:       at android.os.Handler.handleCallback(Handler.java:942)
07-26 11:14:17.766  1406  2005 E ActivityManager:       at android.os.Handler.dispatchMessage(Handler.java:99)
07-26 11:14:17.766  1406  2005 E ActivityManager:       at android.os.Looper.loopOnce(Looper.java:226)
07-26 11:14:17.766  1406  2005 E ActivityManager:       at android.os.Looper.loop(Looper.java:313)
07-26 11:14:17.766  1406  2005 E ActivityManager:       at com.samsung.android.location.SLocationService.K(Unknown Source:30)
07-26 11:14:17.766  1406  2005 E ActivityManager:       at com.samsung.android.location.SLocationService.Z(Unknown Source:5)
07-26 11:14:17.766  1406  2005 E ActivityManager:       at com.samsung.android.location.SLocationService.E(Unknown Source:0)
07-26 11:14:17.766  1406  2005 E ActivityManager:       at com.samsung.android.location.t.run(Unknown Source:2)
07-26 11:14:17.766  1406  2005 E ActivityManager:       at java.lang.Thread.run(Thread.java:1012)
07-26 11:14:17.768  1406  4278 E AppOps  : attributionTag SLocationService not declared in manifest of android
07-26 11:14:39.687   838   838 E android.hardware.health@2.1-service-samsung: Could not open /sys/class/power_supply/battery/lrp
07-26 11:14:41.454   803   803 E audit   : type=1400 audit(1753508681.451:411495): avc:  denied  { write } for  pid=10472 comm="ThreadPoolForeg" name="traced_producer" dev="tmpfs" ino=17050 scontext=u:r:gmscore_app:s0:c512,c768 tcontext=u:object_r:traced_producer_socket:s0 tclass=sock_file permissive=0 SEPF_SM-A225F_12_0001 audit_filtered
07-26 11:14:41.454   803   803 E audit   : type=1300 audit(1753508681.451:411495): arch=c00000b7 syscall=203 success=no exit=-13 a0=71 a1=b400007b4e55b860 a2=1e a3=ffffffff9795ae73 items=0 ppid=825 pid=10472 auid=4294967295 uid=10211 gid=10211 euid=10211 suid=10211fsuid=10211 egid=10211 sgid=10211 fsgid=10211 tty=(none) ses=4294967295 comm="ThreadPoolForeg" exe="/system/bin/app_process64" subj=u:r:gmscore_app:s0:c512,c768 key=(null)
07-26 11:14:41.454   803   803 E audit   : type=1327 audit(1753508681.451:411495): proctitle="com.google.android.gms.persistent"
07-26 11:14:42.060  1406  1431 E Watchdog: !@Sync: 56982 heap: 172 / 182 FD: 1343 [2025-07-26 11:14:42.059]
07-26 11:14:46.285   803   803 E audit   : type=1400 audit(1753508686.283:411496): avc:  denied  { write } for  pid=14932 comm="ThreadPoolForeg" name="traced_producer" dev="tmpfs" ino=17050 scontext=u:r:gmscore_app:s0:c512,c768 tcontext=u:object_r:traced_producer_socket:s0 tclass=sock_file permissive=0 SEPF_SM-A225F_12_0001 audit_filtered
07-26 11:14:46.286   803   803 E audit   : type=1300 audit(1753508686.283:411496): arch=c00000b7 syscall=203 success=no exit=-13 a0=c0 a1=b400007b74a720a0 a2=1e a3=ffffffff9795ae73 items=0 ppid=825 pid=14932 auid=4294967295 uid=10211 gid=10211 euid=10211 suid=10211fsuid=10211 egid=10211 sgid=10211 fsgid=10211 tty=(none) ses=4294967295 comm="ThreadPoolForeg" exe="/system/bin/app_process64" subj=u:r:gmscore_app:s0:c512,c768 key=(null)
07-26 11:14:46.286   803   803 E audit   : type=1327 audit(1753508686.283:411496): proctitle="com.google.android.gms"
07-26 11:14:59.634  1406  4262 E AppOps  : evalMode() Foreground mode : uid - 10252, op - 1, capability - 0
07-26 11:15:07.308  1406  4262 E AppOps  : attributionTag SLocationService not declared in manifest of android
07-26 11:15:09.707   838   838 E android.hardware.health@2.1-service-samsung: Could not open /sys/class/power_supply/battery/lrp
07-26 11:15:11.457   803   803 E audit   : type=1400 audit(1753508711.455:411497): avc:  denied  { write } for  pid=10472 comm="ThreadPoolForeg" name="traced_producer" dev="tmpfs" ino=17050 scontext=u:r:gmscore_app:s0:c512,c768 tcontext=u:object_r:traced_producer_socket:s0 tclass=sock_file permissive=0 SEPF_SM-A225F_12_0001 audit_filtered
07-26 11:15:11.457   803   803 E audit   : type=1300 audit(1753508711.455:411497): arch=c00000b7 syscall=203 success=no exit=-13 a0=92 a1=b400007b4e55b820 a2=1e a3=ffffffff9795ae73 items=0 ppid=825 pid=10472 auid=4294967295 uid=10211 gid=10211 euid=10211 suid=10211fsuid=10211 egid=10211 sgid=10211 fsgid=10211 tty=(none) ses=4294967295 comm="ThreadPoolForeg" exe="/system/bin/app_process64" subj=u:r:gmscore_app:s0:c512,c768 key=(null)
07-26 11:15:11.457   803   803 E audit   : type=1327 audit(1753508711.455:411497): proctitle="com.google.android.gms.persistent"
07-26 11:15:12.076  1406  1431 E Watchdog: !@Sync: 56983 heap: 176 / 182 FD: 1343 [2025-07-26 11:15:12.075]
07-26 11:15:16.317   803   803 E audit   : type=1400 audit(1753508716.315:411498): avc:  denied  { write } for  pid=14932 comm="ThreadPoolForeg" name="traced_producer" dev="tmpfs" ino=17050 scontext=u:r:gmscore_app:s0:c512,c768 tcontext=u:object_r:traced_producer_socket:s0 tclass=sock_file permissive=0 SEPF_SM-A225F_12_0001 audit_filtered
07-26 11:15:16.318   803   803 E audit   : type=1300 audit(1753508716.315:411498): arch=c00000b7 syscall=203 success=no exit=-13 a0=c0 a1=b400007b74a6a100 a2=1e a3=ffffffff9795ae73 items=0 ppid=825 pid=14932 auid=4294967295 uid=10211 gid=10211 euid=10211 suid=10211fsuid=10211 egid=10211 sgid=10211 fsgid=10211 tty=(none) ses=4294967295 comm="ThreadPoolForeg" exe="/system/bin/app_process64" subj=u:r:gmscore_app:s0:c512,c768 key=(null)
07-26 11:15:16.318   803   803 E audit   : type=1327 audit(1753508716.315:411498): proctitle="com.google.android.gms"
07-26 11:15:23.639  1406  4262 E AppOps  : evalMode() Foreground mode : uid - 10252, op - 1, capability - 0
07-26 11:15:33.722 22058 22146 E GRPC    : cronet_transport.cc:445] on_failed(0xb400007b58a5f4c0, -352)
07-26 11:15:33.769  5718  5798 E bt_stack: Got a command complete with status COMMAND_DISALLOWED
07-26 11:15:39.739   838   838 E android.hardware.health@2.1-service-samsung: Could not open /sys/class/power_supply/battery/lrp
07-26 11:15:41.483   803   803 E audit   : type=1400 audit(1753508741.479:411499): avc:  denied  { write } for  pid=10472 comm="ThreadPoolForeg" name="traced_producer" dev="tmpfs" ino=17050 scontext=u:r:gmscore_app:s0:c512,c768 tcontext=u:object_r:traced_producer_socket:s0 tclass=sock_file permissive=0 SEPF_SM-A225F_12_0001 audit_filtered
07-26 11:15:41.483   803   803 E audit   : type=1300 audit(1753508741.479:411499): arch=c00000b7 syscall=203 success=no exit=-13 a0=71 a1=b400007b58682ec0 a2=1e a3=ffffffff9795ae73 items=0 ppid=825 pid=10472 auid=4294967295 uid=10211 gid=10211 euid=10211 suid=10211fsuid=10211 egid=10211 sgid=10211 fsgid=10211 tty=(none) ses=4294967295 comm="ThreadPoolForeg" exe="/system/bin/app_process64" subj=u:r:gmscore_app:s0:c512,c768 key=(null)
07-26 11:15:41.483   803   803 E audit   : type=1327 audit(1753508741.479:411499): proctitle="com.google.android.gms.persistent"
07-26 11:15:42.094  1406  1431 E Watchdog: !@Sync: 56984 heap: 179 / 182 FD: 1343 [2025-07-26 11:15:42.093]
