07-25 09:35:44.488  1406  4262 I WindowManager: Destroying surface Surface(name=com.whatsapp/com.whatsapp.home.ui.HomeActivity$_17175)/@0x7a77c59 called by com.android.server.wm.WindowStateAnimator.destroySurface:942 com.android.server.wm.WindowStateAnimator.destroySurfaceLocked:536 com.android.server.wm.WindowState.destroySurfaceUnchecked:4309 com.android.server.wm.WindowState.destroySurface:4283 com.android.server.wm.ActivityRecord.destroySurfaces:6539 com.android.server.wm.ActivityRecord.destroySurfaces:6520 com.android.server.wm.ActivityRecord.notifyAppStopped:6584 com.android.server.wm.ActivityRecord.activityStopped:7172 
07-25 09:35:44.489  1406  4262 D ActivityTaskManager: mStartingWindow and mStartingData is null for token=ActivityRecord{41365b5 u0 com.whatsapp/.home.ui.HomeActivity} t17419}
07-25 09:35:44.579  1406  1428 D SGM:GameManager: identifyForegroundApp. com.whatsapp, mCurrentUserId: 0, callerUserId: 0
07-25 09:35:44.579  1406  1428 D SGM:PkgDataHelper: getGamePkgData(). com.whatsapp
07-25 09:35:44.579  1406  1428 D SGM:SemGameManager: isForegroundGame(), ret=false
07-25 09:35:44.612  2339  2587 W ActivityThread: Failed to find provider info for com.sec.badge (user not unlocked)
07-25 09:35:45.036   578   578 D io_stats: !@ 179,0 r 596325852 8450798394 w 120771005 1111793720 d 0 0 f 0 0 iot 165150268 0 th 0 0 0 pt 0 inp 0 0 1667275.355
07-25 09:35:46.639  1406  1464 D PowerManagerService: UserActivityStateListenerState: 0
07-25 09:35:47.012  1406  1819 I Pageboost: Launcher App Execution
07-25 09:35:47.037   578   578 D io_stats: !@ 179,0 r 596325853 8450798418 w 120771016 1111793756 d 0 0 f 0 0 iot 165150272 0 th 0 0 0 pt 0 inp 0 0 1667277.356
07-25 09:35:47.475  1406  1625 D PowerManagerService: [api] userActivityFromNative :  (event: 2 flags: 0 displayId: 0) eventTime = 1667277792
07-25 09:35:47.475  1406  1625 D PowerManagerService: UserActivityStateListenerState: 1
07-25 09:35:47.989  1406  1406 D SGM:GameManager: identifyGamePackage. com.whatsapp, mCurrentUserId: 0, callerUserId: 0, callingMethodInfo: com.android.server.ssrm.fgapps.GameAppUtils.isGame(GameAppUtils.java:84)
07-25 09:35:47.989  1406  1406 D SGM:PkgDataHelper: getGamePkgData(). com.whatsapp
07-25 09:35:47.990  1406  1406 D SGM:GameManager: identifyGamePackage. com.whatsapp, mCurrentUserId: 0, callerUserId: 0, callingMethodInfo: com.android.server.ssrm.fgapps.GameAppUtils.isGame(GameAppUtils.java:84)
07-25 09:35:47.990  1406  1406 D SGM:PkgDataHelper: getGamePkgData(). com.whatsapp
07-25 09:35:48.385  1406  1406 D SGM:GameManager: identifyGamePackage. com.whatsapp, mCurrentUserId: 0, callerUserId: 0, callingMethodInfo: com.android.server.ssrm.fgapps.GameAppUtils.isGame(GameAppUtils.java:84)
07-25 09:35:48.385  1406  1406 D SGM:PkgDataHelper: getGamePkgData(). com.whatsapp
07-25 09:35:48.386  1406  1406 D SGM:GameManager: identifyGamePackage. com.whatsapp, mCurrentUserId: 0, callerUserId: 0, callingMethodInfo: com.android.server.ssrm.fgapps.GameAppUtils.isGame(GameAppUtils.java:84)
07-25 09:35:48.386  1406  1406 D SGM:PkgDataHelper: getGamePkgData(). com.whatsapp
07-25 09:35:48.652  1406  1625 D PowerManagerService: [api] userActivityFromNative :  (event: 2 flags: 0 displayId: 0) eventTime = 1667278970
07-25 09:35:48.812  1406  1406 D SGM:GameManager: identifyGamePackage. com.whatsapp, mCurrentUserId: 0, callerUserId: 0, callingMethodInfo: com.android.server.ssrm.fgapps.GameAppUtils.isGame(GameAppUtils.java:84)
07-25 09:35:48.812  1406  1406 D SGM:PkgDataHelper: getGamePkgData(). com.whatsapp
07-25 09:35:48.813  1406  1406 D SGM:GameManager: identifyGamePackage. com.whatsapp, mCurrentUserId: 0, callerUserId: 0, callingMethodInfo: com.android.server.ssrm.fgapps.GameAppUtils.isGame(GameAppUtils.java:84)
07-25 09:35:48.813  1406  1406 D SGM:PkgDataHelper: getGamePkgData(). com.whatsapp
07-25 09:35:49.037   578   578 D io_stats: !@ 179,0 r 596325864 8450798650 w 120771039 1111793892 d 0 0 f 0 0 iot 165150296 0 th 0 0 0 pt 0 inp 0 0 1667279.357
07-25 09:35:49.541  1406  1406 D SGM:GameManager: identifyGamePackage. com.whatsapp, mCurrentUserId: 0, callerUserId: 0, callingMethodInfo: com.android.server.ssrm.fgapps.GameAppUtils.isGame(GameAppUtils.java:84)
07-25 09:35:49.541  1406  1406 D SGM:PkgDataHelper: getGamePkgData(). com.whatsapp
07-25 09:35:49.542  1406  1406 D SGM:GameManager: identifyGamePackage. com.whatsapp, mCurrentUserId: 0, callerUserId: 0, callingMethodInfo: com.android.server.ssrm.fgapps.GameAppUtils.isGame(GameAppUtils.java:84)
07-25 09:35:49.542  1406  1406 D SGM:PkgDataHelper: getGamePkgData(). com.whatsapp
07-25 09:35:49.726  1406  4181 D PhoneWindowManagerExt: haptic generated by application
07-25 09:35:49.757  4178  5268 I SDHMS:D : SIOP:: AP:337 BAT:335 USB:0 CHG:357 PA:339 BLK:0 SUBBAT:0 SKIN:352 SKINF:352 SKINB:352 LRP:353 LRP2:352 LRF:353 LRB:353 LRF2:352 LRB2:352 AP2:352 CHG2:349 WIFI2:352 SPK2:327 VAP:343 
07-25 09:35:50.455  1406  1625 D PowerManagerService: [api] userActivityFromNative :  (event: 2 flags: 0 displayId: 0) eventTime = 1667280773
07-25 09:35:50.567  1406  1406 D SGM:GameManager: identifyGamePackage. com.whatsapp, mCurrentUserId: 0, callerUserId: 0, callingMethodInfo: com.android.server.ssrm.fgapps.GameAppUtils.isGame(GameAppUtils.java:84)
07-25 09:35:50.567  1406  1406 D SGM:PkgDataHelper: getGamePkgData(). com.whatsapp
07-25 09:35:50.568  1406  1406 D SGM:GameManager: identifyGamePackage. com.whatsapp, mCurrentUserId: 0, callerUserId: 0, callingMethodInfo: com.android.server.ssrm.fgapps.GameAppUtils.isGame(GameAppUtils.java:84)
07-25 09:35:50.568  1406  1406 D SGM:PkgDataHelper: getGamePkgData(). com.whatsapp
07-25 09:35:50.616  1406  1434 I ActivityManager: Changes in 10090 5 to 15, 8 to 0
07-25 09:35:50.956 22595 22595 I wpa_supplicant: Heartbeat 465
07-25 09:35:51.004  1406  1406 D SGM:GameManager: identifyGamePackage. com.whatsapp, mCurrentUserId: 0, callerUserId: 0, callingMethodInfo: com.android.server.ssrm.fgapps.GameAppUtils.isGame(GameAppUtils.java:84)
07-25 09:35:51.004  1406  1406 D SGM:PkgDataHelper: getGamePkgData(). com.whatsapp
07-25 09:35:51.005  1406  1406 D SGM:GameManager: identifyGamePackage. com.whatsapp, mCurrentUserId: 0, callerUserId: 0, callingMethodInfo: com.android.server.ssrm.fgapps.GameAppUtils.isGame(GameAppUtils.java:84)
07-25 09:35:51.005  1406  1406 D SGM:PkgDataHelper: getGamePkgData(). com.whatsapp
07-25 09:35:51.037   578   578 D io_stats: !@ 179,0 r 596325885 8450798914 w 120771039 1111793892 d 0 0 f 0 0 iot 165150300 0 th 0 0 0 pt 0 inp 0 0 1667281.357
07-25 09:35:51.102  1406  4262 D PhoneWindowManagerExt: haptic generated by application
07-25 09:35:51.476  1406  1406 D SGM:GameManager: identifyGamePackage. com.whatsapp, mCurrentUserId: 0, callerUserId: 0, callingMethodInfo: com.android.server.ssrm.fgapps.GameAppUtils.isGame(GameAppUtils.java:84)
07-25 09:35:51.476  1406  1406 D SGM:PkgDataHelper: getGamePkgData(). com.whatsapp
07-25 09:35:51.478  1406  1406 D SGM:GameManager: identifyGamePackage. com.whatsapp, mCurrentUserId: 0, callerUserId: 0, callingMethodInfo: com.android.server.ssrm.fgapps.GameAppUtils.isGame(GameAppUtils.java:84)
07-25 09:35:51.478  1406  1406 D SGM:PkgDataHelper: getGamePkgData(). com.whatsapp
07-25 09:35:51.614  1406  1625 D PowerManagerService: [api] userActivityFromNative :  (event: 2 flags: 0 displayId: 0) eventTime = 1667281932
07-25 09:35:52.221  1406  1406 D SGM:GameManager: identifyGamePackage. com.whatsapp, mCurrentUserId: 0, callerUserId: 0, callingMethodInfo: com.android.server.ssrm.fgapps.GameAppUtils.isGame(GameAppUtils.java:84)
07-25 09:35:52.221  1406  1406 D SGM:PkgDataHelper: getGamePkgData(). com.whatsapp
07-25 09:35:52.222  1406  1406 D SGM:GameManager: identifyGamePackage. com.whatsapp, mCurrentUserId: 0, callerUserId: 0, callingMethodInfo: com.android.server.ssrm.fgapps.GameAppUtils.isGame(GameAppUtils.java:84)
07-25 09:35:52.222  1406  1406 D SGM:PkgDataHelper: getGamePkgData(). com.whatsapp
07-25 09:35:52.318  1406  4181 D PhoneWindowManagerExt: haptic generated by application
07-25 09:35:53.038   578   578 D io_stats: !@ 179,0 r 596325893 8450799178 w 120771040 1111793896 d 0 0 f 0 0 iot 165150304 0 th 0 0 0 pt 0 inp 0 0 1667283.358
07-25 09:35:54.471  4178  4178 I SDHMS:LOAD: type: LoadsFreqs, value: 0:0:18:1214560:2000000:850000:1075960:1800000:500000:77:299:0
