07-03 16:19:31.165 27947 28082 E AndroidRuntime: Process: com.Slack, PID: 27947
07-26 11:50:49.952  1406  1406 D EdgeLightingPolicyManager.NotificationGroup: group key = 0|com.Slack|g:TUBAE2LK0 ,value= summary :  NotificationData { tag= null }  , child : 1key = 0|com.Slack|1517793336|null|10482 , value =  NotificationData { tag= null } , }
07-26 11:51:49.791  1406  1406 D EdgeLightingPolicyManager.NotificationGroup: group key = 0|com.Slack|g:TUBAE2LK0 ,value= summary :  NotificationData { tag= null }  , child : 1key = 0|com.Slack|1517793336|null|10482 , value =  NotificationData { tag= null } , }
07-26 11:52:24.825  1406  1406 D EdgeLightingPolicyManager.NotificationGroup: group key = 0|com.Slack|g:TUBAE2LK0 ,value= summary :  NotificationData { tag= null }  , child : 1key = 0|com.Slack|1517793336|null|10482 , value =  NotificationData { tag= null } , }
07-26 11:52:25.390  1406  1406 D EdgeLightingPolicyManager.NotificationGroup: group key = 0|com.Slack|g:TUBAE2LK0 ,value= summary :  NotificationData { tag= null }  , child : 1key = 0|com.Slack|1517793336|null|10482 , value =  NotificationData { tag= null } , }
07-26 11:53:27.308  1406  1406 D EdgeLightingPolicyManager.NotificationGroup: group key = 0|com.Slack|g:TUBAE2LK0 ,value= summary :  NotificationData { tag= null }  , child : 1key = 0|com.Slack|1517793336|null|10482 , value =  NotificationData { tag= null } , }
07-26 11:53:27.337  1406  1406 D EdgeLightingPolicyManager.NotificationGroup: group key = 0|com.Slack|g:TUBAE2LK0 ,value= summary :  NotificationData { tag= null }  , child : 1key = 0|com.Slack|1517793336|null|10482 , value =  NotificationData { tag= null } , }
07-26 11:53:27.706  1406  1406 D EdgeLightingPolicyManager.NotificationGroup: group key = 0|com.Slack|g:TUBAE2LK0 ,value= summary :  NotificationData { tag= null }  , child : 1key = 0|com.Slack|1517793336|null|10482 , value =  NotificationData { tag= null } , }
07-26 11:53:28.012  1406  1406 D EdgeLightingPolicyManager.NotificationGroup: group key = 0|com.Slack|g:TUBAE2LK0 ,value= summary :  NotificationData { tag= null }  , child : 1key = 0|com.Slack|1517793336|null|10482 , value =  NotificationData { tag= null } , }
07-26 11:53:28.054  1406  1406 D EdgeLightingPolicyManager.NotificationGroup: group key = 0|com.Slack|g:TUBAE2LK0 ,value= summary :  NotificationData { tag= null }  , child : 1key = 0|com.Slack|1517793336|null|10482 , value =  NotificationData { tag= null } , }
07-26 11:56:14.408  1406  1406 D EdgeLightingPolicyManager.NotificationGroup: group key = 0|com.Slack|g:TUBAE2LK0 ,value= summary :  NotificationData { tag= null }  , child : 1key = 0|com.Slack|1517793336|null|10482 , value =  NotificationData { tag= null } , }
07-26 11:58:15.188  1406  1406 D EdgeLightingPolicyManager.NotificationGroup: group key = 0|com.Slack|g:TUBAE2LK0 ,value= summary :  NotificationData { tag= null }  , child : 1key = 0|com.Slack|1517793336|null|10482 , value =  NotificationData { tag= null } , }
07-26 11:58:15.270  1406  1406 D EdgeLightingPolicyManager.NotificationGroup: group key = 0|com.Slack|g:TUBAE2LK0 ,value= summary :  NotificationData { tag= null }  , child : 1key = 0|com.Slack|1517793336|null|10482 , value =  NotificationData { tag= null } , }
07-26 11:58:21.626  1406  1406 D EdgeLightingPolicyManager.NotificationGroup: group key = 0|com.Slack|g:TUBAE2LK0 ,value= summary :  NotificationData { tag= null }  , child : 1key = 0|com.Slack|1517793336|null|10482 , value =  NotificationData { tag= null } , }
07-26 11:58:56.259  1406  1406 D EdgeLightingPolicyManager.NotificationGroup: group key = 0|com.Slack|g:TUBAE2LK0 ,value= summary :  NotificationData { tag= null }  , child : 1key = 0|com.Slack|1517793336|null|10482 , value =  NotificationData { tag= null } , }
07-26 11:58:57.766  1406  1406 D EdgeLightingPolicyManager.NotificationGroup: group key = 0|com.Slack|g:TUBAE2LK0 ,value= summary :  NotificationData { tag= null }  , child : 1key = 0|com.Slack|1517793336|null|10482 , value =  NotificationData { tag= null } , }
07-26 11:59:06.661  1406  1815 I Pageboost: start alp : com.Slack
07-26 11:59:06.661  1406  1819 I Pageboost: alp skip : com.Slack , 2
07-26 11:59:06.689  1839  1906 D ShellStartingWindow: preload Icon com.Slack
07-26 11:59:06.725  1406  4932 I Pageboost: onAppLaunch : com.Slack
07-26 11:59:06.726  1406  4932 I ActivityTaskManager: START u0 {act=android.intent.action.MAIN cat=[android.intent.category.LAUNCHER] flg=0x10200000 cmp=com.Slack/slack.features.home.HomeActivity bnds=[362,455][526,713]} from uid 10111
07-26 11:59:06.728  1406  4932 D ActivityTaskManager: TaskLaunchParamsModifier:task=null activity=ActivityRecord{3f98177 u0 com.Slack/slack.features.home.HomeActivity} display-from-option=0 display-id=0 display-windowing-mode=1 suggested-display-area=DefaultTaskDisplayArea@228092157
07-26 11:59:06.728  1406  4932 D ActivityTaskManager: TaskLaunchParamsModifier:task=Task{474ea6b #17493 type=standard A=10482:com.Slack U=0 visible=false visibleRequested=false mode=fullscreen translucent=true sz=3} activity=ActivityRecord{3f98177 u0 com.Slack/slack.features.home.HomeActivity} t-1} display-from-option=0 display-id=0 display-windowing-mode=1 suggested-display-area=DefaultTaskDisplayArea@228092157 inherit-from-source=fullscreen activity-options-fullscreen=Rect(0, 0 - 0, 0) non-freeform-display display-area=DefaultTaskDisplayArea@228092157 maximized-bounds
07-26 11:59:06.729  1406  4932 I Pageboost: moveTaskToFront : 10482:com.Slack
07-26 11:59:06.732  1406  4932 D SGM:FgCheckThread:   sendRunningComponentFocus(), pkgName: com.Slack, userId: 0
07-26 11:59:06.732  1406  1642 D SGM:FgCheckThread: onLooperPrepared(), msg: MSG_TASK_FOCUSED, pkgName: com.Slack, userId: 0
07-26 11:59:06.732  1406  1642 D SGM:FgCheckThread:   handleTaskFocused(), pkgName: com.Slack, userID:0 mResumedPkgMap does not containsKey.
07-26 11:59:06.803  1406  1429 D WindowManager: createAnimationAdapter(): container=Task{474ea6b #17493 type=standard A=10482:com.Slack U=0 visible=true visibleRequested=true mode=fullscreen translucent=false sz=3}
07-26 11:59:06.807  1406  1429 D WindowManager:         Add container=Task{474ea6b #17493 type=standard A=10482:com.Slack U=0 visible=true visibleRequested=true mode=fullscreen translucent=false sz=3}
07-26 11:59:06.816  1406  1429 I WindowManager: container=Task{474ea6b #17493 type=standard A=10482:com.Slack U=0 visible=true visibleRequested=true mode=fullscreen translucent=false sz=3}
07-26 11:59:06.816  1406  1429 I WindowManager:   taskInfo=TaskInfo{userId=0 taskId=17493 displayId=0 isRunning=true baseIntent=Intent { act=android.intent.action.MAIN cat=[android.intent.category.LAUNCHER] flg=0x10200000 cmp=com.Slack/slack.features.home.HomeActivity } baseActivity=ComponentInfo{com.Slack/slack.features.home.HomeActivity} topActivity=ComponentInfo{com.android.chrome/org.chromium.chrome.browser.customtabs.CustomTabActivity} origActivity=null realActivity=ComponentInfo{com.Slack/slack.features.home.HomeActivity} numActivities=3 lastActiveTime=3547658271 supportsSplitScreenMultiWindow=true supportsMultiWindow=true resizeMode=2 isResizeable=true minWidth=-1 minHeight=-1 defaultMinSize=220 token=WCT{RemoteToken{1cc286c Task{474ea6b #17493 type=standard A=10482:com.Slack U=0 visible=true visibleRequested=true mode=fullscreen translucent=false sz=3}}} topActivityType=1 pictureInPictureParams=null shouldDockBigOverlays=false launchIntoPipHostTaskId=0 displayCutoutSafeInsets=Rect(0, 58 - 0, 0) topActivityInfo=ActivityInfo{6ce74f1 org.chromium.chrome.browser.customtabs.CustomTabActivity} launchCookies=[android.os.BinderProxy@ef68d6, android.os.BinderProxy@d41a2ca] positionInParent=Point(0, 0) parentTaskId=-1 isFocused=true isVisible=true isSleeping=false topActivityInSizeCompat=false topActivityEligibleForLetterboxEducation= false locusId=null displayAreaFeatureId=1 cameraCompatControlState=hidden originallySupportedSplitScreen=true hasWallpaper=false isTopTransparentActivity=true topActivityInFixedAspectRatio=false topActivityInDisplayCompat=false topActivityInBoundsCompat=false topActivityBounds=null}
07-26 11:59:06.841  1406  3540 D SGM:GameManager: identifyForegroundApp. com.Slack, mCurrentUserId: 0, callerUserId: 0
07-26 11:59:06.841  1406  3540 D SGM:PkgDataHelper: getGamePkgData(). com.Slack
07-26 11:59:07.115  1406  3522 D WindowManager:         container=Task{474ea6b #17493 type=standard A=10482:com.Slack U=0 visible=true visibleRequested=true mode=fullscreen translucent=false sz=3}
07-26 11:59:07.829  1406  1428 D SGM:GameManager: identifyForegroundApp. com.Slack, mCurrentUserId: 0, callerUserId: 0
07-26 11:59:07.829  1406  1428 D SGM:PkgDataHelper: getGamePkgData(). com.Slack
07-26 11:59:08.092  1406  3540 D CoreBackPreview: startBackNavigation currentTask=Task{474ea6b #17493 type=standard A=10482:com.Slack U=0 visible=true visibleRequested=true mode=fullscreen translucent=false sz=3}, topRunningActivity=ActivityRecord{30c1407 u0 com.android.chrome/org.chromium.chrome.browser.customtabs.CustomTabActivity} t17493}, callbackInfo=OnBackInvokedCallbackInfo{mCallback=android.window.IOnBackInvokedCallback$Stub$Proxy@f72326c, mPriority=0}, currentFocus=Window{8d70ad5 u0 com.android.chrome/org.chromium.chrome.browser.customtabs.CustomTabActivity}
07-26 11:59:08.229  1406  3540 D MARsPolicyManager: onPackageResumedFG pkgName = com.Slack, userId = 0
07-26 11:59:08.231  1406  3540 V WindowManager: Setting visibility of Window{6a3caef u0 com.Slack/slack.features.messagedetails.MessageDetailsActivity}: true, caller=com.android.server.wm.WindowContainer.sendAppVisibilityToClients:1246 com.android.server.wm.WindowToken.setClientVisible:431 com.android.server.wm.ActivityRecord.setClientVisible:7691 com.android.server.wm.ActivityRecord.setVisibility:6091 com.android.server.wm.ActivityRecord.setVisibility:5984
07-26 11:59:08.231  1406  3540 V WindowManager: Moving existing starting Window{2297f4e u0 SnapshotStartingWindow for taskId=17493} from ActivityRecord{30c1407 u0 com.android.chrome/org.chromium.chrome.browser.customtabs.CustomTabActivity} t17493 f}} to ActivityRecord{361e7d2 u0 com.Slack/slack.features.messagedetails.MessageDetailsActivity} t17493}
07-26 11:59:08.234  1406  3540 D ActivityTaskManager: scheduleTopResumedActivityChanged, onTop=true r=ActivityRecord{361e7d2 u0 com.Slack/slack.features.messagedetails.MessageDetailsActivity} t17493} caller=com.android.server.wm.ActivityTaskSupervisor.scheduleTopResumedActivityStateIfNeeded:2535 com.android.server.wm.ActivityTaskSupervisor.updateTopResumedActivityIfNeeded:2527 com.android.server.wm.TaskFragment.setResumedActivity:493 com.android.server.wm.TaskFragment.onActivityStateChanged:805 com.android.server.wm.ActivityRecord.setState:6406 com.android.server.wm.TaskFragment.resumeTopActivity:1629
07-26 11:59:08.235  1406  3540 V WindowManager: Setting visibility of Window{aad03db u0 com.Slack/slack.features.home.HomeActivity}: true, caller=com.android.server.wm.WindowContainer.sendAppVisibilityToClients:1246 com.android.server.wm.WindowToken.setClientVisible:431 com.android.server.wm.ActivityRecord.setClientVisible:7691 com.android.server.wm.ActivityRecord.setVisibility:6091 com.android.server.wm.ActivityRecord.setVisibility:5984
07-26 11:59:08.235  1406  3540 D WindowManagerServiceExt: notifyOccludeChangeNotice: cn=ComponentInfo{com.Slack/slack.features.home.HomeActivity} occludesParent=true inMultiWindow=false styleFloating=false caller=com.android.server.wm.WindowManagerServiceExt.updateOccludeTargetIfNeeded:1402 com.android.server.wm.DisplayContent.ensureActivitiesVisible:7532 com.android.server.wm.RootWindowContainer.ensureActivitiesVisible:2248 com.android.server.wm.RootWindowContainer.ensureVisibilityAndConfig:2126 com.android.server.wm.TaskFragment.resumeTopActivity:1652
07-26 11:59:08.236  1406  3540 D WindowManager: rotationForOrientation, orientationSource=ActivityRecord{8e094e5 u0 com.Slack/slack.features.home.HomeActivity} t17493}
07-26 11:59:08.236  1406  3540 D WindowManager: rotationForOrientation, orientationSource=ActivityRecord{8e094e5 u0 com.Slack/slack.features.home.HomeActivity} t17493}
07-26 11:59:08.237  1406  3540 D WindowManager: rotationForOrientation, orientationSource=ActivityRecord{8e094e5 u0 com.Slack/slack.features.home.HomeActivity} t17493}
07-26 11:59:08.262  1406  1428 D SGM:GameManager: identifyGamePackage. com.Slack, mCurrentUserId: 0, callerUserId: 0, callingMethodInfo: com.android.server.ssrm.SortingMachine.isGame(SortingMachine.java:162)
07-26 11:59:08.262  1406  1428 D SGM:PkgDataHelper: getGamePkgData(). com.Slack
07-26 11:59:08.265  1406  1428 I GameSDK@LifeCycle: noteResumeComponent(): package name  : com.Slack
07-26 11:59:08.265  1406  1428 D SGM:FgCheckThread: noteResumeComponent(), received pkgName: com.Slack, userId: 0
07-26 11:59:08.265  1406  1642 D SGM:FgCheckThread: onLooperPrepared(), msg: MSG_APP_RESUME, pkgName: com.Slack, userid: 0
07-26 11:59:08.265  1406  1642 D SGM:FgCheckThread:   handleResume(). pkgName: com.Slack, userId: 0, isTunableApp: null
07-26 11:59:08.265  1406  1642 D SGM:FgCheckThread: notifyFocusInOut(). of pkg: com.Slack, type: 4, isTunableApp: false, userId: 0
07-26 11:59:08.268  1406  1428 D SGM:GameManager: identifyGamePackage. com.Slack, mCurrentUserId: 0, callerUserId: 0, callingMethodInfo: com.samsung.android.game.SemGameManager.isGamePackage(SemGameManager.java:104)
07-26 11:59:08.268  1406  1428 D SGM:PkgDataHelper: getGamePkgData(). com.Slack
07-26 11:59:08.268  1406  1428 D SGM:SemGameManager: isGamePackage(), pkgName=com.Slack, ret=false
07-26 11:59:08.284  1406  3522 D SGM:GameManager: identifyForegroundApp. com.Slack, mCurrentUserId: 0, callerUserId: 0
07-26 11:59:08.284  1406  3522 D SGM:PkgDataHelper: getGamePkgData(). com.Slack
07-26 11:59:08.287  1406  3522 D SGM:GameManager: identifyGamePackage. com.Slack, mCurrentUserId: 0, callerUserId: 0, callingMethodInfo: com.samsung.android.game.IGameManagerService$Stub.onTransact(IGameManagerService.java:233)
07-26 11:59:08.287  1406  3522 D SGM:PkgDataHelper: getGamePkgData(). com.Slack
07-26 11:59:08.402  1406  2105 D MdnieScenarioControlService:  packageName : com.Slack    className : slack.features.messagedetails.MessageDetailsActivity
07-26 11:59:08.646  1406  4932 D WindowManager: rotationForOrientation, orientationSource=ActivityRecord{8e094e5 u0 com.Slack/slack.features.home.HomeActivity} t17493}
07-26 11:59:09.023  1406  3522 D WindowManager: makeSurface duration=2 name=com.Slack/slack.features.home.HomeActivity$_19962
07-26 11:59:09.025  1406  3522 D WindowManager: rotationForOrientation, orientationSource=ActivityRecord{8e094e5 u0 com.Slack/slack.features.home.HomeActivity} t17493}
07-26 11:59:09.336  1406  3522 D WindowManager: makeSurface duration=1 name=com.Slack/slack.features.messagedetails.MessageDetailsActivity$_19962
07-26 11:59:09.340  1406  3522 V WindowManager: Changing focus from null to Window{6a3caef u0 com.Slack/slack.features.messagedetails.MessageDetailsActivity} displayId=0 Callers=com.android.server.wm.RootWindowContainer.updateFocusedWindowLocked:595 com.android.server.wm.WindowManagerService.updateFocusedWindowLocked:6810 com.android.server.wm.WindowManagerService.relayoutWindow:2820 com.android.server.wm.Session.relayout:274
07-26 11:59:09.340  1406  3522 D MARsPolicyManager: onPackageResumedFG pkgName = com.Slack, userId = 0
07-26 11:59:09.344  1406  3522 D WindowManager: updateSystemBarAttributes: displayId=0, win=Window{6a3caef u0 com.Slack/slack.features.messagedetails.MessageDetailsActivity}, navColorWin=Window{8d70ad5 u0 com.android.chrome/org.chromium.chrome.browser.customtabs.CustomTabActivity}, focusedCanBeNavColorWin=false, behavior=1, appearance=0, statusBarAppearanceRegions=[AppearanceRegion{ bounds=[0,0][720,1600]}], requestedVisibilities=, from=com.android.server.wm.DisplayPolicy.focusChangedLw:3247 com.android.server.wm.DisplayContent.updateFocusedWindowLocked:4632 com.android.server.wm.RootWindowContainer.updateFocusedWindowLocked:595
07-26 11:59:09.345  1406  3522 D WindowManager: rotationForOrientation, orientationSource=ActivityRecord{8e094e5 u0 com.Slack/slack.features.home.HomeActivity} t17493}
07-26 11:59:09.549  1406  4932 D WindowManager: finishDrawingWindow: Window{6a3caef u0 com.Slack/slack.features.messagedetails.MessageDetailsActivity} mDrawState=DRAW_PENDING seqId=0
07-26 11:59:09.554  1406  1429 V WindowManager: Finish starting ActivityRecord{361e7d2 u0 com.Slack/slack.features.messagedetails.MessageDetailsActivity} t17493}: first real window is shown, no animation
07-26 11:59:09.558  1406  1429 V WindowManager: Schedule remove starting ActivityRecord{361e7d2 u0 com.Slack/slack.features.messagedetails.MessageDetailsActivity} t17493} startingWindow=null startingView=null Callers=com.android.server.wm.ActivityRecord.removeStartingWindow:3233 com.android.server.wm.ActivityRecord.onFirstWindowDrawn:7460 com.android.server.wm.WindowState.performShowLocked:5502 com.android.server.wm.WindowStateAnimator.commitFinishDrawingLocked:351 com.android.server.wm.DisplayContent.lambda$new$8:1189
07-26 11:59:09.558  1406  1429 V WindowManager: performShowLocked: mDrawState=HAS_DRAWN in Window{6a3caef u0 com.Slack/slack.features.messagedetails.MessageDetailsActivity}
07-26 11:59:09.578  1406  3522 D WindowManager: finishDrawingWindow: Window{aad03db u0 com.Slack/slack.features.home.HomeActivity} mDrawState=DRAW_PENDING seqId=0
07-26 11:59:09.586  1406  1429 D ActivityTaskManager: mStartingWindow and mStartingData is null for token=ActivityRecord{361e7d2 u0 com.Slack/slack.features.messagedetails.MessageDetailsActivity} t17493}
07-26 11:59:09.588  1406  1429 D ActivityTaskManager: mStartingWindow and mStartingData is null for token=ActivityRecord{8e094e5 u0 com.Slack/slack.features.home.HomeActivity} t17493}
07-26 11:59:09.588  1406  1429 V WindowManager: performShowLocked: mDrawState=HAS_DRAWN in Window{aad03db u0 com.Slack/slack.features.home.HomeActivity}
07-26 11:59:09.598  1406  1429 D ActivityTaskManager: mStartingWindow and mStartingData is null for token=ActivityRecord{8e094e5 u0 com.Slack/slack.features.home.HomeActivity} t17493}
07-26 11:59:09.666  1406  3522 I WindowManager: Reparenting to leash, surface=Surface(name=2297f4e SnapshotStartingWindow for taskId=17493)/@0x9cfb364, leashParent=Surface(name=ActivityRecord{361e7d2 u0 com.Slack/slack.features.messagedetails.MessageDetailsActivity} t17493})/@0xab06c83
07-26 11:59:09.728  1406  2105 D MdnieScenarioControlService:  packageName : com.Slack    className : slack.features.messagedetails.MessageDetailsActivity
07-26 11:59:09.820  1406  3522 W JobScheduler: Job didn't exist in JobStore: ea1b9e2 #u0a482/16426 com.Slack/androidx.work.impl.background.systemjob.SystemJobService
07-26 11:59:09.852  1406  1429 I WindowManager: Reparenting to original parent: Surface(name=ActivityRecord{361e7d2 u0 com.Slack/slack.features.messagedetails.MessageDetailsActivity} t17493})/@0xab06c83, destroy=true, surface=Surface(name=2297f4e SnapshotStartingWindow for taskId=17493)/@0x9cfb364
07-26 11:59:10.191  1406  1428 D SGM:GameManager: identifyForegroundApp. com.Slack, mCurrentUserId: 0, callerUserId: 0
07-26 11:59:10.191  1406  1428 D SGM:PkgDataHelper: getGamePkgData(). com.Slack
07-26 11:59:10.465  1406  1406 D SGM:GameManager: identifyGamePackage. com.Slack, mCurrentUserId: 0, callerUserId: 0, callingMethodInfo: com.android.server.ssrm.fgapps.GameAppUtils.isGame(GameAppUtils.java:84)
07-26 11:59:10.465  1406  1406 D SGM:PkgDataHelper: getGamePkgData(). com.Slack
07-26 11:59:10.466  1406  1406 D SGM:GameManager: identifyGamePackage. com.Slack, mCurrentUserId: 0, callerUserId: 0, callingMethodInfo: com.android.server.ssrm.fgapps.GameAppUtils.isGame(GameAppUtils.java:84)
07-26 11:59:10.466  1406  1406 D SGM:PkgDataHelper: getGamePkgData(). com.Slack
07-26 11:59:10.935  1406  1406 D SGM:GameManager: identifyGamePackage. com.Slack, mCurrentUserId: 0, callerUserId: 0, callingMethodInfo: com.android.server.ssrm.fgapps.GameAppUtils.isGame(GameAppUtils.java:84)
07-26 11:59:10.935  1406  1406 D SGM:PkgDataHelper: getGamePkgData(). com.Slack
07-26 11:59:10.936  1406  1406 D SGM:GameManager: identifyGamePackage. com.Slack, mCurrentUserId: 0, callerUserId: 0, callingMethodInfo: com.android.server.ssrm.fgapps.GameAppUtils.isGame(GameAppUtils.java:84)
07-26 11:59:10.936  1406  1406 D SGM:PkgDataHelper: getGamePkgData(). com.Slack
07-26 11:59:11.286  1406  1406 D SGM:GameManager: identifyGamePackage. com.Slack, mCurrentUserId: 0, callerUserId: 0, callingMethodInfo: com.android.server.ssrm.fgapps.GameAppUtils.isGame(GameAppUtils.java:84)
07-26 11:59:11.286  1406  1406 D SGM:PkgDataHelper: getGamePkgData(). com.Slack
07-26 11:59:11.287  1406  1406 D SGM:GameManager: identifyGamePackage. com.Slack, mCurrentUserId: 0, callerUserId: 0, callingMethodInfo: com.android.server.ssrm.fgapps.GameAppUtils.isGame(GameAppUtils.java:84)
07-26 11:59:11.287  1406  1406 D SGM:PkgDataHelper: getGamePkgData(). com.Slack
07-26 11:59:11.686  1406  1406 D SGM:GameManager: identifyGamePackage. com.Slack, mCurrentUserId: 0, callerUserId: 0, callingMethodInfo: com.android.server.ssrm.fgapps.GameAppUtils.isGame(GameAppUtils.java:84)
07-26 11:59:11.686  1406  1406 D SGM:PkgDataHelper: getGamePkgData(). com.Slack
07-26 11:59:11.687  1406  1406 D SGM:GameManager: identifyGamePackage. com.Slack, mCurrentUserId: 0, callerUserId: 0, callingMethodInfo: com.android.server.ssrm.fgapps.GameAppUtils.isGame(GameAppUtils.java:84)
07-26 11:59:11.687  1406  1406 D SGM:PkgDataHelper: getGamePkgData(). com.Slack
07-26 11:59:12.070  1406  1406 D SGM:GameManager: identifyGamePackage. com.Slack, mCurrentUserId: 0, callerUserId: 0, callingMethodInfo: com.android.server.ssrm.fgapps.GameAppUtils.isGame(GameAppUtils.java:84)
07-26 11:59:12.070  1406  1406 D SGM:PkgDataHelper: getGamePkgData(). com.Slack
07-26 11:59:12.071  1406  1406 D SGM:GameManager: identifyGamePackage. com.Slack, mCurrentUserId: 0, callerUserId: 0, callingMethodInfo: com.android.server.ssrm.fgapps.GameAppUtils.isGame(GameAppUtils.java:84)
07-26 11:59:12.071  1406  1406 D SGM:PkgDataHelper: getGamePkgData(). com.Slack
07-26 11:59:12.519  1406  1406 D SGM:GameManager: identifyGamePackage. com.Slack, mCurrentUserId: 0, callerUserId: 0, callingMethodInfo: com.android.server.ssrm.fgapps.GameAppUtils.isGame(GameAppUtils.java:84)
07-26 11:59:12.519  1406  1406 D SGM:PkgDataHelper: getGamePkgData(). com.Slack
07-26 11:59:12.520  1406  1406 D SGM:GameManager: identifyGamePackage. com.Slack, mCurrentUserId: 0, callerUserId: 0, callingMethodInfo: com.android.server.ssrm.fgapps.GameAppUtils.isGame(GameAppUtils.java:84)
07-26 11:59:12.520  1406  1406 D SGM:PkgDataHelper: getGamePkgData(). com.Slack
07-26 11:59:12.740  1406  1649 D CoreBackPreview: startBackNavigation currentTask=Task{474ea6b #17493 type=standard A=10482:com.Slack U=0 visible=true visibleRequested=true mode=fullscreen translucent=false sz=2}, topRunningActivity=ActivityRecord{361e7d2 u0 com.Slack/slack.features.messagedetails.MessageDetailsActivity} t17493}, callbackInfo=OnBackInvokedCallbackInfo{mCallback=android.window.IOnBackInvokedCallback$Stub$Proxy@e5c1885, mPriority=0}, currentFocus=Window{6a3caef u0 com.Slack/slack.features.messagedetails.MessageDetailsActivity}
07-26 11:59:12.757  1406  1426 D WindowManager: requestTransientBars: swipeTarget=Window{fb5b268 u0 NavigationBar0}, controlTarget=Window{6a3caef u0 com.Slack/slack.features.messagedetails.MessageDetailsActivity}, canShowTransient=false, restorePositionTypes=0x3, from=com.android.server.wm.DisplayPolicy.-$$Nest$mrequestTransientBars:0 com.android.server.wm.DisplayPolicy$1.requestTransientBarsForSideSwipe:667
07-26 11:59:12.801  1406  1406 D SGM:GameManager: identifyGamePackage. com.Slack, mCurrentUserId: 0, callerUserId: 0, callingMethodInfo: com.android.server.ssrm.fgapps.GameAppUtils.isGame(GameAppUtils.java:84)
07-26 11:59:12.801  1406  1406 D SGM:PkgDataHelper: getGamePkgData(). com.Slack
07-26 11:59:12.802  1406  1406 D SGM:GameManager: identifyGamePackage. com.Slack, mCurrentUserId: 0, callerUserId: 0, callingMethodInfo: com.android.server.ssrm.fgapps.GameAppUtils.isGame(GameAppUtils.java:84)
07-26 11:59:12.802  1406  1406 D SGM:PkgDataHelper: getGamePkgData(). com.Slack
07-26 11:59:13.274  1406  1649 D ActivityTaskManager: scheduleTopResumedActivityChanged, onTop=false r=ActivityRecord{361e7d2 u0 com.Slack/slack.features.messagedetails.MessageDetailsActivity} t17493 f}} caller=com.android.server.wm.ActivityTaskSupervisor.updateTopResumedActivityIfNeeded:2510 com.android.server.wm.TaskFragment.setResumedActivity:493 com.android.server.wm.TaskFragment.onActivityStateChanged:790 com.android.server.wm.ActivityRecord.setState:6406 com.android.server.wm.TaskFragment.startPausing:1880 com.android.server.wm.ActivityRecord.finishIfPossible:4191
07-26 11:59:13.309  1406  4932 D MARsPolicyManager: onPackageResumedFG pkgName = com.Slack, userId = 0
07-26 11:59:13.310  1406  4932 D ActivityTaskManager: scheduleTopResumedActivityChanged, onTop=true r=ActivityRecord{8e094e5 u0 com.Slack/slack.features.home.HomeActivity} t17493} caller=com.android.server.wm.ActivityTaskSupervisor.scheduleTopResumedActivityStateIfNeeded:2535 com.android.server.wm.ActivityTaskSupervisor.updateTopResumedActivityIfNeeded:2527 com.android.server.wm.TaskFragment.setResumedActivity:493 com.android.server.wm.TaskFragment.onActivityStateChanged:805 com.android.server.wm.ActivityRecord.setState:6406 com.android.server.wm.TaskFragment.resumeTopActivity:1629
07-26 11:59:13.311  1406  4932 V WindowManager: Changing focus from Window{6a3caef u0 com.Slack/slack.features.messagedetails.MessageDetailsActivity} to Window{aad03db u0 com.Slack/slack.features.home.HomeActivity} displayId=0 Callers=com.android.server.wm.RootWindowContainer.updateFocusedWindowLocked:595 com.android.server.wm.WindowManagerService.updateFocusedWindowLocked:6810 com.android.server.wm.ActivityTaskManagerService.setResumedActivityUncheckLocked:5766 com.android.server.wm.TaskFragment.onActivityStateChanged:807
07-26 11:59:13.314  1406  4932 D WindowManager: rotationForOrientation, orientationSource=ActivityRecord{8e094e5 u0 com.Slack/slack.features.home.HomeActivity} t17493}
07-26 11:59:13.340  1406  4932 V WindowManager: Setting visibility of Window{6a3caef u0 com.Slack/slack.features.messagedetails.MessageDetailsActivity}: false, caller=com.android.server.wm.WindowContainer.sendAppVisibilityToClients:1246 com.android.server.wm.WindowToken.setClientVisible:431 com.android.server.wm.ActivityRecord.setClientVisible:7691 com.android.server.wm.ActivityRecord.onAnimationFinished:8590 com.android.server.wm.ActivityRecord.postApplyAnimation:6252
07-26 11:59:13.341  1406  4932 D ActivityTaskManager: mStartingWindow and mStartingData is null for token=ActivityRecord{8e094e5 u0 com.Slack/slack.features.home.HomeActivity} t17493}
07-26 11:59:13.346  1406  1428 D SGM:FgCheckThread: notePauseComponent(), received pkgName: com.Slack, userId: 0
07-26 11:59:13.369  1406  1428 I GameSDK@LifeCycle: noteResumeComponent(): package name  : com.Slack
07-26 11:59:13.369  1406  1428 D SGM:FgCheckThread: noteResumeComponent(), received pkgName: com.Slack, userId: 0
07-26 11:59:13.371  1406  1642 D SGM:FgCheckThread: onLooperPrepared(), msg: MSG_APP_RESUME, pkgName: com.Slack, userid: 0
07-26 11:59:13.371  1406  1642 D SGM:FgCheckThread:   handleResume(). pkgName: com.Slack, userId: 0, isTunableApp: null
07-26 11:59:13.371  1406  1642 D SGM:FgCheckThread: notifyFocusInOut(). of pkg: com.Slack, type: 4, isTunableApp: false, userId: 0
07-26 11:59:13.521  1406  4259 D CoreBackPreview: Window{6a3caef u0 com.Slack/slack.features.messagedetails.MessageDetailsActivity}: Setting back callback null
07-26 11:59:13.524  1406  3540 V WindowManager: Remove Window{6a3caef u0 com.Slack/slack.features.messagedetails.MessageDetailsActivity}: mSurfaceController=Surface(name=com.Slack/slack.features.messagedetails.MessageDetailsActivity$_19962)/@0xb093eb9 mAnimatingExit=false mRemoveOnExit=false mHasSurface=true surfaceShowing=false animating=false app-animation=false mWillReplaceWindow=false mDisplayFrozen=false callers=com.android.server.wm.WindowState.removeIfPossible:3041 com.android.server.wm.WindowManagerService.removeWindow:2289 com.android.server.wm.Session.remove:236 android.view.IWindowSession$Stub.onTransact:743 com.android.server.wm.Session.onTransact:188 android.os.Binder.execTransactInternal:1316
07-26 11:59:13.525  1406  3540 I WindowManager: Destroying surface Surface(name=com.Slack/slack.features.messagedetails.MessageDetailsActivity$_19962)/@0xb093eb9 called by com.android.server.wm.WindowStateAnimator.destroySurface:942 com.android.server.wm.WindowStateAnimator.destroySurfaceLocked:536 com.android.server.wm.WindowState.removeImmediately:2969 com.android.server.wm.WindowState.removeIfPossible:3228 com.android.server.wm.WindowState.removeIfPossible:3041 com.android.server.wm.WindowManagerService.removeWindow:2289 com.android.server.wm.Session.remove:236 android.view.IWindowSession$Stub.onTransact:743
07-26 11:59:13.720  1406  1406 D SGM:GameManager: identifyGamePackage. com.Slack, mCurrentUserId: 0, callerUserId: 0, callingMethodInfo: com.android.server.ssrm.fgapps.GameAppUtils.isGame(GameAppUtils.java:84)
07-26 11:59:13.720  1406  1406 D SGM:PkgDataHelper: getGamePkgData(). com.Slack
07-26 11:59:13.721  1406  1406 D SGM:GameManager: identifyGamePackage. com.Slack, mCurrentUserId: 0, callerUserId: 0, callingMethodInfo: com.android.server.ssrm.fgapps.GameAppUtils.isGame(GameAppUtils.java:84)
07-26 11:59:13.721  1406  1406 D SGM:PkgDataHelper: getGamePkgData(). com.Slack
07-26 11:59:14.043  1406  1428 D SGM:GameManager: identifyForegroundApp. com.Slack, mCurrentUserId: 0, callerUserId: 0
07-26 11:59:14.043  1406  1428 D SGM:PkgDataHelper: getGamePkgData(). com.Slack
07-26 11:59:14.286  1406  1406 D SGM:GameManager: identifyGamePackage. com.Slack, mCurrentUserId: 0, callerUserId: 0, callingMethodInfo: com.android.server.ssrm.fgapps.GameAppUtils.isGame(GameAppUtils.java:84)
07-26 11:59:14.286  1406  1406 D SGM:PkgDataHelper: getGamePkgData(). com.Slack
07-26 11:59:14.287  1406  1406 D SGM:GameManager: identifyGamePackage. com.Slack, mCurrentUserId: 0, callerUserId: 0, callingMethodInfo: com.android.server.ssrm.fgapps.GameAppUtils.isGame(GameAppUtils.java:84)
07-26 11:59:14.287  1406  1406 D SGM:PkgDataHelper: getGamePkgData(). com.Slack
07-26 11:59:14.289  1406  8224 D SGM:GameManager: identifyGamePackage. com.Slack, mCurrentUserId: 0, callerUserId: 0, callingMethodInfo: com.android.server.ssrm.SortingMachine.isGame(SortingMachine.java:162)
07-26 11:59:14.289  1406  8224 D SGM:PkgDataHelper: getGamePkgData(). com.Slack
07-26 11:59:15.022  1406  3540 I ActivityTaskManager: START u0 {cmp=com.Slack/slack.file.viewer.FileViewerActivity (has extras)} from uid 10482
07-26 11:59:15.023  1406  3540 D ActivityTaskManager: TaskLaunchParamsModifier:task=null activity=ActivityRecord{ac4a0f3 u0 com.Slack/slack.file.viewer.FileViewerActivity} display-area-from-source=DefaultTaskDisplayArea@228092157 display-id=0 display-windowing-mode=1 suggested-display-area=DefaultTaskDisplayArea@228092157
07-26 11:59:15.024  1406  3540 D ActivityTaskManager: TaskLaunchParamsModifier:task=Task{474ea6b #17493 type=standard A=10482:com.Slack U=0 visible=true visibleRequested=true mode=fullscreen translucent=false sz=1} activity=ActivityRecord{ac4a0f3 u0 com.Slack/slack.file.viewer.FileViewerActivity} t-1} display-area-from-source=DefaultTaskDisplayArea@228092157 display-id=0 display-windowing-mode=1 suggested-display-area=DefaultTaskDisplayArea@228092157 inherit-from-source=fullscreen activity-options-fullscreen=Rect(0, 0 - 0, 0) non-freeform-display display-area=DefaultTaskDisplayArea@228092157 maximized-bounds
07-26 11:59:15.029  1406  3540 D ActivityTaskManager: scheduleTopResumedActivityChanged, onTop=false r=ActivityRecord{8e094e5 u0 com.Slack/slack.features.home.HomeActivity} t17493} caller=com.android.server.wm.ActivityTaskSupervisor.updateTopResumedActivityIfNeeded:2510 com.android.server.wm.TaskFragment.setResumedActivity:493 com.android.server.wm.TaskFragment.onActivityStateChanged:790 com.android.server.wm.ActivityRecord.setState:6406 com.android.server.wm.TaskFragment.startPausing:1880 com.android.server.wm.TaskFragment.startPausing:1817
07-26 11:59:15.050  1406  3540 D MARsPolicyManager: onPackageResumedFG pkgName = com.Slack, userId = 0
07-26 11:59:15.052  1406  3540 D WindowManagerServiceExt: notifyOccludeChangeNotice: cn=ComponentInfo{com.Slack/slack.file.viewer.FileViewerActivity} occludesParent=true inMultiWindow=false styleFloating=false caller=com.android.server.wm.WindowManagerServiceExt.updateOccludeTargetIfNeeded:1402 com.android.server.wm.DisplayContent.ensureActivitiesVisible:7532 com.android.server.wm.RootWindowContainer.ensureActivitiesVisible:2248 com.android.server.wm.RootWindowContainer.ensureVisibilityAndConfig:2126 com.android.server.wm.ActivityTaskSupervisor.realStartActivityLocked:913
07-26 11:59:15.052  1406  3540 D WindowManager: rotationForOrientation, orientationSource=ActivityRecord{ac4a0f3 u0 com.Slack/slack.file.viewer.FileViewerActivity} t17493}
07-26 11:59:15.052  1406  3540 D WindowManager: rotationForOrientation, orientationSource=ActivityRecord{ac4a0f3 u0 com.Slack/slack.file.viewer.FileViewerActivity} t17493}
07-26 11:59:15.054  1406  3540 D WindowManager: rotationForOrientation, orientationSource=ActivityRecord{ac4a0f3 u0 com.Slack/slack.file.viewer.FileViewerActivity} t17493}
07-26 11:59:15.055  1406  3540 D SGM:PkgDataHelper: notifyAppCreate(), pkgName: com.Slack, userId: 0, sendRet: true
07-26 11:59:15.055  1406  1642 D SGM:FgCheckThread: onLooperPrepared(), msg: MSG_APP_CREATE, pkgName: com.Slack, userId: 0
07-26 11:59:15.055  1406  3540 D ActivityTaskManager: scheduleTopResumedActivityChanged, onTop=true r=ActivityRecord{ac4a0f3 u0 com.Slack/slack.file.viewer.FileViewerActivity} t17493} caller=com.android.server.wm.ActivityTaskSupervisor.scheduleTopResumedActivityStateIfNeeded:2535 com.android.server.wm.ActivityTaskSupervisor.updateTopResumedActivityIfNeeded:2527 com.android.server.wm.TaskFragment.setResumedActivity:493 com.android.server.wm.TaskFragment.onActivityStateChanged:805 com.android.server.wm.ActivityRecord.setState:6406 com.android.server.wm.Task.minimalResumeActivityLocked:6155
07-26 11:59:15.056  1406  3540 V WindowManager: Changing focus from Window{aad03db u0 com.Slack/slack.features.home.HomeActivity} to null displayId=0 Callers=com.android.server.wm.RootWindowContainer.updateFocusedWindowLocked:595 com.android.server.wm.WindowManagerService.updateFocusedWindowLocked:6810 com.android.server.wm.ActivityTaskManagerService.setResumedActivityUncheckLocked:5766 com.android.server.wm.TaskFragment.onActivityStateChanged:807
07-26 11:59:15.060  1406  1428 D SGM:FgCheckThread: notePauseComponent(), received pkgName: com.Slack, userId: 0
07-26 11:59:15.075  1406  1428 I GameSDK@LifeCycle: noteResumeComponent(): package name  : com.Slack
07-26 11:59:15.075  1406  1428 D SGM:FgCheckThread: noteResumeComponent(), received pkgName: com.Slack, userId: 0
07-26 11:59:15.075  1406  1642 D SGM:FgCheckThread: onLooperPrepared(), msg: MSG_APP_RESUME, pkgName: com.Slack, userid: 0
07-26 11:59:15.075  1406  1642 D SGM:FgCheckThread:   handleResume(). pkgName: com.Slack, userId: 0, isTunableApp: null
07-26 11:59:15.076  1406  1642 D SGM:FgCheckThread: notifyFocusInOut(). of pkg: com.Slack, type: 4, isTunableApp: false, userId: 0
07-26 11:59:15.178  1406  3540 D CoreBackPreview: Window{4f88d99 u0 com.Slack/slack.file.viewer.FileViewerActivity}: Setting back callback OnBackInvokedCallbackInfo{mCallback=android.window.IOnBackInvokedCallback$Stub$Proxy@fce343f, mPriority=0}
07-26 11:59:15.191  1406  3540 D WindowManager: makeSurface duration=0 name=com.Slack/slack.file.viewer.FileViewerActivity$_19962
07-26 11:59:15.193  1406  3540 V WindowManager: Changing focus from null to Window{4f88d99 u0 com.Slack/slack.file.viewer.FileViewerActivity} displayId=0 Callers=com.android.server.wm.RootWindowContainer.updateFocusedWindowLocked:595 com.android.server.wm.WindowManagerService.updateFocusedWindowLocked:6810 com.android.server.wm.WindowManagerService.relayoutWindow:2820 com.android.server.wm.Session.relayout:274
07-26 11:59:15.193  1406  3540 D MARsPolicyManager: onPackageResumedFG pkgName = com.Slack, userId = 0
07-26 11:59:15.223  1406  3540 D WindowManager: finishDrawingWindow: Window{4f88d99 u0 com.Slack/slack.file.viewer.FileViewerActivity} mDrawState=DRAW_PENDING seqId=0
07-26 11:59:15.230  1406  1429 I WindowManager: Reparenting to leash, surface=Surface(name=ActivityRecord{8e094e5 u0 com.Slack/slack.features.home.HomeActivity} t17493})/@0x1bf426a, leashParent=Surface(name=Task=17493)/@0x80dd41
07-26 11:59:15.231  1406  1429 D WindowManager: makeSurface duration=1 leash=Surface(name=Surface(name=ActivityRecord{8e094e5 u0 com.Slack/slack.features.home.HomeActivity} t17493})/@0x1bf426a - animation-leash of app_transition)/@0xeafd536
07-26 11:59:15.234  1406  1429 I WindowManager: Reparenting to leash, surface=Surface(name=ActivityRecord{ac4a0f3 u0 com.Slack/slack.file.viewer.FileViewerActivity} t17493})/@0x902d810, leashParent=Surface(name=Task=17493)/@0x80dd41
07-26 11:59:15.235  1406  1429 D WindowManager: makeSurface duration=0 leash=Surface(name=Surface(name=ActivityRecord{ac4a0f3 u0 com.Slack/slack.file.viewer.FileViewerActivity} t17493})/@0x902d810 - animation-leash of app_transition)/@0x6b0f09
07-26 11:59:15.236  1406  1429 D ActivityTaskManager: mStartingWindow and mStartingData is null for token=ActivityRecord{ac4a0f3 u0 com.Slack/slack.file.viewer.FileViewerActivity} t17493}
07-26 11:59:15.236  1406  1429 V WindowManager: performShowLocked: mDrawState=HAS_DRAWN in Window{4f88d99 u0 com.Slack/slack.file.viewer.FileViewerActivity}
07-26 11:59:15.237  1406  1425 I Pageboost: Launch time gathered : pid 19962 com.Slack 214
07-26 11:59:15.242  1406  1429 D ActivityTaskManager: mStartingWindow and mStartingData is null for token=ActivityRecord{ac4a0f3 u0 com.Slack/slack.file.viewer.FileViewerActivity} t17493}
07-26 11:59:15.683  1406  1429 I WindowManager: Reparenting to original parent: Surface(name=Task=17493)/@0x80dd41, destroy=true, surface=Surface(name=ActivityRecord{8e094e5 u0 com.Slack/slack.features.home.HomeActivity} t17493})/@0x1bf426a
07-26 11:59:15.685  1406  1429 V WindowManager: Setting visibility of Window{aad03db u0 com.Slack/slack.features.home.HomeActivity}: false, caller=com.android.server.wm.WindowContainer.sendAppVisibilityToClients:1246 com.android.server.wm.WindowToken.setClientVisible:431 com.android.server.wm.ActivityRecord.setClientVisible:7691 com.android.server.wm.ActivityRecord.onAnimationFinished:8590 com.android.server.wm.WindowContainer$$ExternalSyntheticLambda4.onAnimationFinished:2
07-26 11:59:15.686  1406  1429 I WindowManager: Reparenting to original parent: Surface(name=Task=17493)/@0x80dd41, destroy=true, surface=Surface(name=ActivityRecord{ac4a0f3 u0 com.Slack/slack.file.viewer.FileViewerActivity} t17493})/@0x902d810
07-26 11:59:15.775  1406  1649 E WindowManager: win=Window{aad03db u0 com.Slack/slack.features.home.HomeActivity} destroySurfaces: appStopped=true cleanupOnResume=false win.mWindowRemovalAllowed=false win.mRemoveOnExit=false win.mViewVisibility=8 caller=com.android.server.wm.ActivityRecord.destroySurfaces:6539 com.android.server.wm.ActivityRecord.destroySurfaces:6520 com.android.server.wm.ActivityRecord.notifyAppStopped:6584 com.android.server.wm.ActivityRecord.activityStopped:7172 com.android.server.wm.ActivityClientController.activityStopped:269 android.app.IActivityClientController$Stub.onTransact:613 com.android.server.wm.ActivityClientController.onTransact:147
07-26 11:59:15.775  1406  1649 I WindowManager: Destroying surface Surface(name=com.Slack/slack.features.home.HomeActivity$_19962)/@0xad21dbe called by com.android.server.wm.WindowStateAnimator.destroySurface:942 com.android.server.wm.WindowStateAnimator.destroySurfaceLocked:536 com.android.server.wm.WindowState.destroySurfaceUnchecked:4309 com.android.server.wm.WindowState.destroySurface:4283 com.android.server.wm.ActivityRecord.destroySurfaces:6539 com.android.server.wm.ActivityRecord.destroySurfaces:6520 com.android.server.wm.ActivityRecord.notifyAppStopped:6584 com.android.server.wm.ActivityRecord.activityStopped:7172
07-26 11:59:15.787  1406  1649 D ActivityTaskManager: mStartingWindow and mStartingData is null for token=ActivityRecord{8e094e5 u0 com.Slack/slack.features.home.HomeActivity} t17493}
07-26 11:59:15.834  1406  1428 D SGM:GameManager: identifyForegroundApp. com.Slack, mCurrentUserId: 0, callerUserId: 0
07-26 11:59:15.834  1406  1428 D SGM:PkgDataHelper: getGamePkgData(). com.Slack
07-26 11:59:17.746  1406  4259 D SGM:GameManager: identifyForegroundApp. com.Slack, mCurrentUserId: 0, callerUserId: 0
07-26 11:59:17.746  1406  4259 D SGM:PkgDataHelper: getGamePkgData(). com.Slack
07-26 11:59:24.869  1406  4259 D CoreBackPreview: startBackNavigation currentTask=Task{474ea6b #17493 type=standard A=10482:com.Slack U=0 visible=true visibleRequested=true mode=fullscreen translucent=false sz=2}, topRunningActivity=ActivityRecord{ac4a0f3 u0 com.Slack/slack.file.viewer.FileViewerActivity} t17493}, callbackInfo=OnBackInvokedCallbackInfo{mCallback=android.window.IOnBackInvokedCallback$Stub$Proxy@fce343f, mPriority=0}, currentFocus=Window{4f88d99 u0 com.Slack/slack.file.viewer.FileViewerActivity}
07-26 11:59:24.910  1406  1426 D WindowManager: requestTransientBars: swipeTarget=Window{fb5b268 u0 NavigationBar0}, controlTarget=Window{4f88d99 u0 com.Slack/slack.file.viewer.FileViewerActivity}, canShowTransient=false, restorePositionTypes=0x3, from=com.android.server.wm.DisplayPolicy.-$$Nest$mrequestTransientBars:0 com.android.server.wm.DisplayPolicy$1.requestTransientBarsForSideSwipe:667
07-26 11:59:24.949  1406  1406 D SGM:GameManager: identifyGamePackage. com.Slack, mCurrentUserId: 0, callerUserId: 0, callingMethodInfo: com.android.server.ssrm.fgapps.GameAppUtils.isGame(GameAppUtils.java:84)
07-26 11:59:24.949  1406  1406 D SGM:PkgDataHelper: getGamePkgData(). com.Slack
07-26 11:59:24.950  1406  1406 D SGM:GameManager: identifyGamePackage. com.Slack, mCurrentUserId: 0, callerUserId: 0, callingMethodInfo: com.android.server.ssrm.fgapps.GameAppUtils.isGame(GameAppUtils.java:84)
07-26 11:59:24.950  1406  1406 D SGM:PkgDataHelper: getGamePkgData(). com.Slack
07-26 11:59:24.954  1406  4259 D ActivityTaskManager: scheduleTopResumedActivityChanged, onTop=false r=ActivityRecord{ac4a0f3 u0 com.Slack/slack.file.viewer.FileViewerActivity} t17493 f}} caller=com.android.server.wm.ActivityTaskSupervisor.updateTopResumedActivityIfNeeded:2510 com.android.server.wm.TaskFragment.setResumedActivity:493 com.android.server.wm.TaskFragment.onActivityStateChanged:790 com.android.server.wm.ActivityRecord.setState:6406 com.android.server.wm.TaskFragment.startPausing:1880 com.android.server.wm.ActivityRecord.finishIfPossible:4191
07-26 11:59:24.959  1406  4259 D MARsPolicyManager: onPackageResumedFG pkgName = com.Slack, userId = 0
07-26 11:59:24.960  1406  4259 V WindowManager: Setting visibility of Window{aad03db u0 com.Slack/slack.features.home.HomeActivity}: true, caller=com.android.server.wm.WindowContainer.sendAppVisibilityToClients:1246 com.android.server.wm.WindowToken.setClientVisible:431 com.android.server.wm.ActivityRecord.setClientVisible:7691 com.android.server.wm.ActivityRecord.setVisibility:6091 com.android.server.wm.ActivityRecord.setVisibility:5984
07-26 11:59:24.961  1406  4259 D ActivityTaskManager: scheduleTopResumedActivityChanged, onTop=true r=ActivityRecord{8e094e5 u0 com.Slack/slack.features.home.HomeActivity} t17493} caller=com.android.server.wm.ActivityTaskSupervisor.scheduleTopResumedActivityStateIfNeeded:2535 com.android.server.wm.ActivityTaskSupervisor.updateTopResumedActivityIfNeeded:2527 com.android.server.wm.TaskFragment.setResumedActivity:493 com.android.server.wm.TaskFragment.onActivityStateChanged:805 com.android.server.wm.ActivityRecord.setState:6406 com.android.server.wm.TaskFragment.resumeTopActivity:1629
07-26 11:59:24.961  1406  4259 V WindowManager: Changing focus from Window{4f88d99 u0 com.Slack/slack.file.viewer.FileViewerActivity} to null displayId=0 Callers=com.android.server.wm.RootWindowContainer.updateFocusedWindowLocked:595 com.android.server.wm.WindowManagerService.updateFocusedWindowLocked:6810 com.android.server.wm.ActivityTaskManagerService.setResumedActivityUncheckLocked:5766 com.android.server.wm.TaskFragment.onActivityStateChanged:807
07-26 11:59:24.963  1406  4259 D WindowManagerServiceExt: notifyOccludeChangeNotice: cn=ComponentInfo{com.Slack/slack.features.home.HomeActivity} occludesParent=true inMultiWindow=false styleFloating=false caller=com.android.server.wm.WindowManagerServiceExt.updateOccludeTargetIfNeeded:1402 com.android.server.wm.DisplayContent.ensureActivitiesVisible:7532 com.android.server.wm.RootWindowContainer.ensureActivitiesVisible:2248 com.android.server.wm.RootWindowContainer.ensureVisibilityAndConfig:2126 com.android.server.wm.TaskFragment.resumeTopActivity:1652
07-26 11:59:24.963  1406  4259 D WindowManager: rotationForOrientation, orientationSource=ActivityRecord{8e094e5 u0 com.Slack/slack.features.home.HomeActivity} t17493}
07-26 11:59:24.963  1406  4259 D WindowManager: rotationForOrientation, orientationSource=ActivityRecord{8e094e5 u0 com.Slack/slack.features.home.HomeActivity} t17493}
07-26 11:59:24.964  1406  4259 D WindowManager: rotationForOrientation, orientationSource=ActivityRecord{8e094e5 u0 com.Slack/slack.features.home.HomeActivity} t17493}
07-26 11:59:24.970  1406  1428 D SGM:FgCheckThread: notePauseComponent(), received pkgName: com.Slack, userId: 0
07-26 11:59:25.011  1406  1428 I GameSDK@LifeCycle: noteResumeComponent(): package name  : com.Slack
07-26 11:59:25.011  1406  1428 D SGM:FgCheckThread: noteResumeComponent(), received pkgName: com.Slack, userId: 0
07-26 11:59:25.012  1406  1642 D SGM:FgCheckThread: onLooperPrepared(), msg: MSG_APP_RESUME, pkgName: com.Slack, userid: 0
07-26 11:59:25.012  1406  1642 D SGM:FgCheckThread:   handleResume(). pkgName: com.Slack, userId: 0, isTunableApp: null
07-26 11:59:25.012  1406  1642 D SGM:FgCheckThread: notifyFocusInOut(). of pkg: com.Slack, type: 4, isTunableApp: false, userId: 0
07-26 11:59:25.068  1406  1649 D WindowManager: makeSurface duration=1 name=com.Slack/slack.features.home.HomeActivity$_19962
07-26 11:59:25.071  1406  1649 V WindowManager: Changing focus from null to Window{aad03db u0 com.Slack/slack.features.home.HomeActivity} displayId=0 Callers=com.android.server.wm.RootWindowContainer.updateFocusedWindowLocked:595 com.android.server.wm.WindowManagerService.updateFocusedWindowLocked:6810 com.android.server.wm.WindowManagerService.relayoutWindow:2820 com.android.server.wm.Session.relayout:274
07-26 11:59:25.071  1406  1649 D MARsPolicyManager: onPackageResumedFG pkgName = com.Slack, userId = 0
07-26 11:59:25.172  1406  1649 D WindowManager: finishDrawingWindow: Window{aad03db u0 com.Slack/slack.features.home.HomeActivity} mDrawState=DRAW_PENDING seqId=0
07-26 11:59:25.177  1406  1429 I WindowManager: Reparenting to leash, surface=Surface(name=ActivityRecord{ac4a0f3 u0 com.Slack/slack.file.viewer.FileViewerActivity} t17493})/@0x902d810, leashParent=Surface(name=Task=17493)/@0x80dd41
07-26 11:59:25.178  1406  1429 D WindowManager: makeSurface duration=1 leash=Surface(name=Surface(name=ActivityRecord{ac4a0f3 u0 com.Slack/slack.file.viewer.FileViewerActivity} t17493})/@0x902d810 - animation-leash of app_transition)/@0x788ade8
07-26 11:59:25.180  1406  1429 I WindowManager: Reparenting to leash, surface=Surface(name=ActivityRecord{8e094e5 u0 com.Slack/slack.features.home.HomeActivity} t17493})/@0x1bf426a, leashParent=Surface(name=Task=17493)/@0x80dd41
07-26 11:59:25.181  1406  1429 D WindowManager: makeSurface duration=1 leash=Surface(name=Surface(name=ActivityRecord{8e094e5 u0 com.Slack/slack.features.home.HomeActivity} t17493})/@0x1bf426a - animation-leash of app_transition)/@0x58faa6
07-26 11:59:25.183  1406  1429 D ActivityTaskManager: mStartingWindow and mStartingData is null for token=ActivityRecord{8e094e5 u0 com.Slack/slack.features.home.HomeActivity} t17493}
07-26 11:59:25.183  1406  1429 V WindowManager: performShowLocked: mDrawState=HAS_DRAWN in Window{aad03db u0 com.Slack/slack.features.home.HomeActivity}
07-26 11:59:25.188  1406  1429 D ActivityTaskManager: mStartingWindow and mStartingData is null for token=ActivityRecord{8e094e5 u0 com.Slack/slack.features.home.HomeActivity} t17493}
07-26 11:59:25.520  1406  1429 I WindowManager: Reparenting to original parent: Surface(name=Task=17493)/@0x80dd41, destroy=true, surface=Surface(name=ActivityRecord{ac4a0f3 u0 com.Slack/slack.file.viewer.FileViewerActivity} t17493})/@0x902d810
07-26 11:59:25.520  1406  1429 V WindowManager: Setting visibility of Window{4f88d99 u0 com.Slack/slack.file.viewer.FileViewerActivity}: false, caller=com.android.server.wm.WindowContainer.sendAppVisibilityToClients:1246 com.android.server.wm.WindowToken.setClientVisible:431 com.android.server.wm.ActivityRecord.setClientVisible:7691 com.android.server.wm.ActivityRecord.onAnimationFinished:8590 com.android.server.wm.WindowContainer$$ExternalSyntheticLambda4.onAnimationFinished:2
07-26 11:59:25.521  1406  1429 I WindowManager: Reparenting to original parent: Surface(name=Task=17493)/@0x80dd41, destroy=true, surface=Surface(name=ActivityRecord{8e094e5 u0 com.Slack/slack.features.home.HomeActivity} t17493})/@0x1bf426a
07-26 11:59:25.570  1406  4932 D CoreBackPreview: Window{4f88d99 u0 com.Slack/slack.file.viewer.FileViewerActivity}: Setting back callback null
