07-26 11:59:25.578  1406  4932 V WindowManager: Remove Window{4f88d99 u0 com.Slack/slack.file.viewer.FileViewerActivity}: mSurfaceController=Surface(name=com.Slack/slack.file.viewer.FileViewerActivity$_19962)/@0x3b9d771 mAnimatingExit=false mRemoveOnExit=false mHasSurface=true surfaceShowing=false animating=false app-animation=false mWillReplaceWindow=false mDisplayFrozen=false callers=com.android.server.wm.WindowState.removeIfPossible:3041 com.android.server.wm.WindowManagerService.removeWindow:2289 com.android.server.wm.Session.remove:236 android.view.IWindowSession$Stub.onTransact:743 com.android.server.wm.Session.onTransact:188 android.os.Binder.execTransactInternal:1316
07-26 11:59:25.578  1406  4932 I WindowManager: Destroying surface Surface(name=com.Slack/slack.file.viewer.FileViewerActivity$_19962)/@0x3b9d771 called by com.android.server.wm.WindowStateAnimator.destroySurface:942 com.android.server.wm.WindowStateAnimator.destroySurfaceLocked:536 com.android.server.wm.WindowState.removeImmediately:2969 com.android.server.wm.WindowState.removeIfPossible:3228 com.android.server.wm.WindowState.removeIfPossible:3041 com.android.server.wm.WindowManagerService.removeWindow:2289 com.android.server.wm.Session.remove:236 android.view.IWindowSession$Stub.onTransact:743
07-26 11:59:25.797  1406  1428 D SGM:GameManager: identifyForegroundApp. com.Slack, mCurrentUserId: 0, callerUserId: 0
07-26 11:59:25.797  1406  1428 D SGM:PkgDataHelper: getGamePkgData(). com.Slack
07-26 11:59:27.005  1406  4259 I ActivityTaskManager: START u0 {cmp=com.Slack/slack.file.viewer.FileViewerActivity (has extras)} from uid 10482
07-26 11:59:27.005  1406  4259 D ActivityTaskManager: TaskLaunchParamsModifier:task=null activity=ActivityRecord{133a724 u0 com.Slack/slack.file.viewer.FileViewerActivity} display-area-from-source=DefaultTaskDisplayArea@228092157 display-id=0 display-windowing-mode=1 suggested-display-area=DefaultTaskDisplayArea@228092157
07-26 11:59:27.006  1406  4259 D ActivityTaskManager: TaskLaunchParamsModifier:task=Task{474ea6b #17493 type=standard A=10482:com.Slack U=0 visible=true visibleRequested=true mode=fullscreen translucent=false sz=1} activity=ActivityRecord{133a724 u0 com.Slack/slack.file.viewer.FileViewerActivity} t-1} display-area-from-source=DefaultTaskDisplayArea@228092157 display-id=0 display-windowing-mode=1 suggested-display-area=DefaultTaskDisplayArea@228092157 inherit-from-source=fullscreen activity-options-fullscreen=Rect(0, 0 - 0, 0) non-freeform-display display-area=DefaultTaskDisplayArea@228092157 maximized-bounds
07-26 11:59:27.011  1406  4259 D ActivityTaskManager: scheduleTopResumedActivityChanged, onTop=false r=ActivityRecord{8e094e5 u0 com.Slack/slack.features.home.HomeActivity} t17493} caller=com.android.server.wm.ActivityTaskSupervisor.updateTopResumedActivityIfNeeded:2510 com.android.server.wm.TaskFragment.setResumedActivity:493 com.android.server.wm.TaskFragment.onActivityStateChanged:790 com.android.server.wm.ActivityRecord.setState:6406 com.android.server.wm.TaskFragment.startPausing:1880 com.android.server.wm.TaskFragment.startPausing:1817
07-26 11:59:27.030  1406  4259 D MARsPolicyManager: onPackageResumedFG pkgName = com.Slack, userId = 0
07-26 11:59:27.032  1406  4259 D WindowManagerServiceExt: notifyOccludeChangeNotice: cn=ComponentInfo{com.Slack/slack.file.viewer.FileViewerActivity} occludesParent=true inMultiWindow=false styleFloating=false caller=com.android.server.wm.WindowManagerServiceExt.updateOccludeTargetIfNeeded:1402 com.android.server.wm.DisplayContent.ensureActivitiesVisible:7532 com.android.server.wm.RootWindowContainer.ensureActivitiesVisible:2248 com.android.server.wm.RootWindowContainer.ensureVisibilityAndConfig:2126 com.android.server.wm.ActivityTaskSupervisor.realStartActivityLocked:913
07-26 11:59:27.032  1406  4259 D WindowManager: rotationForOrientation, orientationSource=ActivityRecord{133a724 u0 com.Slack/slack.file.viewer.FileViewerActivity} t17493}
07-26 11:59:27.032  1406  4259 D WindowManager: rotationForOrientation, orientationSource=ActivityRecord{133a724 u0 com.Slack/slack.file.viewer.FileViewerActivity} t17493}
07-26 11:59:27.033  1406  4259 D WindowManager: rotationForOrientation, orientationSource=ActivityRecord{133a724 u0 com.Slack/slack.file.viewer.FileViewerActivity} t17493}
07-26 11:59:27.035  1406  4259 D SGM:PkgDataHelper: notifyAppCreate(), pkgName: com.Slack, userId: 0, sendRet: true
07-26 11:59:27.035  1406  1642 D SGM:FgCheckThread: onLooperPrepared(), msg: MSG_APP_CREATE, pkgName: com.Slack, userId: 0
07-26 11:59:27.035  1406  4259 D ActivityTaskManager: scheduleTopResumedActivityChanged, onTop=true r=ActivityRecord{133a724 u0 com.Slack/slack.file.viewer.FileViewerActivity} t17493} caller=com.android.server.wm.ActivityTaskSupervisor.scheduleTopResumedActivityStateIfNeeded:2535 com.android.server.wm.ActivityTaskSupervisor.updateTopResumedActivityIfNeeded:2527 com.android.server.wm.TaskFragment.setResumedActivity:493 com.android.server.wm.TaskFragment.onActivityStateChanged:805 com.android.server.wm.ActivityRecord.setState:6406 com.android.server.wm.Task.minimalResumeActivityLocked:6155
07-26 11:59:27.036  1406  4259 V WindowManager: Changing focus from Window{aad03db u0 com.Slack/slack.features.home.HomeActivity} to null displayId=0 Callers=com.android.server.wm.RootWindowContainer.updateFocusedWindowLocked:595 com.android.server.wm.WindowManagerService.updateFocusedWindowLocked:6810 com.android.server.wm.ActivityTaskManagerService.setResumedActivityUncheckLocked:5766 com.android.server.wm.TaskFragment.onActivityStateChanged:807
07-26 11:59:27.039  1406  1428 D SGM:FgCheckThread: notePauseComponent(), received pkgName: com.Slack, userId: 0
07-26 11:59:27.056  1406  1428 I GameSDK@LifeCycle: noteResumeComponent(): package name  : com.Slack
07-26 11:59:27.057  1406  1428 D SGM:FgCheckThread: noteResumeComponent(), received pkgName: com.Slack, userId: 0
07-26 11:59:27.057  1406  1642 D SGM:FgCheckThread: onLooperPrepared(), msg: MSG_APP_RESUME, pkgName: com.Slack, userid: 0
07-26 11:59:27.057  1406  1642 D SGM:FgCheckThread:   handleResume(). pkgName: com.Slack, userId: 0, isTunableApp: null
07-26 11:59:27.057  1406  1642 D SGM:FgCheckThread: notifyFocusInOut(). of pkg: com.Slack, type: 4, isTunableApp: false, userId: 0
07-26 11:59:27.123  1406  4317 D CoreBackPreview: Window{ee749f2 u0 com.Slack/slack.file.viewer.FileViewerActivity}: Setting back callback OnBackInvokedCallbackInfo{mCallback=android.window.IOnBackInvokedCallback$Stub$Proxy@258fec0, mPriority=0}
07-26 11:59:27.133  1406  4259 D WindowManager: makeSurface duration=1 name=com.Slack/slack.file.viewer.FileViewerActivity$_19962
07-26 11:59:27.135  1406  4259 V WindowManager: Changing focus from null to Window{ee749f2 u0 com.Slack/slack.file.viewer.FileViewerActivity} displayId=0 Callers=com.android.server.wm.RootWindowContainer.updateFocusedWindowLocked:595 com.android.server.wm.WindowManagerService.updateFocusedWindowLocked:6810 com.android.server.wm.WindowManagerService.relayoutWindow:2820 com.android.server.wm.Session.relayout:274
07-26 11:59:27.165  1406  4259 D WindowManager: finishDrawingWindow: Window{ee749f2 u0 com.Slack/slack.file.viewer.FileViewerActivity} mDrawState=DRAW_PENDING seqId=0
07-26 11:59:27.169  1406  1429 I WindowManager: Reparenting to leash, surface=Surface(name=ActivityRecord{8e094e5 u0 com.Slack/slack.features.home.HomeActivity} t17493})/@0x1bf426a, leashParent=Surface(name=Task=17493)/@0x80dd41
07-26 11:59:27.170  1406  1429 D WindowManager: makeSurface duration=1 leash=Surface(name=Surface(name=ActivityRecord{8e094e5 u0 com.Slack/slack.features.home.HomeActivity} t17493})/@0x1bf426a - animation-leash of app_transition)/@0x2c29cbb
07-26 11:59:27.173  1406  1429 I WindowManager: Reparenting to leash, surface=Surface(name=ActivityRecord{133a724 u0 com.Slack/slack.file.viewer.FileViewerActivity} t17493})/@0xd054c16, leashParent=Surface(name=Task=17493)/@0x80dd41
07-26 11:59:27.174  1406  1429 D WindowManager: makeSurface duration=0 leash=Surface(name=Surface(name=ActivityRecord{133a724 u0 com.Slack/slack.file.viewer.FileViewerActivity} t17493})/@0xd054c16 - animation-leash of app_transition)/@0x7744997
07-26 11:59:27.175  1406  1429 D ActivityTaskManager: mStartingWindow and mStartingData is null for token=ActivityRecord{133a724 u0 com.Slack/slack.file.viewer.FileViewerActivity} t17493}
07-26 11:59:27.175  1406  1429 V WindowManager: performShowLocked: mDrawState=HAS_DRAWN in Window{ee749f2 u0 com.Slack/slack.file.viewer.FileViewerActivity}
07-26 11:59:27.176  1406  1425 I Pageboost: Launch time gathered : pid 19962 com.Slack 171
07-26 11:59:27.180  1406  1429 D ActivityTaskManager: mStartingWindow and mStartingData is null for token=ActivityRecord{133a724 u0 com.Slack/slack.file.viewer.FileViewerActivity} t17493}
07-26 11:59:27.612  1406  1429 I WindowManager: Reparenting to original parent: Surface(name=Task=17493)/@0x80dd41, destroy=true, surface=Surface(name=ActivityRecord{8e094e5 u0 com.Slack/slack.features.home.HomeActivity} t17493})/@0x1bf426a
07-26 11:59:27.613  1406  1429 V WindowManager: Setting visibility of Window{aad03db u0 com.Slack/slack.features.home.HomeActivity}: false, caller=com.android.server.wm.WindowContainer.sendAppVisibilityToClients:1246 com.android.server.wm.WindowToken.setClientVisible:431 com.android.server.wm.ActivityRecord.setClientVisible:7691 com.android.server.wm.ActivityRecord.onAnimationFinished:8590 com.android.server.wm.WindowContainer$$ExternalSyntheticLambda4.onAnimationFinished:2
07-26 11:59:27.613  1406  1429 I WindowManager: Reparenting to original parent: Surface(name=Task=17493)/@0x80dd41, destroy=true, surface=Surface(name=ActivityRecord{133a724 u0 com.Slack/slack.file.viewer.FileViewerActivity} t17493})/@0xd054c16
07-26 11:59:27.676  1406  4259 E WindowManager: win=Window{aad03db u0 com.Slack/slack.features.home.HomeActivity} destroySurfaces: appStopped=true cleanupOnResume=false win.mWindowRemovalAllowed=false win.mRemoveOnExit=false win.mViewVisibility=8 caller=com.android.server.wm.ActivityRecord.destroySurfaces:6539 com.android.server.wm.ActivityRecord.destroySurfaces:6520 com.android.server.wm.ActivityRecord.notifyAppStopped:6584 com.android.server.wm.ActivityRecord.activityStopped:7172 com.android.server.wm.ActivityClientController.activityStopped:269 android.app.IActivityClientController$Stub.onTransact:613 com.android.server.wm.ActivityClientController.onTransact:147
07-26 11:59:27.676  1406  4259 I WindowManager: Destroying surface Surface(name=com.Slack/slack.features.home.HomeActivity$_19962)/@0xacfd9b4 called by com.android.server.wm.WindowStateAnimator.destroySurface:942 com.android.server.wm.WindowStateAnimator.destroySurfaceLocked:536 com.android.server.wm.WindowState.destroySurfaceUnchecked:4309 com.android.server.wm.WindowState.destroySurface:4283 com.android.server.wm.ActivityRecord.destroySurfaces:6539 com.android.server.wm.ActivityRecord.destroySurfaces:6520 com.android.server.wm.ActivityRecord.notifyAppStopped:6584 com.android.server.wm.ActivityRecord.activityStopped:7172
07-26 11:59:27.677  1406  4259 D ActivityTaskManager: mStartingWindow and mStartingData is null for token=ActivityRecord{8e094e5 u0 com.Slack/slack.features.home.HomeActivity} t17493}
07-26 11:59:27.762  1406  1428 D SGM:GameManager: identifyForegroundApp. com.Slack, mCurrentUserId: 0, callerUserId: 0
07-26 11:59:27.762  1406  1428 D SGM:PkgDataHelper: getGamePkgData(). com.Slack
07-26 11:59:28.444  1406  1426 D WindowManager: requestTransientBars: swipeTarget=Window{3c0fa02 u0 StatusBar}, controlTarget=Window{ee749f2 u0 com.Slack/slack.file.viewer.FileViewerActivity}, canShowTransient=false, restorePositionTypes=0x3, from=com.android.server.wm.DisplayPolicy.-$$Nest$mrequestTransientBars:0 com.android.server.wm.DisplayPolicy$1.onSwipeFromTop:597
07-26 11:59:28.489  1406  1406 D SGM:GameManager: identifyGamePackage. com.Slack, mCurrentUserId: 0, callerUserId: 0, callingMethodInfo: com.android.server.ssrm.fgapps.GameAppUtils.isGame(GameAppUtils.java:84)
07-26 11:59:28.489  1406  1406 D SGM:PkgDataHelper: getGamePkgData(). com.Slack
07-26 11:59:28.490  1406  1406 D SGM:GameManager: identifyGamePackage. com.Slack, mCurrentUserId: 0, callerUserId: 0, callingMethodInfo: com.android.server.ssrm.fgapps.GameAppUtils.isGame(GameAppUtils.java:84)
07-26 11:59:28.490  1406  1406 D SGM:PkgDataHelper: getGamePkgData(). com.Slack
07-26 11:59:28.545  1406  4259 V WindowManager: Changing focus from Window{ee749f2 u0 com.Slack/slack.file.viewer.FileViewerActivity} to Window{e6ff647 u0 NotificationShade} displayId=0 Callers=com.android.server.wm.RootWindowContainer.updateFocusedWindowLocked:595 com.android.server.wm.WindowManagerService.updateFocusedWindowLocked:6810 com.android.server.wm.WindowManagerService.relayoutWindow:2820 com.android.server.wm.Session.relayout:274
07-26 11:59:28.548  1406  4259 D WindowManager: updateSystemBarAttributes: displayId=0, win=Window{e6ff647 u0 NotificationShade}, navColorWin=Window{ee749f2 u0 com.Slack/slack.file.viewer.FileViewerActivity}, focusedCanBeNavColorWin=false, behavior=2, appearance=0, statusBarAppearanceRegions=[AppearanceRegion{ bounds=[0,0][720,1600]}], requestedVisibilities=ITYPE_NAVIGATION_BAR: visible, ITYPE_IME: invisible, ITYPE_EXTRA_NAVIGATION_BAR: visible, ITYPE_LOCAL_NAVIGATION_BAR_1: visible, ITYPE_LOCAL_NAVIGATION_BAR_2: visible, from=com.android.server.wm.DisplayPolicy.focusChangedLw:3247 com.android.server.wm.DisplayContent.updateFocusedWindowLocked:4632 com.android.server.wm.RootWindowContainer.updateFocusedWindowLocked:595
07-26 11:59:28.774  1406  1406 D SGM:GameManager: identifyGamePackage. com.Slack, mCurrentUserId: 0, callerUserId: 0, callingMethodInfo: com.android.server.ssrm.fgapps.GameAppUtils.isGame(GameAppUtils.java:84)
07-26 11:59:28.774  1406  1406 D SGM:PkgDataHelper: getGamePkgData(). com.Slack
07-26 11:59:28.775  1406  1406 D SGM:GameManager: identifyGamePackage. com.Slack, mCurrentUserId: 0, callerUserId: 0, callingMethodInfo: com.android.server.ssrm.fgapps.GameAppUtils.isGame(GameAppUtils.java:84)
07-26 11:59:28.775  1406  1406 D SGM:PkgDataHelper: getGamePkgData(). com.Slack
07-26 11:59:30.053  1406  4317 D ActivityTaskManager: scheduleTopResumedActivityChanged, onTop=false r=ActivityRecord{133a724 u0 com.Slack/slack.file.viewer.FileViewerActivity} t17493} caller=com.android.server.wm.ActivityTaskSupervisor.updateTopResumedActivityIfNeeded:2510 com.android.server.wm.TaskDisplayArea.positionChildTaskAt:602 com.android.server.wm.TaskDisplayArea.positionChildAt:537 com.android.server.wm.Task.moveToFrontInner:6053 com.android.server.wm.Task.moveToFront:6019 com.android.server.wm.ActivityStarter.startActivityInner:2924
07-26 11:59:30.082  1406  1428 D SGM:FgCheckThread: notePauseComponent(), received pkgName: com.Slack, userId: 0
07-26 11:59:30.114  1406  4173 D WindowManager: updateSystemBarAttributes: displayId=0, win=Window{ee749f2 u0 com.Slack/slack.file.viewer.FileViewerActivity}, navColorWin=Window{ee749f2 u0 com.Slack/slack.file.viewer.FileViewerActivity}, focusedCanBeNavColorWin=false, behavior=1, appearance=0, statusBarAppearanceRegions=[AppearanceRegion{ bounds=[0,0][720,1600]}], requestedVisibilities=, from=com.android.server.wm.DisplayPolicy.focusChangedLw:3247 com.android.server.wm.DisplayContent.updateFocusedWindowLocked:4632 com.android.server.wm.RootWindowContainer.updateFocusedWindowLocked:595
07-26 11:59:30.651  1406  1429 V WindowManager: Setting visibility of Window{ee749f2 u0 com.Slack/slack.file.viewer.FileViewerActivity}: false, caller=com.android.server.wm.WindowContainer.sendAppVisibilityToClients:1246 com.android.server.wm.WindowToken.setClientVisible:431 com.android.server.wm.ActivityRecord.setClientVisible:7691 com.android.server.wm.ActivityRecord.onAnimationFinished:8590 com.android.server.wm.WindowContainer.doAnimationFinished:3483
07-26 11:59:30.812  1406  4932 E WindowManager: win=Window{ee749f2 u0 com.Slack/slack.file.viewer.FileViewerActivity} destroySurfaces: appStopped=true cleanupOnResume=false win.mWindowRemovalAllowed=false win.mRemoveOnExit=false win.mViewVisibility=8 caller=com.android.server.wm.ActivityRecord.destroySurfaces:6539 com.android.server.wm.ActivityRecord.destroySurfaces:6520 com.android.server.wm.ActivityRecord.notifyAppStopped:6584 com.android.server.wm.ActivityRecord.activityStopped:7172 com.android.server.wm.ActivityClientController.activityStopped:269 android.app.IActivityClientController$Stub.onTransact:613 com.android.server.wm.ActivityClientController.onTransact:147
07-26 11:59:30.812  1406  4932 I WindowManager: Destroying surface Surface(name=com.Slack/slack.file.viewer.FileViewerActivity$_19962)/@0x6bcd457 called by com.android.server.wm.WindowStateAnimator.destroySurface:942 com.android.server.wm.WindowStateAnimator.destroySurfaceLocked:536 com.android.server.wm.WindowState.destroySurfaceUnchecked:4309 com.android.server.wm.WindowState.destroySurface:4283 com.android.server.wm.ActivityRecord.destroySurfaces:6539 com.android.server.wm.ActivityRecord.destroySurfaces:6520 com.android.server.wm.ActivityRecord.notifyAppStopped:6584 com.android.server.wm.ActivityRecord.activityStopped:7172
07-26 11:59:30.815  1406  4932 D ActivityTaskManager: mStartingWindow and mStartingData is null for token=ActivityRecord{133a724 u0 com.Slack/slack.file.viewer.FileViewerActivity} t17493}
07-26 11:59:33.181  1406  1406 D EdgeLightingPolicyManager.NotificationGroup: group key = 0|com.Slack|g:TUBAE2LK0 ,value= summary :  NotificationData { tag= null }  , child : 1key = 0|com.Slack|1517793336|null|10482 , value =  NotificationData { tag= null } , }
07-26 11:59:38.645  1406  1406 D EdgeLightingPolicyManager.NotificationGroup: group key = 0|com.Slack|g:TUBAE2LK0 ,value= summary :  NotificationData { tag= null }  , child : 1key = 0|com.Slack|1517793336|null|10482 , value =  NotificationData { tag= null } , }
07-26 11:59:39.155  1406  1406 D EdgeLightingPolicyManager.NotificationGroup: group key = 0|com.Slack|g:TUBAE2LK0 ,value= summary :  NotificationData { tag= null }  , child : 1key = 0|com.Slack|1517793336|null|10482 , value =  NotificationData { tag= null } , }
07-26 11:59:39.752  1406  1406 D EdgeLightingPolicyManager.NotificationGroup: group key = 0|com.Slack|g:TUBAE2LK0 ,value= summary :  NotificationData { tag= null }  , child : 1key = 0|com.Slack|1517793336|null|10482 , value =  NotificationData { tag= null } , }
07-26 11:59:40.291  1406  1406 D EdgeLightingPolicyManager.NotificationGroup: group key = 0|com.Slack|g:TUBAE2LK0 ,value= summary :  NotificationData { tag= null }  , child : 1key = 0|com.Slack|1517793336|null|10482 , value =  NotificationData { tag= null } , }
07-26 11:59:40.472  1406  1406 D EdgeLightingPolicyManager.NotificationGroup: group key = 0|com.Slack|g:TUBAE2LK0 ,value= summary :  NotificationData { tag= null }  , child : 1key = 0|com.Slack|1517793336|null|10482 , value =  NotificationData { tag= null } , }
07-26 11:59:41.294  1406  4278 D SGM:GameManager: identifyGamePackage. com.Slack, mCurrentUserId: 0, callerUserId: 0, callingMethodInfo: com.samsung.android.game.IGameManagerService$Stub.onTransact(IGameManagerService.java:233)
07-26 11:59:41.294  1406  4278 D SGM:PkgDataHelper: getGamePkgData(). com.Slack
07-26 11:59:41.301  1406  4278 D MARsPolicyManager: onPackageResumedFG pkgName = com.Slack, userId = 0
07-26 11:59:41.336  1406  4278 V WindowManager: Setting visibility of Window{ee749f2 u0 com.Slack/slack.file.viewer.FileViewerActivity}: true, caller=com.android.server.wm.WindowContainer.sendAppVisibilityToClients:1246 com.android.server.wm.WindowToken.setClientVisible:431 com.android.server.wm.ActivityRecord.setClientVisible:7691 com.android.server.wm.ActivityRecord.setVisibility:6091 com.android.server.wm.ActivityRecord.setVisibility:5984
07-26 11:59:41.337  1406  4278 D ActivityTaskManager: scheduleTopResumedActivityChanged, onTop=true r=ActivityRecord{133a724 u0 com.Slack/slack.file.viewer.FileViewerActivity} t17493} caller=com.android.server.wm.ActivityTaskSupervisor.scheduleTopResumedActivityStateIfNeeded:2535 com.android.server.wm.ActivityTaskSupervisor.updateTopResumedActivityIfNeeded:2527 com.android.server.wm.TaskFragment.setResumedActivity:493 com.android.server.wm.TaskFragment.onActivityStateChanged:805 com.android.server.wm.ActivityRecord.setState:6406 com.android.server.wm.TaskFragment.resumeTopActivity:1629
07-26 11:59:41.349  1406  4278 D SGM:FgCheckThread:   sendRunningComponentFocus(), pkgName: com.Slack, userId: 0
07-26 11:59:41.351  1406  1642 D SGM:FgCheckThread: onLooperPrepared(), msg: MSG_TASK_FOCUSED, pkgName: com.Slack, userId: 0
07-26 11:59:41.351  1406  1642 D SGM:FgCheckThread:   handleTaskFocused(), pkgName: com.Slack, userID:0 mResumedPkgMap does not containsKey.
07-26 11:59:41.404  1406  4278 D WindowManagerServiceExt: notifyOccludeChangeNotice: cn=ComponentInfo{com.Slack/slack.file.viewer.FileViewerActivity} occludesParent=true inMultiWindow=false styleFloating=false caller=com.android.server.wm.WindowManagerServiceExt.updateOccludeTargetIfNeeded:1402 com.android.server.wm.DisplayContent.ensureActivitiesVisible:7532 com.android.server.wm.RootWindowContainer.ensureActivitiesVisible:2248 com.android.server.wm.RootWindowContainer.ensureVisibilityAndConfig:2126 com.android.server.wm.TaskFragment.resumeTopActivity:1652
07-26 11:59:41.404  1406  4278 D WindowManager: rotationForOrientation, orientationSource=ActivityRecord{133a724 u0 com.Slack/slack.file.viewer.FileViewerActivity} t17493}
07-26 11:59:41.404  1406  4278 D WindowManager: rotationForOrientation, orientationSource=ActivityRecord{133a724 u0 com.Slack/slack.file.viewer.FileViewerActivity} t17493}
07-26 11:59:41.423  1406  4278 D WindowManager: rotationForOrientation, orientationSource=ActivityRecord{133a724 u0 com.Slack/slack.file.viewer.FileViewerActivity} t17493}
07-26 11:59:41.490  1406  2105 D MdnieScenarioControlService:  packageName : com.Slack    className : slack.file.viewer.FileViewerActivity
07-26 11:59:41.534  1406  2613 D WindowManager: makeSurface duration=2 name=com.Slack/slack.file.viewer.FileViewerActivity$_19962
07-26 11:59:41.537  1406  2613 V WindowManager: Changing focus from null to Window{ee749f2 u0 com.Slack/slack.file.viewer.FileViewerActivity} displayId=0 Callers=com.android.server.wm.RootWindowContainer.updateFocusedWindowLocked:595 com.android.server.wm.WindowManagerService.updateFocusedWindowLocked:6810 com.android.server.wm.WindowManagerService.relayoutWindow:2820 com.android.server.wm.Session.relayout:274
07-26 11:59:41.538  1406  2613 D MARsPolicyManager: onPackageResumedFG pkgName = com.Slack, userId = 0
07-26 11:59:41.542  1406  2613 D WindowManager: updateSystemBarAttributes: displayId=0, win=Window{ee749f2 u0 com.Slack/slack.file.viewer.FileViewerActivity}, navColorWin=Window{283004e u0 com.android.settings/com.android.settings.Settings$WifiSettingsActivity}, focusedCanBeNavColorWin=false, behavior=1, appearance=0, statusBarAppearanceRegions=[AppearanceRegion{ bounds=[0,0][720,1600]}], requestedVisibilities=, from=com.android.server.wm.DisplayPolicy.focusChangedLw:3247 com.android.server.wm.DisplayContent.updateFocusedWindowLocked:4632 com.android.server.wm.RootWindowContainer.updateFocusedWindowLocked:595
07-26 11:59:41.606  1406  1428 D SGM:GameManager: identifyGamePackage. com.Slack, mCurrentUserId: 0, callerUserId: 0, callingMethodInfo: com.android.server.ssrm.SortingMachine.isGame(SortingMachine.java:162)
07-26 11:59:41.606  1406  1428 D SGM:PkgDataHelper: getGamePkgData(). com.Slack
07-26 11:59:41.611  1406  1428 I GameSDK@LifeCycle: noteResumeComponent(): package name  : com.Slack
07-26 11:59:41.611  1406  1428 D SGM:FgCheckThread: noteResumeComponent(), received pkgName: com.Slack, userId: 0
07-26 11:59:41.611  1406  1642 D SGM:FgCheckThread: onLooperPrepared(), msg: MSG_APP_RESUME, pkgName: com.Slack, userid: 0
07-26 11:59:41.611  1406  1642 D SGM:FgCheckThread:   handleResume(). pkgName: com.Slack, userId: 0, isTunableApp: null
07-26 11:59:41.617  1406  1642 D SGM:FgCheckThread: notifyFocusInOut(). of pkg: com.Slack, type: 4, isTunableApp: false, userId: 0
07-26 11:59:41.635  1406  4278 D WindowManager: finishDrawingWindow: Window{ee749f2 u0 com.Slack/slack.file.viewer.FileViewerActivity} mDrawState=DRAW_PENDING seqId=0
07-26 11:59:41.671  1406  1429 D ActivityTaskManager: mStartingWindow and mStartingData is null for token=ActivityRecord{133a724 u0 com.Slack/slack.file.viewer.FileViewerActivity} t17493}
07-26 11:59:41.671  1406  1429 V WindowManager: performShowLocked: mDrawState=HAS_DRAWN in Window{ee749f2 u0 com.Slack/slack.file.viewer.FileViewerActivity}
07-26 11:59:41.717  1406  1429 D ActivityTaskManager: mStartingWindow and mStartingData is null for token=ActivityRecord{133a724 u0 com.Slack/slack.file.viewer.FileViewerActivity} t17493}
07-26 11:59:42.177  1406  2105 D MdnieScenarioControlService:  packageName : com.Slack    className : slack.file.viewer.FileViewerActivity
07-26 11:59:42.255  1406  1428 D SGM:GameManager: identifyForegroundApp. com.Slack, mCurrentUserId: 0, callerUserId: 0
07-26 11:59:42.255  1406  1428 D SGM:PkgDataHelper: getGamePkgData(). com.Slack
07-26 11:59:42.901  1406  4284 W JobScheduler: Job didn't exist in JobStore: 6fca33a #u0a482/16429 com.Slack/androidx.work.impl.background.systemjob.SystemJobService
07-26 11:59:42.902  1406  1406 D SGM:GameManager: identifyGamePackage. com.Slack, mCurrentUserId: 0, callerUserId: 0, callingMethodInfo: com.android.server.ssrm.fgapps.GameAppUtils.isGame(GameAppUtils.java:84)
07-26 11:59:42.903  1406  1406 D SGM:PkgDataHelper: getGamePkgData(). com.Slack
07-26 11:59:42.903  1406  1406 D SGM:GameManager: identifyGamePackage. com.Slack, mCurrentUserId: 0, callerUserId: 0, callingMethodInfo: com.android.server.ssrm.fgapps.GameAppUtils.isGame(GameAppUtils.java:84)
07-26 11:59:42.904  1406  1406 D SGM:PkgDataHelper: getGamePkgData(). com.Slack
07-26 11:59:42.916  1406  4278 W JobScheduler: Job didn't exist in JobStore: ad25a14 #u0a482/16440 com.Slack/androidx.work.impl.background.systemjob.SystemJobService
07-26 11:59:44.614  1406  4278 I ActivityTaskManager: START u0 {act=android.intent.action.VIEW dat=content://com.Slack.fileprovider/... typ=application/pdf flg=0x1 cmp=android/com.android.internal.app.ResolverActivity} from uid 10482
07-26 11:59:44.625  1406  4278 D ActivityTaskManager: TaskLaunchParamsModifier:task=Task{474ea6b #17493 type=standard A=10482:com.Slack U=0 visible=true visibleRequested=true mode=fullscreen translucent=false sz=2} activity=ActivityRecord{716a8df u0 android/com.android.internal.app.ResolverActivity} t-1} display-area-from-source=DefaultTaskDisplayArea@228092157 display-id=0 display-windowing-mode=1 suggested-display-area=DefaultTaskDisplayArea@228092157 inherit-from-source=fullscreen activity-options-fullscreen=Rect(0, 0 - 0, 0) non-freeform-display display-area=DefaultTaskDisplayArea@228092157 maximized-bounds
07-26 11:59:44.637  1406  4278 D ActivityTaskManager: scheduleTopResumedActivityChanged, onTop=false r=ActivityRecord{133a724 u0 com.Slack/slack.file.viewer.FileViewerActivity} t17493} caller=com.android.server.wm.ActivityTaskSupervisor.updateTopResumedActivityIfNeeded:2510 com.android.server.wm.TaskFragment.setResumedActivity:493 com.android.server.wm.TaskFragment.onActivityStateChanged:790 com.android.server.wm.ActivityRecord.setState:6406 com.android.server.wm.TaskFragment.startPausing:1880 com.android.server.wm.TaskFragment.startPausing:1817
07-26 11:59:44.653  1406  1428 D SGM:FgCheckThread: notePauseComponent(), received pkgName: com.Slack, userId: 0
07-26 11:59:44.738  1406  4278 D WindowManager: rotationForOrientation, orientationSource=ActivityRecord{133a724 u0 com.Slack/slack.file.viewer.FileViewerActivity} t17493}
07-26 11:59:44.749  1406  4278 V WindowManager: Changing focus from Window{ee749f2 u0 com.Slack/slack.file.viewer.FileViewerActivity} to null displayId=0 Callers=com.android.server.wm.RootWindowContainer.updateFocusedWindowLocked:595 com.android.server.wm.WindowManagerService.updateFocusedWindowLocked:6810 com.android.server.wm.ActivityTaskManagerService.setResumedActivityUncheckLocked:5766 com.android.server.wm.TaskFragment.onActivityStateChanged:807
07-26 11:59:44.749  1406  4278 D MARsPolicyManager: onPackageResumedFG pkgName = com.Slack, userId = 0
07-26 11:59:44.781  1406  2613 D SGM:GameManager: identifyForegroundApp. com.Slack, mCurrentUserId: 0, callerUserId: 0
07-26 11:59:44.781  1406  2613 D SGM:PkgDataHelper: getGamePkgData(). com.Slack
07-26 11:59:45.242  1406  1429 I WindowManager: Reparenting to leash, surface=Surface(name=a6f5cea Downloading)/@0x86c118d, leashParent=Surface(name=ActivityRecord{133a724 u0 com.Slack/slack.file.viewer.FileViewerActivity} t17493})/@0xd054c16
07-26 11:59:45.251  1406  1429 D ActivityTaskManager: mStartingWindow and mStartingData is null for token=ActivityRecord{133a724 u0 com.Slack/slack.file.viewer.FileViewerActivity} t17493}
07-26 11:59:45.465  1406  1429 I WindowManager: Reparenting to original parent: Surface(name=ActivityRecord{133a724 u0 com.Slack/slack.file.viewer.FileViewerActivity} t17493})/@0xd054c16, destroy=true, surface=Surface(name=a6f5cea Downloading)/@0x86c118d
07-26 11:59:46.914  1406  1428 D SGM:GameManager: identifyForegroundApp. com.Slack, mCurrentUserId: 0, callerUserId: 0
07-26 11:59:46.914  1406  1428 D SGM:PkgDataHelper: getGamePkgData(). com.Slack
07-26 11:59:48.569  1406  1426 D WindowManager: rotationForOrientation, orientationSource=ActivityRecord{133a724 u0 com.Slack/slack.file.viewer.FileViewerActivity} t17493}
07-26 11:59:48.842  1406  1649 I ActivityTaskManager: START u0 {act=android.intent.action.VIEW dat=content://com.Slack.fileprovider/... typ=application/pdf flg=0x3000001 cmp=com.google.android.apps.docs/com.google.android.apps.viewer.PdfViewerActivity} from uid 10482
07-26 11:59:48.965  1406  1406 D EdgeLightingPolicyManager.NotificationGroup: group key = 0|com.Slack|g:TUBAE2LK0 ,value= summary :  NotificationData { tag= null }  , child : 1key = 0|com.Slack|1517793336|null|10482 , value =  NotificationData { tag= null } , }
07-26 11:59:49.069  1406  1406 D EdgeLightingPolicyManager.NotificationGroup: group key = 0|com.Slack|g:TUBAE2LK0 ,value= summary :  NotificationData { tag= null }  , child : 1key = 0|com.Slack|1517793336|null|10482 , value =  NotificationData { tag= null } , }
07-26 11:59:49.749  1406  1429 V WindowManager: Setting visibility of Window{ee749f2 u0 com.Slack/slack.file.viewer.FileViewerActivity}: false, caller=com.android.server.wm.WindowContainer.sendAppVisibilityToClients:1246 com.android.server.wm.WindowToken.setClientVisible:431 com.android.server.wm.ActivityRecord.setClientVisible:7691 com.android.server.wm.ActivityRecord.onAnimationFinished:8590 com.android.server.wm.WindowContainer.doAnimationFinished:3483
07-26 11:59:51.185  1406  2613 E WindowManager: win=Window{ee749f2 u0 com.Slack/slack.file.viewer.FileViewerActivity} destroySurfaces: appStopped=true cleanupOnResume=false win.mWindowRemovalAllowed=false win.mRemoveOnExit=false win.mViewVisibility=8 caller=com.android.server.wm.ActivityRecord.destroySurfaces:6539 com.android.server.wm.ActivityRecord.destroySurfaces:6520 com.android.server.wm.ActivityRecord.notifyAppStopped:6584 com.android.server.wm.ActivityRecord.activityStopped:7172 com.android.server.wm.ActivityClientController.activityStopped:269 android.app.IActivityClientController$Stub.onTransact:613 com.android.server.wm.ActivityClientController.onTransact:147
07-26 11:59:51.185  1406  2613 I WindowManager: Destroying surface Surface(name=com.Slack/slack.file.viewer.FileViewerActivity$_19962)/@0x20236be called by com.android.server.wm.WindowStateAnimator.destroySurface:942 com.android.server.wm.WindowStateAnimator.destroySurfaceLocked:536 com.android.server.wm.WindowState.destroySurfaceUnchecked:4309 com.android.server.wm.WindowState.destroySurface:4283 com.android.server.wm.ActivityRecord.destroySurfaces:6539 com.android.server.wm.ActivityRecord.destroySurfaces:6520 com.android.server.wm.ActivityRecord.notifyAppStopped:6584 com.android.server.wm.ActivityRecord.activityStopped:7172
07-26 11:59:51.186  1406  2613 D ActivityTaskManager: mStartingWindow and mStartingData is null for token=ActivityRecord{133a724 u0 com.Slack/slack.file.viewer.FileViewerActivity} t17493}
07-26 11:59:58.684  1406  2063 D WindowManager: onAnimationFinished(): targetRootTask=Task{f610b02 #1 type=home ?? U=0 visible=false visibleRequested=true mode=fullscreen translucent=false sz=1} targetActivity=ActivityRecord{c471638 u0 com.sec.android.app.launcher/.activities.LauncherActivity} t7} mRestoreTargetBehindRootTask=Task{474ea6b #17493 type=standard A=10482:com.Slack U=0 visible=false visibleRequested=false mode=fullscreen translucent=true sz=2}
07-26 12:00:07.275  1406  1406 D EdgeLightingPolicyManager.NotificationGroup: group key = 0|com.Slack|g:TUBAE2LK0 ,value= summary :  NotificationData { tag= null }  , child : 1key = 0|com.Slack|1517793336|null|10482 , value =  NotificationData { tag= null } , }
07-26 12:00:18.172  1406  1589 I UMR     : B|Compact com.Slack(19962)
07-26 12:00:52.848  1406  1406 D EdgeLightingPolicyManager.NotificationGroup: group key = 0|com.Slack|g:TUBAE2LK0 ,value= summary :  NotificationData { tag= null }  , child : 1key = 0|com.Slack|1517793336|null|10482 , value =  NotificationData { tag= null } , }
07-26 12:02:20.328  1406  1406 D EdgeLightingPolicyManager.NotificationGroup: group key = 0|com.Slack|g:TUBAE2LK0 ,value= summary :  NotificationData { tag= null }  , child : 1key = 0|com.Slack|1517793336|null|10482 , value =  NotificationData { tag= null } , }
07-26 12:02:20.415  1406  1406 D EdgeLightingPolicyManager.NotificationGroup: group key = 0|com.Slack|g:TUBAE2LK0 ,value= summary :  NotificationData { tag= null }  , child : 1key = 0|com.Slack|1517793336|null|10482 , value =  NotificationData { tag= null } , }
07-26 12:03:58.647  1406  1406 D EdgeLightingPolicyManager.NotificationGroup: group key = 0|com.Slack|g:TUBAE2LK0 ,value= summary :  NotificationData { tag= null }  , child : 1key = 0|com.Slack|1517793336|null|10482 , value =  NotificationData { tag= null } , }
07-26 12:03:58.766  1406  1406 D EdgeLightingPolicyManager.NotificationGroup: group key = 0|com.Slack|g:TUBAE2LK0 ,value= summary :  NotificationData { tag= null }  , child : 1key = 0|com.Slack|1517793336|null|10482 , value =  NotificationData { tag= null } , }
07-26 12:04:40.577  1406  1406 D EdgeLightingPolicyManager.NotificationGroup: group key = 0|com.Slack|g:TUBAE2LK0 ,value= summary :  NotificationData { tag= null }  , child : 1key = 0|com.Slack|1517793336|null|10482 , value =  NotificationData { tag= null } , }
07-26 12:04:40.774  1406  1406 D EdgeLightingPolicyManager.NotificationGroup: group key = 0|com.Slack|g:TUBAE2LK0 ,value= summary :  NotificationData { tag= null }  , child : 1key = 0|com.Slack|1517793336|null|10482 , value =  NotificationData { tag= null } , }
07-26 12:04:45.223  1406  1406 D EdgeLightingPolicyManager.NotificationGroup: group key = 0|com.Slack|g:TUBAE2LK0 ,value= summary :  NotificationData { tag= null }  , child : 1key = 0|com.Slack|1517793336|null|10482 , value =  NotificationData { tag= null } , }
07-26 12:04:45.550  1406  1406 D EdgeLightingPolicyManager.NotificationGroup: group key = 0|com.Slack|g:TUBAE2LK0 ,value= summary :  NotificationData { tag= null }  , child : 1key = 0|com.Slack|1517793336|null|10482 , value =  NotificationData { tag= null } , }
07-26 12:04:55.107  1406  1406 D EdgeLightingPolicyManager.NotificationGroup: group key = 0|com.Slack|g:TUBAE2LK0 ,value= summary :  NotificationData { tag= null }  , child : 1key = 0|com.Slack|1517793336|null|10482 , value =  NotificationData { tag= null } , }
07-26 12:04:59.244  1406  1406 D EdgeLightingPolicyManager.NotificationGroup: group key = 0|com.Slack|g:TUBAE2LK0 ,value= summary :  NotificationData { tag= null }  , child : 1key = 0|com.Slack|1517793336|null|10482 , value =  NotificationData { tag= null } , }
07-26 12:06:16.558  1406  1406 D EdgeLightingPolicyManager.NotificationGroup: group key = 0|com.Slack|g:TUBAE2LK0 ,value= summary :  NotificationData { tag= null }  , child : 1key = 0|com.Slack|1517793336|null|10482 , value =  NotificationData { tag= null } , }
07-26 12:06:16.599  1406  1406 D EdgeLightingPolicyManager.NotificationGroup: group key = 0|com.Slack|g:TUBAE2LK0 ,value= summary :  NotificationData { tag= null }  , child : 1key = 0|com.Slack|1517793336|null|10482 , value =  NotificationData { tag= null } , }
07-26 12:06:16.644  1406  1406 D EdgeLightingPolicyManager.NotificationGroup: group key = 0|com.Slack|g:TUBAE2LK0 ,value= summary :  NotificationData { tag= null }  , child : 1key = 0|com.Slack|1517793336|null|10482 , value =  NotificationData { tag= null } , }
07-26 12:06:16.701  1406  1406 D EdgeLightingPolicyManager.NotificationGroup: group key = 0|com.Slack|g:TUBAE2LK0 ,value= summary :  NotificationData { tag= null }  , child : 1key = 0|com.Slack|1517793336|null|10482 , value =  NotificationData { tag= null } , }
07-26 12:06:16.733  1406  1406 D EdgeLightingPolicyManager.NotificationGroup: group key = 0|com.Slack|g:TUBAE2LK0 ,value= summary :  NotificationData { tag= null }  , child : 1key = 0|com.Slack|1517793336|null|10482 , value =  NotificationData { tag= null } , }
07-26 12:06:16.789  1406  1406 D EdgeLightingPolicyManager.NotificationGroup: group key = 0|com.Slack|g:TUBAE2LK0 ,value= summary :  NotificationData { tag= null }  , child : 1key = 0|com.Slack|1517793336|null|10482 , value =  NotificationData { tag= null } , }
07-26 12:06:16.883  1406  1406 D EdgeLightingPolicyManager.NotificationGroup: group key = 0|com.Slack|g:TUBAE2LK0 ,value= summary :  NotificationData { tag= null }  , child : 1key = 0|com.Slack|1517793336|null|10482 , value =  NotificationData { tag= null } , }
07-26 12:06:17.234  1406  1406 D EdgeLightingPolicyManager.NotificationGroup: group key = 0|com.Slack|g:TUBAE2LK0 ,value= summary :  NotificationData { tag= null }  , child : 1key = 0|com.Slack|1517793336|null|10482 , value =  NotificationData { tag= null } , }
07-26 12:06:21.082  1406  1406 D EdgeLightingPolicyManager.NotificationGroup: group key = 0|com.Slack|g:TUBAE2LK0 ,value= summary :  NotificationData { tag= null }  , child : 1key = 0|com.Slack|1517793336|null|10482 , value =  NotificationData { tag= null } , }
07-26 12:08:55.340  1406  1406 D EdgeLightingPolicyManager.NotificationGroup: group key = 0|com.Slack|g:TUBAE2LK0 ,value= summary :  NotificationData { tag= null }  , child : 1key = 0|com.Slack|1517793336|null|10482 , value =  NotificationData { tag= null } , }
07-26 12:08:55.366  1406  1406 D EdgeLightingPolicyManager.NotificationGroup: group key = 0|com.Slack|g:TUBAE2LK0 ,value= summary :  NotificationData { tag= null }  , child : 1key = 0|com.Slack|1517793336|null|10482 , value =  NotificationData { tag= null } , }
07-26 12:08:55.423  1406  1406 D EdgeLightingPolicyManager.NotificationGroup: group key = 0|com.Slack|g:TUBAE2LK0 ,value= summary :  NotificationData { tag= null }  , child : 1key = 0|com.Slack|1517793336|null|10482 , value =  NotificationData { tag= null } , }
07-26 12:08:55.457  1406  1406 D EdgeLightingPolicyManager.NotificationGroup: group key = 0|com.Slack|g:TUBAE2LK0 ,value= summary :  NotificationData { tag= null }  , child : 1key = 0|com.Slack|1517793336|null|10482 , value =  NotificationData { tag= null } , }
07-26 12:08:55.505  1406  1406 D EdgeLightingPolicyManager.NotificationGroup: group key = 0|com.Slack|g:TUBAE2LK0 ,value= summary :  NotificationData { tag= null }  , child : 1key = 0|com.Slack|1517793336|null|10482 , value =  NotificationData { tag= null } , }
07-26 12:08:55.559  1406  1406 D EdgeLightingPolicyManager.NotificationGroup: group key = 0|com.Slack|g:TUBAE2LK0 ,value= summary :  NotificationData { tag= null }  , child : 1key = 0|com.Slack|1517793336|null|10482 , value =  NotificationData { tag= null } , }
07-26 12:08:55.659  1406  1406 D EdgeLightingPolicyManager.NotificationGroup: group key = 0|com.Slack|g:TUBAE2LK0 ,value= summary :  NotificationData { tag= null }  , child : 1key = 0|com.Slack|1517793336|null|10482 , value =  NotificationData { tag= null } , }
07-26 12:10:13.941  1406  1406 D EdgeLightingPolicyManager.NotificationGroup: group key = 0|com.Slack|g:TUBAE2LK0 ,value= summary :  NotificationData { tag= null }  , child : 1key = 0|com.Slack|1517793336|null|10482 , value =  NotificationData { tag= null } , }
07-26 12:10:18.192  1406  1406 D EdgeLightingPolicyManager.NotificationGroup: group key = 0|com.Slack|g:TUBAE2LK0 ,value= summary :  NotificationData { tag= null }  , child : 1key = 0|com.Slack|1517793336|null|10482 , value =  NotificationData { tag= null } , }
07-26 12:10:24.348  1406  1406 D EdgeLightingPolicyManager.NotificationGroup: group key = 0|com.Slack|g:TUBAE2LK0 ,value= summary :  NotificationData { tag= null }  , child : 1key = 0|com.Slack|1517793336|null|10482 , value =  NotificationData { tag= null } , }
07-26 12:10:26.050  1406  1406 D EdgeLightingPolicyManager.NotificationGroup: group key = 0|com.Slack|g:TUBAE2LK0 ,value= summary :  NotificationData { tag= null }  , child : 1key = 0|com.Slack|1517793336|null|10482 , value =  NotificationData { tag= null } , }
07-26 12:10:28.534  1406  1406 D EdgeLightingPolicyManager.NotificationGroup: group key = 0|com.Slack|g:TUBAE2LK0 ,value= summary :  NotificationData { tag= null }  , child : 1key = 0|com.Slack|1517793336|null|10482 , value =  NotificationData { tag= null } , }
07-26 12:10:32.147  1406  1406 D EdgeLightingPolicyManager.NotificationGroup: group key = 0|com.Slack|g:TUBAE2LK0 ,value= summary :  NotificationData { tag= null }  , child : 1key = 0|com.Slack|1517793336|null|10482 , value =  NotificationData { tag= null } , }
07-26 12:10:33.735  1406  1406 D EdgeLightingPolicyManager.NotificationGroup: group key = 0|com.Slack|g:TUBAE2LK0 ,value= summary :  NotificationData { tag= null }  , child : 1key = 0|com.Slack|1517793336|null|10482 , value =  NotificationData { tag= null } , }
07-26 12:10:33.912  1406  1406 D EdgeLightingPolicyManager.NotificationGroup: group key = 0|com.Slack|g:TUBAE2LK0 ,value= summary :  NotificationData { tag= null }  , child : 1key = 0|com.Slack|1517793336|null|10482 , value =  NotificationData { tag= null } , }
07-26 12:10:35.385  1406  1406 D EdgeLightingPolicyManager.NotificationGroup: group key = 0|com.Slack|g:TUBAE2LK0 ,value= summary :  NotificationData { tag= null }  , child : 1key = 0|com.Slack|1517793336|null|10482 , value =  NotificationData { tag= null } , }
07-26 12:10:47.501  1406  1406 D EdgeLightingPolicyManager.NotificationGroup: group key = 0|com.Slack|g:TUBAE2LK0 ,value= summary :  NotificationData { tag= null }  , child : 1key = 0|com.Slack|1517793336|null|10482 , value =  NotificationData { tag= null } , }
07-26 12:11:37.569  1406  1406 D EdgeLightingPolicyManager.NotificationGroup: group key = 0|com.Slack|g:TUBAE2LK0 ,value= summary :  NotificationData { tag= null }  , child : 1key = 0|com.Slack|1517793336|null|10482 , value =  NotificationData { tag= null } , }
07-26 12:11:53.233  1406  1406 D EdgeLightingPolicyManager.NotificationGroup: group key = 0|com.Slack|g:TUBAE2LK0 ,value= summary :  NotificationData { tag= null }  , child : 1key = 0|com.Slack|1517793336|null|10482 , value =  NotificationData { tag= null } , }
07-26 12:12:13.876  1406  1406 D EdgeLightingPolicyManager.NotificationGroup: group key = 0|com.Slack|g:TUBAE2LK0 ,value= summary :  NotificationData { tag= null }  , child : 1key = 0|com.Slack|1517793336|null|10482 , value =  NotificationData { tag= null } , }
07-26 12:12:39.264  1406  1406 D EdgeLightingPolicyManager.NotificationGroup: group key = 0|com.Slack|g:TUBAE2LK0 ,value= summary :  NotificationData { tag= null }  , child : 1key = 0|com.Slack|1517793336|null|10482 , value =  NotificationData { tag= null } , }
07-26 12:12:39.510  1406  1406 D EdgeLightingPolicyManager.NotificationGroup: group key = 0|com.Slack|g:TUBAE2LK0 ,value= summary :  NotificationData { tag= null }  , child : 1key = 0|com.Slack|1517793336|null|10482 , value =  NotificationData { tag= null } , }
07-26 12:12:43.667  1406  1406 D EdgeLightingPolicyManager.NotificationGroup: group key = 0|com.Slack|g:TUBAE2LK0 ,value= summary :  NotificationData { tag= null }  , child : 1key = 0|com.Slack|1517793336|null|10482 , value =  NotificationData { tag= null } , }
07-26 12:12:52.205  1406  1406 D EdgeLightingPolicyManager.NotificationGroup: group key = 0|com.Slack|g:TUBAE2LK0 ,value= summary :  NotificationData { tag= null }  , child : 1key = 0|com.Slack|1517793336|null|10482 , value =  NotificationData { tag= null } , }
07-26 12:12:52.487  1406  1406 D EdgeLightingPolicyManager.NotificationGroup: group key = 0|com.Slack|g:TUBAE2LK0 ,value= summary :  NotificationData { tag= null }  , child : 1key = 0|com.Slack|1517793336|null|10482 , value =  NotificationData { tag= null } , }
07-26 12:13:14.311  1406  1406 D EdgeLightingPolicyManager.NotificationGroup: group key = 0|com.Slack|g:TUBAE2LK0 ,value= summary :  NotificationData { tag= null }  , child : 1key = 0|com.Slack|1517793336|null|10482 , value =  NotificationData { tag= null } , }
07-26 12:13:40.794  1406  1406 D EdgeLightingPolicyManager.NotificationGroup: group key = 0|com.Slack|g:TUBAE2LK0 ,value= summary :  NotificationData { tag= null }  , child : 1key = 0|com.Slack|1517793336|null|10482 , value =  NotificationData { tag= null } , }
07-26 12:13:59.049  1406  1406 D EdgeLightingPolicyManager.NotificationGroup: group key = 0|com.Slack|g:TUBAE2LK0 ,value= summary :  NotificationData { tag= null }  , child : 1key = 0|com.Slack|1517793336|null|10482 , value =  NotificationData { tag= null } , }
07-26 12:14:49.836  1406  1406 D EdgeLightingPolicyManager.NotificationGroup: group key = 0|com.Slack|g:TUBAE2LK0 ,value= summary :  NotificationData { tag= null }  , child : 1key = 0|com.Slack|1517793336|null|10482 , value =  NotificationData { tag= null } , }
07-26 12:15:36.392  1406  1406 D EdgeLightingPolicyManager.NotificationGroup: group key = 0|com.Slack|g:TUBAE2LK0 ,value= summary :  NotificationData { tag= null }  , child : 1key = 0|com.Slack|1517793336|null|10482 , value =  NotificationData { tag= null } , }
07-26 12:15:49.950  1406  1406 D EdgeLightingPolicyManager.NotificationGroup: group key = 0|com.Slack|g:TUBAE2LK0 ,value= summary :  NotificationData { tag= null }  , child : 1key = 0|com.Slack|1517793336|null|10482 , value =  NotificationData { tag= null } , }
07-26 12:15:50.210  1406  1406 D EdgeLightingPolicyManager.NotificationGroup: group key = 0|com.Slack|g:TUBAE2LK0 ,value= summary :  NotificationData { tag= null }  , child : 1key = 0|com.Slack|1517793336|null|10482 , value =  NotificationData { tag= null } , }
07-26 12:15:57.128  1406  1406 D EdgeLightingPolicyManager.NotificationGroup: group key = 0|com.Slack|g:TUBAE2LK0 ,value= summary :  NotificationData { tag= null }  , child : 1key = 0|com.Slack|1517793336|null|10482 , value =  NotificationData { tag= null } , }
07-26 12:16:16.384  1406  1406 D EdgeLightingPolicyManager.NotificationGroup: group key = 0|com.Slack|g:TUBAE2LK0 ,value= summary :  NotificationData { tag= null }  , child : 1key = 0|com.Slack|1517793336|null|10482 , value =  NotificationData { tag= null } , }
07-26 12:16:16.452  1406  1406 D EdgeLightingPolicyManager.NotificationGroup: group key = 0|com.Slack|g:TUBAE2LK0 ,value= summary :  NotificationData { tag= null }  , child : 1key = 0|com.Slack|1517793336|null|10482 , value =  NotificationData { tag= null } , }
07-26 12:16:16.505  1406  1406 D EdgeLightingPolicyManager.NotificationGroup: group key = 0|com.Slack|g:TUBAE2LK0 ,value= summary :  NotificationData { tag= null }  , child : 1key = 0|com.Slack|1517793336|null|10482 , value =  NotificationData { tag= null } , }
07-26 12:16:16.550  1406  1406 D EdgeLightingPolicyManager.NotificationGroup: group key = 0|com.Slack|g:TUBAE2LK0 ,value= summary :  NotificationData { tag= null }  , child : 1key = 0|com.Slack|1517793336|null|10482 , value =  NotificationData { tag= null } , }
07-26 12:16:16.606  1406  1406 D EdgeLightingPolicyManager.NotificationGroup: group key = 0|com.Slack|g:TUBAE2LK0 ,value= summary :  NotificationData { tag= null }  , child : 1key = 0|com.Slack|1517793336|null|10482 , value =  NotificationData { tag= null } , }
07-26 12:16:16.654  1406  1406 D EdgeLightingPolicyManager.NotificationGroup: group key = 0|com.Slack|g:TUBAE2LK0 ,value= summary :  NotificationData { tag= null }  , child : 1key = 0|com.Slack|1517793336|null|10482 , value =  NotificationData { tag= null } , }
07-26 12:16:16.692  1406  1406 D EdgeLightingPolicyManager.NotificationGroup: group key = 0|com.Slack|g:TUBAE2LK0 ,value= summary :  NotificationData { tag= null }  , child : 1key = 0|com.Slack|1517793336|null|10482 , value =  NotificationData { tag= null } , }
07-26 12:16:20.663  1406  1406 D EdgeLightingPolicyManager.NotificationGroup: group key = 0|com.Slack|g:TUBAE2LK0 ,value= summary :  NotificationData { tag= null }  , child : 1key = 0|com.Slack|1517793336|null|10482 , value =  NotificationData { tag= null } , }
07-26 12:16:20.697  1406  1406 D EdgeLightingPolicyManager.NotificationGroup: group key = 0|com.Slack|g:TUBAE2LK0 ,value= summary :  NotificationData { tag= null }  , child : 1key = 0|com.Slack|1517793336|null|10482 , value =  NotificationData { tag= null } , }
07-26 12:16:20.786  1406  1406 D EdgeLightingPolicyManager.NotificationGroup: group key = 0|com.Slack|g:TUBAE2LK0 ,value= summary :  NotificationData { tag= null }  , child : 1key = 0|com.Slack|1517793336|null|10482 , value =  NotificationData { tag= null } , }
07-26 12:16:20.819  1406  1406 D EdgeLightingPolicyManager.NotificationGroup: group key = 0|com.Slack|g:TUBAE2LK0 ,value= summary :  NotificationData { tag= null }  , child : 1key = 0|com.Slack|1517793336|null|10482 , value =  NotificationData { tag= null } , }
